Component: Arm Compiler for Embedded 6.24 Tool: armlink [5f371500]

==============================================================================

Section Cross References

    main.o(.text.WR_IncTik) refers to main.o(.bss.uwTick) for uwTick
    main.o(.ARM.exidx.text.WR_IncTik) refers to main.o(.text.WR_IncTik) for [Anonymous Symbol]
    main.o(.text.WR_GetTick) refers to main.o(.bss.uwTick) for uwTick
    main.o(.ARM.exidx.text.WR_GetTick) refers to main.o(.text.WR_GetTick) for [Anonymous Symbol]
    main.o(.text.WR_Delay) refers to main.o(.text.WR_GetTick) for WR_GetTick
    main.o(.ARM.exidx.text.WR_Delay) refers to main.o(.text.WR_Delay) for [Anonymous Symbol]
    main.o(.text.SysTick_Handler) refers to main.o(.text.WR_IncTik) for WR_IncTik
    main.o(.ARM.exidx.text.SysTick_Handler) refers to main.o(.text.SysTick_Handler) for [Anonymous Symbol]
    main.o(.ARM.exidx.text.assert_failed) refers to main.o(.text.assert_failed) for [Anonymous Symbol]
    empty.o(.text.main) refers to ti_msp_dl_config.o(.text.SYSCFG_DL_init) for SYSCFG_DL_init
    empty.o(.text.main) refers to empty.o(.text.DL_WWDT_disablePower) for DL_WWDT_disablePower
    empty.o(.text.main) refers to ui_app.o(.text.UI_Init) for UI_Init
    empty.o(.text.main) refers to ui_app.o(.text.UI_IMUInitMessage) for UI_IMUInitMessage
    empty.o(.text.main) refers to mahony.o(.text.Mahony_Init) for Mahony_Init
    empty.o(.text.main) refers to pid_task.o(.text.PID_TaskInit) for PID_TaskInit
    empty.o(.text.main) refers to oled_driver.o(.text.OLED_ClearBuffer) for OLED_ClearBuffer
    empty.o(.text.main) refers to ti_msp_nvic.o(.text.WR_NVIC_Init) for WR_NVIC_Init
    empty.o(.text.main) refers to key_device.o(.text.Key_CheckStates) for Key_CheckStates
    empty.o(.text.main) refers to task_app.o(.text.TaskProcess_Main) for TaskProcess_Main
    empty.o(.text.main) refers to ui_app.o(.text.UI_Task) for UI_Task
    empty.o(.text.main) refers to pid.o(.text.UART_PIDtuneProcess) for UART_PIDtuneProcess
    empty.o(.text.main) refers to pid_task.o(.bss.PID_motor2) for PID_motor2
    empty.o(.ARM.exidx.text.main) refers to empty.o(.text.main) for [Anonymous Symbol]
    empty.o(.ARM.exidx.text.DL_WWDT_disablePower) refers to empty.o(.text.DL_WWDT_disablePower) for [Anonymous Symbol]
    ti_msp_dl_config.o(.text.SYSCFG_DL_init) refers to ti_msp_dl_config.o(.text.SYSCFG_DL_initPower) for SYSCFG_DL_initPower
    ti_msp_dl_config.o(.text.SYSCFG_DL_init) refers to ti_msp_dl_config.o(.text.SYSCFG_DL_GPIO_init) for SYSCFG_DL_GPIO_init
    ti_msp_dl_config.o(.text.SYSCFG_DL_init) refers to ti_msp_dl_config.o(.text.SYSCFG_DL_SYSCTL_init) for SYSCFG_DL_SYSCTL_init
    ti_msp_dl_config.o(.text.SYSCFG_DL_init) refers to ti_msp_dl_config.o(.text.SYSCFG_DL_motor_pwm_init) for SYSCFG_DL_motor_pwm_init
    ti_msp_dl_config.o(.text.SYSCFG_DL_init) refers to ti_msp_dl_config.o(.text.SYSCFG_DL_encoder_qei_init) for SYSCFG_DL_encoder_qei_init
    ti_msp_dl_config.o(.text.SYSCFG_DL_init) refers to ti_msp_dl_config.o(.text.SYSCFG_DL_IMU_TIMER_init) for SYSCFG_DL_IMU_TIMER_init
    ti_msp_dl_config.o(.text.SYSCFG_DL_init) refers to ti_msp_dl_config.o(.text.SYSCFG_DL_ENCODER_TIMER_init) for SYSCFG_DL_ENCODER_TIMER_init
    ti_msp_dl_config.o(.text.SYSCFG_DL_init) refers to ti_msp_dl_config.o(.text.SYSCFG_DL_PID_TIMER_init) for SYSCFG_DL_PID_TIMER_init
    ti_msp_dl_config.o(.text.SYSCFG_DL_init) refers to ti_msp_dl_config.o(.text.SYSCFG_DL_OLED_init) for SYSCFG_DL_OLED_init
    ti_msp_dl_config.o(.text.SYSCFG_DL_init) refers to ti_msp_dl_config.o(.text.SYSCFG_DL_imu660rb_init) for SYSCFG_DL_imu660rb_init
    ti_msp_dl_config.o(.text.SYSCFG_DL_init) refers to ti_msp_dl_config.o(.text.SYSCFG_DL_Debug_UART_init) for SYSCFG_DL_Debug_UART_init
    ti_msp_dl_config.o(.text.SYSCFG_DL_init) refers to ti_msp_dl_config.o(.text.SYSCFG_DL_SYSTICK_init) for SYSCFG_DL_SYSTICK_init
    ti_msp_dl_config.o(.text.SYSCFG_DL_init) refers to ti_msp_dl_config.o(.bss.gmotor_pwmBackup) for gmotor_pwmBackup
    ti_msp_dl_config.o(.text.SYSCFG_DL_init) refers to ti_msp_dl_config.o(.bss.gencoder_qeiBackup) for gencoder_qeiBackup
    ti_msp_dl_config.o(.text.SYSCFG_DL_init) refers to ti_msp_dl_config.o(.bss.gIMU_TIMERBackup) for gIMU_TIMERBackup
    ti_msp_dl_config.o(.text.SYSCFG_DL_init) refers to ti_msp_dl_config.o(.bss.gPID_TIMERBackup) for gPID_TIMERBackup
    ti_msp_dl_config.o(.ARM.exidx.text.SYSCFG_DL_init) refers to ti_msp_dl_config.o(.text.SYSCFG_DL_init) for [Anonymous Symbol]
    ti_msp_dl_config.o(.text.SYSCFG_DL_initPower) refers to ti_msp_dl_config.o(.text.DL_GPIO_reset) for DL_GPIO_reset
    ti_msp_dl_config.o(.text.SYSCFG_DL_initPower) refers to ti_msp_dl_config.o(.text.DL_Timer_reset) for DL_Timer_reset
    ti_msp_dl_config.o(.text.SYSCFG_DL_initPower) refers to ti_msp_dl_config.o(.text.DL_I2C_reset) for DL_I2C_reset
    ti_msp_dl_config.o(.text.SYSCFG_DL_initPower) refers to ti_msp_dl_config.o(.text.DL_UART_reset) for DL_UART_reset
[...]
    __arm_cp.2_0                             0x00004e10   Number         4  ti_msp_nvic.o(.text.__NVIC_EnableIRQ)
    __NVIC_SetPriority                       0x00004e15   Thumb Code   124  ti_msp_dl_config.o(.text.__NVIC_SetPriority)
    [Anonymous Symbol]                       0x00004e14   Section        0  ti_msp_dl_config.o(.text.__NVIC_SetPriority)
    __arm_cp.47_0                            0x00004e90   Number         4  ti_msp_dl_config.o(.text.__NVIC_SetPriority)
    __arm_cp.47_1                            0x00004e94   Number         4  ti_msp_dl_config.o(.text.__NVIC_SetPriority)
    [Anonymous Symbol]                       0x00004e98   Section        0  main.o(.text.assert_failed)
    buzzer_off                               0x00004ea1   Thumb Code     8  menu.o(.text.buzzer_off)
    [Anonymous Symbol]                       0x00004ea0   Section        0  menu.o(.text.buzzer_off)
    buzzer_on                                0x00004ea9   Thumb Code     8  menu.o(.text.buzzer_on)
    [Anonymous Symbol]                       0x00004ea8   Section        0  menu.o(.text.buzzer_on)
    buzzer_toggle                            0x00004eb1   Thumb Code     8  menu.o(.text.buzzer_toggle)
    [Anonymous Symbol]                       0x00004eb0   Section        0  menu.o(.text.buzzer_toggle)
    __arm_cp.18_0                            0x00004eb8   Number         4  menu.o(.text.buzzer_toggle)
    default_staticshow                       0x00004ebd   Thumb Code    16  menu.o(.text.default_staticshow)
    [Anonymous Symbol]                       0x00004ebc   Section        0  menu.o(.text.default_staticshow)
    __arm_cp.0_0                             0x00004ecc   Number         4  menu.o(.text.default_staticshow)
    encoder_Process                          0x00004ed1   Thumb Code   108  encoder_device.o(.text.encoder_Process)
    [Anonymous Symbol]                       0x00004ed0   Section        0  encoder_device.o(.text.encoder_Process)
    __arm_cp.1_0                             0x00004f3c   Number         4  encoder_device.o(.text.encoder_Process)
    encoder_dynamicshow                      0x00004f41   Thumb Code   140  menu.o(.text.encoder_dynamicshow)
    [Anonymous Symbol]                       0x00004f40   Section        0  menu.o(.text.encoder_dynamicshow)
    __arm_cp.3_0                             0x00004fcc   Number         4  menu.o(.text.encoder_dynamicshow)
    encoder_staticshow                       0x00004fd1   Thumb Code    64  menu.o(.text.encoder_staticshow)
    [Anonymous Symbol]                       0x00004fd0   Section        0  menu.o(.text.encoder_staticshow)
    __arm_cp.4_0                             0x00005010   Number         4  menu.o(.text.encoder_staticshow)
    __arm_cp.4_1                             0x00005014   Number         4  menu.o(.text.encoder_staticshow)
    __arm_cp.4_2                             0x00005018   Number         4  menu.o(.text.encoder_staticshow)
    __arm_cp.4_3                             0x0000501c   Number         4  menu.o(.text.encoder_staticshow)
    imu660rb_dynamicshow                     0x00005021   Thumb Code   108  menu.o(.text.imu660rb_dynamicshow)
    [Anonymous Symbol]                       0x00005020   Section        0  menu.o(.text.imu660rb_dynamicshow)
    __arm_cp.1_0                             0x0000508c   Number         4  menu.o(.text.imu660rb_dynamicshow)
    imu660rb_staticshow                      0x00005091   Thumb Code    52  menu.o(.text.imu660rb_staticshow)
    [Anonymous Symbol]                       0x00005090   Section        0  menu.o(.text.imu660rb_staticshow)
    __arm_cp.2_0                             0x000050c4   Number         4  menu.o(.text.imu660rb_staticshow)
    __arm_cp.2_1                             0x000050c8   Number         4  menu.o(.text.imu660rb_staticshow)
    __arm_cp.2_2                             0x000050cc   Number         4  menu.o(.text.imu660rb_staticshow)
    led_off                                  0x000050d1   Thumb Code     8  menu.o(.text.led_off)
    [Anonymous Symbol]                       0x000050d0   Section        0  menu.o(.text.led_off)
    led_on                                   0x000050d9   Thumb Code     8  menu.o(.text.led_on)
    [Anonymous Symbol]                       0x000050d8   Section        0  menu.o(.text.led_on)
    led_toggle                               0x000050e1   Thumb Code     8  menu.o(.text.led_toggle)
    [Anonymous Symbol]                       0x000050e0   Section        0  menu.o(.text.led_toggle)
    __arm_cp.15_0                            0x000050e8   Number         4  menu.o(.text.led_toggle)
    [Anonymous Symbol]                       0x000050ec   Section        0  empty.o(.text.main)
    __arm_cp.0_0                             0x0000512c   Number         4  empty.o(.text.main)
    qei_switch                               0x00005131   Thumb Code   120  bsp_qei.o(.text.qei_switch)
    [Anonymous Symbol]                       0x00005130   Section        0  bsp_qei.o(.text.qei_switch)
    __arm_cp.2_0                             0x000051a8   Number         4  bsp_qei.o(.text.qei_switch)
    __arm_cp.2_1                             0x000051ac   Number         4  bsp_qei.o(.text.qei_switch)
    speedlop_off                             0x000051b1   Thumb Code    28  menu.o(.text.speedlop_off)
    [Anonymous Symbol]                       0x000051b0   Section        0  menu.o(.text.speedlop_off)
    speedlop_on                              0x000051cd   Thumb Code    28  menu.o(.text.speedlop_on)
    [Anonymous Symbol]                       0x000051cc   Section        0  menu.o(.text.speedlop_on)
    __arm_cp.19_0                            0x000051e8   Number         4  menu.o(.text.speedlop_on)
    __arm_cp.19_1                            0x000051ec   Number         4  menu.o(.text.speedlop_on)
    track_dynamicshow                        0x000051f1   Thumb Code    36  menu.o(.text.track_dynamicshow)
    [Anonymous Symbol]                       0x000051f0   Section        0  menu.o(.text.track_dynamicshow)
    __arm_cp.5_0                             0x00005214   Number         4  menu.o(.text.track_dynamicshow)
    __arm_cp.5_1                             0x00005218   Number         4  menu.o(.text.track_dynamicshow)
    track_staticshow                         0x0000521d   Thumb Code    20  menu.o(.text.track_staticshow)
    [Anonymous Symbol]                       0x0000521c   Section        0  menu.o(.text.track_staticshow)
    __arm_cp.6_0                             0x00005230   Number         4  menu.o(.text.track_staticshow)
    tracklop_off                             0x00005235   Thumb Code    12  menu.o(.text.tracklop_off)
    [Anonymous Symbol]                       0x00005234   Section        0  menu.o(.text.tracklop_off)
    tracklop_on                              0x00005241   Thumb Code    24  menu.o(.text.tracklop_on)
    [Anonymous Symbol]                       0x00005240   Section        0  menu.o(.text.tracklop_on)
    __arm_cp.21_0                            0x00005258   Number         4  menu.o(.text.tracklop_on)
    __arm_cp.21_1                            0x0000525c   Number         4  menu.o(.text.tracklop_on)
    i.__0vsprintf                            0x00005260   Section        0  printfa.o(i.__0vsprintf)
    i.__ARM_clz                              0x00005284   Section        0  depilogue.o(i.__ARM_clz)
    i.__read_errno                           0x000052b4   Section        0  errno.o(i.__read_errno)
    i.__scatterload_copy                     0x000052c0   Section       14  handlers.o(i.__scatterload_copy)
    i.__scatterload_null                     0x000052d0   Section        2  handlers.o(i.__scatterload_null)
    i.__scatterload_zeroinit                 0x000052d8   Section       14  handlers.o(i.__scatterload_zeroinit)
    i.__set_errno                            0x000052e8   Section        0  errno.o(i.__set_errno)
    _fp_digits                               0x000052f5   Thumb Code   344  printfa.o(i._fp_digits)
    i._fp_digits                             0x000052f4   Section        0  printfa.o(i._fp_digits)
    i._is_digit                              0x00005468   Section        0  scanf_fp.o(i._is_digit)
    _printf_core                             0x00005479   Thumb Code  1754  printfa.o(i._printf_core)
    i._printf_core                           0x00005478   Section        0  printfa.o(i._printf_core)
    _printf_post_padding                     0x00005b65   Thumb Code    32  printfa.o(i._printf_post_padding)
    i._printf_post_padding                   0x00005b64   Section        0  printfa.o(i._printf_post_padding)
    _printf_pre_padding                      0x00005b85   Thumb Code    44  printfa.o(i._printf_pre_padding)
    i._printf_pre_padding                    0x00005b84   Section        0  printfa.o(i._printf_pre_padding)
    _sputc                                   0x00005bb1   Thumb Code    10  printfa.o(i._sputc)
    i._sputc                                 0x00005bb0   Section        0  printfa.o(i._sputc)
    i.atof                                   0x00005bba   Section        0  atof.o(i.atof)
    .constdata                               0x00005be6   Section       64  ctype_c.o(.constdata)
    accel_config_table                       0x00006c7c   Data          64  imu660rb_driver.o(.rodata.accel_config_table)
    [Anonymous Symbol]                       0x00006c7c   Section        0  imu660rb_driver.o(.rodata.accel_config_table)
    buzzertask_Menuitem                      0x00006cbc   Data          36  menu.o(.rodata.buzzertask_Menuitem)
    [Anonymous Symbol]                       0x00006cbc   Section        0  menu.o(.rodata.buzzertask_Menuitem)
    debug_Menuitem                           0x00006cf8   Data          36  menu.o(.rodata.debug_Menuitem)
    [Anonymous Symbol]                       0x00006cf8   Section        0  menu.o(.rodata.debug_Menuitem)
    gDebug_UARTClockConfig                   0x00006d4c   Data           2  ti_msp_dl_config.o(.rodata.gDebug_UARTClockConfig)
    [Anonymous Symbol]                       0x00006d4c   Section        0  ti_msp_dl_config.o(.rodata.gDebug_UARTClockConfig)
    gDebug_UARTConfig                        0x00006d4e   Data          10  ti_msp_dl_config.o(.rodata.gDebug_UARTConfig)
    [Anonymous Symbol]                       0x00006d4e   Section        0  ti_msp_dl_config.o(.rodata.gDebug_UARTConfig)
    gENCODER_TIMERClockConfig                0x00006d58   Data           3  ti_msp_dl_config.o(.rodata.gENCODER_TIMERClockConfig)
    [Anonymous Symbol]                       0x00006d58   Section        0  ti_msp_dl_config.o(.rodata.gENCODER_TIMERClockConfig)
    gENCODER_TIMERTimerConfig                0x00006d5c   Data          20  ti_msp_dl_config.o(.rodata.gENCODER_TIMERTimerConfig)
    [Anonymous Symbol]                       0x00006d5c   Section        0  ti_msp_dl_config.o(.rodata.gENCODER_TIMERTimerConfig)
    gIMU_TIMERClockConfig                    0x00006d70   Data           3  ti_msp_dl_config.o(.rodata.gIMU_TIMERClockConfig)
    [Anonymous Symbol]                       0x00006d70   Section        0  ti_msp_dl_config.o(.rodata.gIMU_TIMERClockConfig)
    gIMU_TIMERTimerConfig                    0x00006d74   Data          20  ti_msp_dl_config.o(.rodata.gIMU_TIMERTimerConfig)
    [Anonymous Symbol]                       0x00006d74   Section        0  ti_msp_dl_config.o(.rodata.gIMU_TIMERTimerConfig)
    gOLEDClockConfig                         0x00006d88   Data           2  ti_msp_dl_config.o(.rodata.gOLEDClockConfig)
    [Anonymous Symbol]                       0x00006d88   Section        0  ti_msp_dl_config.o(.rodata.gOLEDClockConfig)
    gPID_TIMERClockConfig                    0x00006d8a   Data           3  ti_msp_dl_config.o(.rodata.gPID_TIMERClockConfig)
    [Anonymous Symbol]                       0x00006d8a   Section        0  ti_msp_dl_config.o(.rodata.gPID_TIMERClockConfig)
    gPID_TIMERTimerConfig                    0x00006d90   Data          20  ti_msp_dl_config.o(.rodata.gPID_TIMERTimerConfig)
    [Anonymous Symbol]                       0x00006d90   Section        0  ti_msp_dl_config.o(.rodata.gPID_TIMERTimerConfig)
    gSYSPLLConfig                            0x00006da4   Data          40  ti_msp_dl_config.o(.rodata.gSYSPLLConfig)
    [Anonymous Symbol]                       0x00006da4   Section        0  ti_msp_dl_config.o(.rodata.gSYSPLLConfig)
    gencoder_qeiClockConfig                  0x00006dcc   Data           3  ti_msp_dl_config.o(.rodata.gencoder_qeiClockConfig)
    [Anonymous Symbol]                       0x00006dcc   Section        0  ti_msp_dl_config.o(.rodata.gencoder_qeiClockConfig)
    gimu660rbClockConfig                     0x00006dcf   Data           2  ti_msp_dl_config.o(.rodata.gimu660rbClockConfig)
    [Anonymous Symbol]                       0x00006dcf   Section        0  ti_msp_dl_config.o(.rodata.gimu660rbClockConfig)
    gmotor_pwmClockConfig                    0x00006dd1   Data           3  ti_msp_dl_config.o(.rodata.gmotor_pwmClockConfig)
    [Anonymous Symbol]                       0x00006dd1   Section        0  ti_msp_dl_config.o(.rodata.gmotor_pwmClockConfig)
    gmotor_pwmConfig                         0x00006dd4   Data           8  ti_msp_dl_config.o(.rodata.gmotor_pwmConfig)
    [Anonymous Symbol]                       0x00006dd4   Section        0  ti_msp_dl_config.o(.rodata.gmotor_pwmConfig)
    gyro_config_table                        0x00006ddc   Data          64  imu660rb_driver.o(.rodata.gyro_config_table)
    [Anonymous Symbol]                       0x00006ddc   Section        0  imu660rb_driver.o(.rodata.gyro_config_table)
    ledtask_Menuitem                         0x00006e34   Data          36  menu.o(.rodata.ledtask_Menuitem)
    [Anonymous Symbol]                       0x00006e34   Section        0  menu.o(.rodata.ledtask_Menuitem)
    root_Menuitem                            0x00006e70   Data          36  menu.o(.rodata.root_Menuitem)
    [Anonymous Symbol]                       0x00006e70   Section        0  menu.o(.rodata.root_Menuitem)
    setting_Menuitem                         0x00006eac   Data          24  menu.o(.rodata.setting_Menuitem)
    [Anonymous Symbol]                       0x00006eac   Section        0  menu.o(.rodata.setting_Menuitem)
    speedlop_Menuitem                        0x00006edc   Data          24  menu.o(.rodata.speedlop_Menuitem)
    [Anonymous Symbol]                       0x00006edc   Section        0  menu.o(.rodata.speedlop_Menuitem)
    [Anonymous Symbol]                       0x00006f0c   Section        0  pid.o(.rodata.str1.1)
    [Anonymous Symbol]                       0x00006f19   Section        0  menu.o(.rodata.str1.1)
    [Anonymous Symbol]                       0x00007001   Section        0  menu_states.o(.rodata.str1.1)
    [Anonymous Symbol]                       0x00007007   Section        0  ui_app.o(.rodata.str1.1)
    task_Menuitem                            0x00007018   Data          24  menu.o(.rodata.task_Menuitem)
    [Anonymous Symbol]                       0x00007018   Section        0  menu.o(.rodata.task_Menuitem)
    tracklop_Menuitem                        0x00007060   Data          24  menu.o(.rodata.tracklop_Menuitem)
    [Anonymous Symbol]                       0x00007060   Section        0  menu.o(.rodata.tracklop_Menuitem)
    _errno                                   0x20200000   Data           4  errno.o(.data)
    .data                                    0x20200000   Section        4  errno.o(.data)
    Key_CheckStates.task_next_time_bsp_keytask 0x2020019c   Data           4  key_device.o(.bss.Key_CheckStates.task_next_time_bsp_keytask)
    [Anonymous Symbol]                       0x2020019c   Section        0  key_device.o(.bss.Key_CheckStates.task_next_time_bsp_keytask)
    Menu_DrawPage.task_next_time_refresh_id  0x202001d0   Data           4  menu_states.o(.bss.Menu_DrawPage.task_next_time_refresh_id)
    [Anonymous Symbol]                       0x202001d0   Section        0  menu_states.o(.bss.Menu_DrawPage.task_next_time_refresh_id)
    TaskProcess_Main.task_next_time_task_buzzertoggle_id 0x20200328   Data           4  task_app.o(.bss.TaskProcess_Main.task_next_time_task_buzzertoggle_id)
    [Anonymous Symbol]                       0x20200328   Section        0  task_app.o(.bss.TaskProcess_Main.task_next_time_task_buzzertoggle_id)
    TaskProcess_Main.task_next_time_task_ledtoggle_id 0x2020032c   Data           4  task_app.o(.bss.TaskProcess_Main.task_next_time_task_ledtoggle_id)
    [Anonymous Symbol]                       0x2020032c   Section        0  task_app.o(.bss.TaskProcess_Main.task_next_time_task_ledtoggle_id)
    UART_RxPushByte.Put_index                0x20200334   Data           1  bsp_uart.o(.bss.UART_RxPushByte.Put_index)
    [Anonymous Symbol]                       0x20200334   Section        0  bsp_uart.o(.bss.UART_RxPushByte.Put_index)
    oled_fb                                  0x20200612   Data        1024  oled_driver.o(.bss.oled_fb)
    [Anonymous Symbol]                       0x20200612   Section        0  oled_driver.o(.bss.oled_fb)
    STACK                                    0x20200a20   Section    16384  startup_mspm0g350x_uvision.o(STACK)

    Global Symbols

    Symbol Name                              Value     Ov Type        Size  Object(Section)

    BuildAttributes$$THM_ISAv3M$S$PE$A:L22$X:L11$S22$IEEE1$IW$~IW$USESV6$~STKCKD$USESV7$~SHL$OTIME$ROPI$IEEEJ$EBA8$MICROLIB$REQ8$EABIv2 0x00000000   Number         0  anon$$obj.o ABSOLUTE
    __Vectors                                0x00000000   Data           4  startup_mspm0g350x_uvision.o(RESET)
    __cpp_initialize__aeabi_                  - Undefined Weak Reference
    __cxa_finalize                            - Undefined Weak Reference
    _clock_init                               - Undefined Weak Reference
    _microlib_exit                            - Undefined Weak Reference
    __Vectors_End                            0x000000c0   Data           0  startup_mspm0g350x_uvision.o(RESET)
    __Vectors_Size                           0x000000c0   Number         0  startup_mspm0g350x_uvision.o ABSOLUTE
    __main                                   0x000000c1   Thumb Code     0  entry.o(.ARM.Collect$$$$00000000)
    _main_stk                                0x000000c1   Thumb Code     0  entry2.o(.ARM.Collect$$$$00000001)
    _main_scatterload                        0x000000c5   Thumb Code     0  entry5.o(.ARM.Collect$$$$00000004)
    __main_after_scatterload                 0x000000c9   Thumb Code     0  entry5.o(.ARM.Collect$$$$00000004)
    _main_clock                              0x000000c9   Thumb Code     0  entry7b.o(.ARM.Collect$$$$00000008)
    _main_cpp_init                           0x000000c9   Thumb Code     0  entry8b.o(.ARM.Collect$$$$0000000A)
    _main_init                               0x000000c9   Thumb Code     0  entry9a.o(.ARM.Collect$$$$0000000B)
    __rt_final_cpp                           0x000000d1   Thumb Code     0  entry10a.o(.ARM.Collect$$$$0000000D)
    __rt_final_exit                          0x000000d1   Thumb Code     0  entry11a.o(.ARM.Collect$$$$0000000F)
    Reset_Handler                            0x000000d5   Thumb Code     4  startup_mspm0g350x_uvision.o(.text)
    NMI_Handler                              0x000000d9   Thumb Code     2  startup_mspm0g350x_uvision.o(.text)
    HardFault_Handler                        0x000000db   Thumb Code     2  startup_mspm0g350x_uvision.o(.text)
    SVC_Handler                              0x000000dd   Thumb Code     2  startup_mspm0g350x_uvision.o(.text)
    PendSV_Handler                           0x000000df   Thumb Code     2  startup_mspm0g350x_uvision.o(.text)
    ADC0_IRQHandler                          0x000000e3   Thumb Code     0  startup_mspm0g350x_uvision.o(.text)
    ADC1_IRQHandler                          0x000000e3   Thumb Code     0  startup_mspm0g350x_uvision.o(.text)
    AES_IRQHandler                           0x000000e3   Thumb Code     0  startup_mspm0g350x_uvision.o(.text)
    CANFD0_IRQHandler                        0x000000e3   Thumb Code     0  startup_mspm0g350x_uvision.o(.text)
    DAC0_IRQHandler                          0x000000e3   Thumb Code     0  startup_mspm0g350x_uvision.o(.text)
    DMA_IRQHandler                           0x000000e3   Thumb Code     0  startup_mspm0g350x_uvision.o(.text)
    Default_Handler                          0x000000e3   Thumb Code     2  startup_mspm0g350x_uvision.o(.text)
    GROUP0_IRQHandler                        0x000000e3   Thumb Code     0  startup_mspm0g350x_uvision.o(.text)
    GROUP1_IRQHandler                        0x000000e3   Thumb Code     0  startup_mspm0g350x_uvision.o(.text)
    I2C0_IRQHandler                          0x000000e3   Thumb Code     0  startup_mspm0g350x_uvision.o(.text)
    I2C1_IRQHandler                          0x000000e3   Thumb Code     0  startup_mspm0g350x_uvision.o(.text)
    RTC_IRQHandler                           0x000000e3   Thumb Code     0  startup_mspm0g350x_uvision.o(.text)
    SPI0_IRQHandler                          0x000000e3   Thumb Code     0  startup_mspm0g350x_uvision.o(.text)
    SPI1_IRQHandler                          0x000000e3   Thumb Code     0  startup_mspm0g350x_uvision.o(.text)
    TIMA1_IRQHandler                         0x000000e3   Thumb Code     0  startup_mspm0g350x_uvision.o(.text)
    TIMG12_IRQHandler                        0x000000e3   Thumb Code     0  startup_mspm0g350x_uvision.o(.text)
    TIMG7_IRQHandler                         0x000000e3   Thumb Code     0  startup_mspm0g350x_uvision.o(.text)
    TIMG8_IRQHandler                         0x000000e3   Thumb Code     0  startup_mspm0g350x_uvision.o(.text)
    UART1_IRQHandler                         0x000000e3   Thumb Code     0  startup_mspm0g350x_uvision.o(.text)
    UART2_IRQHandler                         0x000000e3   Thumb Code     0  startup_mspm0g350x_uvision.o(.text)
    UART3_IRQHandler                         0x000000e3   Thumb Code     0  startup_mspm0g350x_uvision.o(.text)
    qfp_fsub                                 0x000001b1   Thumb Code     0  qfplib.o(.text)
    qfp_fadd                                 0x000001b7   Thumb Code     0  qfplib.o(.text)
    qfp_fcmp                                 0x000001f9   Thumb Code     0  qfplib.o(.text)
    qfp_fmul                                 0x00000215   Thumb Code     0  qfplib.o(.text)
    qfp_fdiv                                 0x00000225   Thumb Code     0  qfplib.o(.text)
    qfp_fdiv_fast                            0x00000267   Thumb Code     0  qfplib.o(.text)
    qfp_fsqrt_fast                           0x000002b9   Thumb Code     0  qfplib.o(.text)
    qfp_float2int                            0x00000331   Thumb Code     0  qfplib.o(.text)
    qfp_float2fix                            0x00000333   Thumb Code     0  qfplib.o(.text)
    qfp_float2uint                           0x0000035b   Thumb Code     0  qfplib.o(.text)
    qfp_float2ufix                           0x0000035d   Thumb Code     0  qfplib.o(.text)
    qfp_int2float                            0x00000377   Thumb Code     0  qfplib.o(.text)
    qfp_fix2float                            0x00000379   Thumb Code     0  qfplib.o(.text)
    qfp_uint2float                           0x00000383   Thumb Code     0  qfplib.o(.text)
    qfp_ufix2float                           0x00000385   Thumb Code     0  qfplib.o(.text)
    qfp_fsin                                 0x00000411   Thumb Code     0  qfplib.o(.text)
    qfp_fcos                                 0x00000453   Thumb Code     0  qfplib.o(.text)
    qfp_ftan                                 0x0000045d   Thumb Code     0  qfplib.o(.text)
    qfp_fexp                                 0x00000465   Thumb Code     0  qfplib.o(.text)
    qfp_fsqrt                                0x00000495   Thumb Code     0  qfplib.o(.text)
    qfp_fln                                  0x000004cf   Thumb Code     0  qfplib.o(.text)
    qfp_fatan2                               0x000004f1   Thumb Code     0  qfplib.o(.text)
    __aeabi_memcpy                           0x000005ad   Thumb Code    36  memcpya.o(.text)
    __aeabi_memcpy4                          0x000005ad   Thumb Code     0  memcpya.o(.text)
    __aeabi_memcpy8                          0x000005ad   Thumb Code     0  memcpya.o(.text)
    __aeabi_memset                           0x000005d1   Thumb Code    14  memseta.o(.text)
    __aeabi_memset4                          0x000005d1   Thumb Code     0  memseta.o(.text)
    __aeabi_memset8                          0x000005d1   Thumb Code     0  memseta.o(.text)
    __aeabi_memclr                           0x000005df   Thumb Code     4  memseta.o(.text)
    __aeabi_memclr4                          0x000005df   Thumb Code     0  memseta.o(.text)
    __aeabi_memclr8                          0x000005df   Thumb Code     0  memseta.o(.text)
    _memset$wrapper                          0x000005e3   Thumb Code    18  memseta.o(.text)
    strchr                                   0x000005f5   Thumb Code    20  strchr.o(.text)
    strlen                                   0x00000609   Thumb Code    14  strlen.o(.text)
    strcmp                                   0x00000617   Thumb Code    28  strcmp.o(.text)
    __aeabi_fadd                             0x00000633   Thumb Code   162  fadd.o(.text)
    __aeabi_fsub                             0x000006d5   Thumb Code     8  fadd.o(.text)
    __aeabi_frsub                            0x000006dd   Thumb Code     8  fadd.o(.text)
    __aeabi_fmul                             0x000006e5   Thumb Code   122  fmul.o(.text)
    __aeabi_fdiv                             0x0000075f   Thumb Code   124  fdiv.o(.text)
    __aeabi_dmul                             0x000007dd   Thumb Code   202  dmul.o(.text)
    __aeabi_fcmple                           0x000008ad   Thumb Code    28  fcmple.o(.text)
    __aeabi_fcmpge                           0x000008c9   Thumb Code    28  fcmpge.o(.text)
    __aeabi_fcmpgt                           0x000008e5   Thumb Code    28  fcmpgt.o(.text)
    __aeabi_fcmpeq                           0x00000901   Thumb Code    28  fcmpeq.o(.text)
    __aeabi_i2f                              0x0000091d   Thumb Code    22  fflti.o(.text)
    __aeabi_f2iz                             0x00000933   Thumb Code    50  ffixi.o(.text)
    __aeabi_f2d                              0x00000965   Thumb Code    40  f2d.o(.text)
    __aeabi_d2f                              0x0000098d   Thumb Code    56  d2f.o(.text)
    __aeabi_uidiv                            0x000009c5   Thumb Code     0  uidiv_div0.o(.text)
    __aeabi_uidivmod                         0x000009c5   Thumb Code    62  uidiv_div0.o(.text)
    __aeabi_uldivmod                         0x00000a03   Thumb Code    96  uldiv.o(.text)
    __strtod_int                             0x00000aa5   Thumb Code    98  strtod.o(.text)
    __I$use$fp                               0x00000b19   Thumb Code     0  iusefp.o(.text)
    _float_round                             0x00000b19   Thumb Code    16  fepilogue.o(.text)
    _float_epilogue                          0x00000b29   Thumb Code   114  fepilogue.o(.text)
    _double_round                            0x00000b9b   Thumb Code    26  depilogue.o(.text)
    _double_epilogue                         0x00000bb5   Thumb Code   164  depilogue.o(.text)
    __aeabi_dadd                             0x00000c59   Thumb Code   328  dadd.o(.text)
    __aeabi_dsub                             0x00000da1   Thumb Code    12  dadd.o(.text)
    __aeabi_drsub                            0x00000dad   Thumb Code    12  dadd.o(.text)
    __aeabi_ddiv                             0x00000dbd   Thumb Code   234  ddiv.o(.text)
    __aeabi_d2ulz                            0x00000ead   Thumb Code    54  dfixul.o(.text)
    __aeabi_cdrcmple                         0x00000eed   Thumb Code    38  cdrcmple.o(.text)
    __scatterload                            0x00000f19   Thumb Code    38  init.o(.text)
    __scatterload_rt2                        0x00000f19   Thumb Code     0  init.o(.text)
    __aeabi_llsl                             0x00000f49   Thumb Code    32  llshl.o(.text)
    _ll_shift_l                              0x00000f49   Thumb Code     0  llshl.o(.text)
    __aeabi_llsr                             0x00000f69   Thumb Code    34  llushr.o(.text)
    _ll_ushift_r                             0x00000f69   Thumb Code     0  llushr.o(.text)
    __aeabi_lasr                             0x00000f8b   Thumb Code    38  llsshr.o(.text)
    _ll_sshift_r                             0x00000f8b   Thumb Code     0  llsshr.o(.text)
    isspace                                  0x00000fb1   Thumb Code    14  isspace_c.o(.text)
    _scanf_real                              0x000010df   Thumb Code     0  scanf_fp.o(.text)
    _scanf_really_real                       0x000010df   Thumb Code   584  scanf_fp.o(.text)
    _sgetc                                   0x00001335   Thumb Code    32  _sgetc.o(.text)
    _sbackspace                              0x00001355   Thumb Code    36  _sgetc.o(.text)
    __aeabi_lmul                             0x00001379   Thumb Code    48  llmul.o(.text)
    _ll_mul                                  0x00001379   Thumb Code     0  llmul.o(.text)
    __ctype_lookup                           0x000013a9   Thumb Code    32  ctype_c.o(.text)
    __aeabi_ul2d                             0x000013cd   Thumb Code    22  dfltul.o(.text)
    __decompress                             0x000013e9   Thumb Code     0  __dczerorl.o(.text)
    __decompress0                            0x000013e9   Thumb Code    58  __dczerorl.o(.text)
    DL_Common_delayCycles                    0x00001423   Thumb Code    10  dl_common.o(.text.DL_Common_delayCycles)
    DL_I2C_fillControllerTXFIFO              0x000016c9   Thumb Code    44  dl_i2c.o(.text.DL_I2C_fillControllerTXFIFO)
    DL_I2C_flushControllerTXFIFO             0x000016f5   Thumb Code    36  dl_i2c.o(.text.DL_I2C_flushControllerTXFIFO)
    DL_I2C_setClockConfig                    0x000017af   Thumb Code    38  dl_i2c.o(.text.DL_I2C_setClockConfig)
    DL_SYSCTL_configSYSPLL                   0x00001889   Thumb Code   192  dl_sysctl_mspm0g1x0x_g3x0x.o(.text.DL_SYSCTL_configSYSPLL)
    DL_SYSCTL_setHFCLKSourceHFXTParams       0x000019ad   Thumb Code    80  dl_sysctl_mspm0g1x0x_g3x0x.o(.text.DL_SYSCTL_setHFCLKSourceHFXTParams)
    DL_SYSCTL_switchMCLKfromSYSOSCtoHSCLK    0x00001a31   Thumb Code    40  dl_sysctl_mspm0g1x0x_g3x0x.o(.text.DL_SYSCTL_switchMCLKfromSYSOSCtoHSCLK)
    DL_Timer_initFourCCPWMMode               0x00001b09   Thumb Code   264  dl_timer.o(.text.DL_Timer_initFourCCPWMMode)
    DL_Timer_initTimerMode                   0x00001c11   Thumb Code   232  dl_timer.o(.text.DL_Timer_initTimerMode)
    DL_Timer_setCaptCompUpdateMethod         0x00001d1d   Thumb Code    28  dl_timer.o(.text.DL_Timer_setCaptCompUpdateMethod)
    DL_Timer_setCaptureCompareOutCtl         0x00001d39   Thumb Code    24  dl_timer.o(.text.DL_Timer_setCaptureCompareOutCtl)
    DL_Timer_setCaptureCompareValue          0x00001d51   Thumb Code    16  dl_timer.o(.text.DL_Timer_setCaptureCompareValue)
    DL_Timer_setClockConfig                  0x00001d61   Thumb Code    28  dl_timer.o(.text.DL_Timer_setClockConfig)
    DL_UART_init                             0x00001e59   Thumb Code    72  dl_uart.o(.text.DL_UART_init)
    DL_UART_setClockConfig                   0x00001f19   Thumb Code    18  dl_uart.o(.text.DL_UART_setClockConfig)
    Encoder_NVICCallBckeEntery               0x00001fe5   Thumb Code    16  encoder_device.o(.text.Encoder_NVICCallBckeEntery)
    IMU660RB_Init                            0x0000206d   Thumb Code   108  imu660rb_driver.o(.text.IMU660RB_Init)
    IMU660RB_ProcessData                     0x000020e1   Thumb Code   356  imu660rb_device.o(.text.IMU660RB_ProcessData)
    IMU660RB_Start                           0x00002285   Thumb Code   208  imu660rb_device.o(.text.IMU660RB_Start)
    IMU660RB_Update                          0x00002365   Thumb Code   124  imu660rb_driver.o(.text.IMU660RB_Update)
    Key_CheckStates                          0x0000240d   Thumb Code   516  key_device.o(.text.Key_CheckStates)
    Mahony_Init                              0x000027cd   Thumb Code    36  mahony.o(.text.Mahony_Init)
    Mahony_NVICCallBckeEntery                0x000027f9   Thumb Code    16  mahony.o(.text.Mahony_NVICCallBckeEntery)
    Menu_Control                             0x00002ce5   Thumb Code    60  menu.o(.text.Menu_Control)
    Menu_DrawPage                            0x00002d61   Thumb Code   332  menu_states.o(.text.Menu_DrawPage)
    Menu_ProcessState                        0x00002f9d   Thumb Code   116  menu_states.o(.text.Menu_ProcessState)
    MenustatesMachine_Init                   0x00003051   Thumb Code    16  menu_states.o(.text.MenustatesMachine_Init)
    Motor_DeviceInit                         0x00003069   Thumb Code    64  motor_device.o(.text.Motor_DeviceInit)
    Motor_SetDuty                            0x000030ad   Thumb Code   320  motor_device.o(.text.Motor_SetDuty)
    OLED_ClearBuffer                         0x00003235   Thumb Code    16  oled_driver.o(.text.OLED_ClearBuffer)
    OLED_DrawData                            0x00003245   Thumb Code    92  oled_driver.o(.text.OLED_DrawData)
    OLED_Flush                               0x000032a1   Thumb Code    92  oled_driver.o(.text.OLED_Flush)
    OLED_Init                                0x00003305   Thumb Code   212  oled_driver.o(.text.OLED_Init)
    OLED_Printf_Hope                         0x000033d9   Thumb Code    62  oled_device.o(.text.OLED_Printf_Hope)
    OLED_Printf_Regret                       0x00003417   Thumb Code    62  oled_device.o(.text.OLED_Printf_Regret)
    OLED_SetCursor                           0x00003455   Thumb Code    64  oled_driver.o(.text.OLED_SetCursor)
    PID_Calc                                 0x00003911   Thumb Code  1174  pid.o(.text.PID_Calc)
    PID_Switch                               0x00003e19   Thumb Code    20  pid_task.o(.text.PID_Switch)
    PID_Task                                 0x00003e2d   Thumb Code   320  pid_task.o(.text.PID_Task)
    PID_TaskInit                             0x00003f81   Thumb Code   184  pid_task.o(.text.PID_TaskInit)
    QEI_GetCount                             0x0000405d   Thumb Code   116  bsp_qei.o(.text.QEI_GetCount)
    SYSCFG_DL_Debug_UART_init                0x000040fd   Thumb Code    68  ti_msp_dl_config.o(.text.SYSCFG_DL_Debug_UART_init)
    SYSCFG_DL_ENCODER_TIMER_init             0x0000414d   Thumb Code    52  ti_msp_dl_config.o(.text.SYSCFG_DL_ENCODER_TIMER_init)
    SYSCFG_DL_GPIO_init                      0x0000418d   Thumb Code   460  ti_msp_dl_config.o(.text.SYSCFG_DL_GPIO_init)
    SYSCFG_DL_IMU_TIMER_init                 0x00004365   Thumb Code    52  ti_msp_dl_config.o(.text.SYSCFG_DL_IMU_TIMER_init)
    SYSCFG_DL_OLED_init                      0x000043a1   Thumb Code    80  ti_msp_dl_config.o(.text.SYSCFG_DL_OLED_init)
    SYSCFG_DL_PID_TIMER_init                 0x000043f5   Thumb Code    48  ti_msp_dl_config.o(.text.SYSCFG_DL_PID_TIMER_init)
    SYSCFG_DL_SYSCTL_init                    0x0000442d   Thumb Code    76  ti_msp_dl_config.o(.text.SYSCFG_DL_SYSCTL_init)
    SYSCFG_DL_SYSTICK_init                   0x0000447d   Thumb Code    12  ti_msp_dl_config.o(.text.SYSCFG_DL_SYSTICK_init)
    SYSCFG_DL_encoder_qei_init               0x0000448d   Thumb Code    68  ti_msp_dl_config.o(.text.SYSCFG_DL_encoder_qei_init)
    SYSCFG_DL_imu660rb_init                  0x000044d9   Thumb Code    80  ti_msp_dl_config.o(.text.SYSCFG_DL_imu660rb_init)
    SYSCFG_DL_init                           0x0000452d   Thumb Code    76  ti_msp_dl_config.o(.text.SYSCFG_DL_init)
    SYSCFG_DL_initPower                      0x00004589   Thumb Code   156  ti_msp_dl_config.o(.text.SYSCFG_DL_initPower)
    SYSCFG_DL_motor_pwm_init                 0x00004639   Thumb Code   132  ti_msp_dl_config.o(.text.SYSCFG_DL_motor_pwm_init)
    SysTick_Handler                          0x0000471d   Thumb Code     8  main.o(.text.SysTick_Handler)
    TIMA0_IRQHandler                         0x00004725   Thumb Code    28  ti_msp_nvic.o(.text.TIMA0_IRQHandler)
    TIMG0_IRQHandler                         0x00004745   Thumb Code    28  ti_msp_nvic.o(.text.TIMG0_IRQHandler)
    TIMG6_IRQHandler                         0x00004765   Thumb Code    28  ti_msp_nvic.o(.text.TIMG6_IRQHandler)
    TaskProcess_Main                         0x00004785   Thumb Code   220  task_app.o(.text.TaskProcess_Main)
    Track_Task                               0x00004875   Thumb Code   200  track_device.o(.text.Track_Task)
    UART0_IRQHandler                         0x00004955   Thumb Code    48  ti_msp_nvic.o(.text.UART0_IRQHandler)
    UART_PIDtuneProcess                      0x00004989   Thumb Code   244  pid.o(.text.UART_PIDtuneProcess)
    UART_RxPushByte                          0x00004a91   Thumb Code    88  bsp_uart.o(.text.UART_RxPushByte)
    UI_IMUInitMessage                        0x00004af1   Thumb Code    20  ui_app.o(.text.UI_IMUInitMessage)
    UI_Init                                  0x00004b09   Thumb Code    12  ui_app.o(.text.UI_Init)
    UI_Task                                  0x00004b15   Thumb Code    16  ui_app.o(.text.UI_Task)
    WR_Bsp_I2C_ReceiveData                   0x00004b25   Thumb Code   118  bsp_i2c.o(.text.WR_Bsp_I2C_ReceiveData)
    WR_Bsp_I2C_SendData                      0x00004b9b   Thumb Code   214  bsp_i2c.o(.text.WR_Bsp_I2C_SendData)
    WR_Delay                                 0x00004c71   Thumb Code    58  main.o(.text.WR_Delay)
    WR_FlagRead                              0x00004cab   Thumb Code    22  wr_flagsystem.o(.text.WR_FlagRead)
    WR_FlagWrite                             0x00004cc1   Thumb Code    16  wr_flagsystem.o(.text.WR_FlagWrite)
    WR_GetTick                               0x00004cd1   Thumb Code     8  main.o(.text.WR_GetTick)
    WR_IncTik                                0x00004cd9   Thumb Code    12  main.o(.text.WR_IncTik)
    WR_KeyControlTask                        0x00004ce9   Thumb Code    46  key_device.o(.text.WR_KeyControlTask)
    WR_NVIC_Init                             0x00004d17   Thumb Code    64  ti_msp_nvic.o(.text.WR_NVIC_Init)
    WR_OLED_SendCmd                          0x00004d59   Thumb Code    48  oled_driver.o(.text.WR_OLED_SendCmd)
    assert_failed                            0x00004e99   Thumb Code     8  main.o(.text.assert_failed)
    main                                     0x000050ed   Thumb Code    64  empty.o(.text.main)
    __0vsprintf                              0x00005261   Thumb Code    30  printfa.o(i.__0vsprintf)
    __1vsprintf                              0x00005261   Thumb Code     0  printfa.o(i.__0vsprintf)
    __2vsprintf                              0x00005261   Thumb Code     0  printfa.o(i.__0vsprintf)
    __c89vsprintf                            0x00005261   Thumb Code     0  printfa.o(i.__0vsprintf)
    vsprintf                                 0x00005261   Thumb Code     0  printfa.o(i.__0vsprintf)
    __ARM_clz                                0x00005285   Thumb Code    46  depilogue.o(i.__ARM_clz)
    __read_errno                             0x000052b5   Thumb Code     6  errno.o(i.__read_errno)
    __scatterload_copy                       0x000052c1   Thumb Code    14  handlers.o(i.__scatterload_copy)
    __scatterload_null                       0x000052d1   Thumb Code     2  handlers.o(i.__scatterload_null)
    __scatterload_zeroinit                   0x000052d9   Thumb Code    14  handlers.o(i.__scatterload_zeroinit)
    __set_errno                              0x000052e9   Thumb Code     6  errno.o(i.__set_errno)
    _is_digit                                0x00005469   Thumb Code    14  scanf_fp.o(i._is_digit)
    atof                                     0x00005bbb   Thumb Code    44  atof.o(i.atof)
    __ctype_categories                       0x00005be6   Data          64  ctype_c.o(.constdata)
    OLED_F6x8_Hope                           0x00005c26   Data         570  oled_font.o(.rodata.OLED_F6x8_Hope)
    OLED_F6x8_Regret                         0x00005e60   Data         570  oled_font.o(.rodata.OLED_F6x8_Regret)
    OLED_F8x16_Hope                          0x0000609a   Data        1520  oled_font.o(.rodata.OLED_F8x16_Hope)
    OLED_F8x16_Regret                        0x0000668a   Data        1520  oled_font.o(.rodata.OLED_F8x16_Regret)
    buzzertask_Menupage                      0x00006ce0   Data          24  menu.o(.rodata.buzzertask_Menupage)
    debug_Menupage                           0x00006d1c   Data          24  menu.o(.rodata.debug_Menupage)
    encoder_Menupage                         0x00006d34   Data          24  menu.o(.rodata.encoder_Menupage)
    imu660rb_Menupage                        0x00006e1c   Data          24  menu.o(.rodata.imu660rb_Menupage)
    ledtask_Menupage                         0x00006e58   Data          24  menu.o(.rodata.ledtask_Menupage)
    root_Menupage                            0x00006e94   Data          24  menu.o(.rodata.root_Menupage)
    setting_Menupage                         0x00006ec4   Data          24  menu.o(.rodata.setting_Menupage)
    speedlop_Menupage                        0x00006ef4   Data          24  menu.o(.rodata.speedlop_Menupage)
    task_Menupage                            0x00007030   Data          24  menu.o(.rodata.task_Menupage)
    track_Menupage                           0x00007048   Data          24  menu.o(.rodata.track_Menupage)
    tracklop_Menupage                        0x00007078   Data          24  menu.o(.rodata.tracklop_Menupage)
    Region$$Table$$Base                      0x00007090   Number         0  anon$$obj.o(Region$$Table)
    Region$$Table$$Limit                     0x000070b0   Number         0  anon$$obj.o(Region$$Table)
    QEI_info                                 0x20200004   Data          48  bsp_qei.o(.data.QEI_info)
    bsp_key_param                            0x20200034   Data         120  key_device.o(.data.bsp_key_param)
    bsp_track_param                          0x202000ac   Data          56  track_device.o(.data.bsp_track_param)
    last_coord                               0x202000e4   Data           4  track_device.o(.data.last_coord)
    menu_staticrefreshstate                  0x202000e8   Data           1  menu_states.o(.data.menu_staticrefreshstate)
    moror_dir_param                          0x202000ec   Data          32  motor_device.o(.data.moror_dir_param)
    motor_param                              0x2020010c   Data          48  motor_device.o(.data.motor_param)
    DataRecive_isok                          0x20200140   Data           1  bsp_uart.o(.bss.DataRecive_isok)
    IMU660RB_Data                            0x20200144   Data          28  imu660rb_device.o(.bss.IMU660RB_Data)
    IMU660RB_RawData                         0x20200160   Data          14  imu660rb_driver.o(.bss.IMU660RB_RawData)
    IMU660RB_config                          0x20200170   Data          16  imu660rb_driver.o(.bss.IMU660RB_config)
    IMU660RB_off                             0x20200180   Data          28  imu660rb_device.o(.bss.IMU660RB_off)
    Mahony_Euler                             0x202001a0   Data          12  mahony.o(.bss.Mahony_Euler)
    Mahony_param                             0x202001ac   Data          36  mahony.o(.bss.Mahony_param)
    PID_CtrlMode                             0x202001d4   Data           1  pid_task.o(.bss.PID_CtrlMode)
    PID_Tunebuffer                           0x202001d5   Data          64  pid.o(.bss.PID_Tunebuffer)
    PID_anglelop                             0x20200218   Data          68  pid_task.o(.bss.PID_anglelop)
    PID_motor1                               0x2020025c   Data          68  pid_task.o(.bss.PID_motor1)
    PID_motor2                               0x202002a0   Data          68  pid_task.o(.bss.PID_motor2)
    PID_track                                0x202002e4   Data          68  pid_task.o(.bss.PID_track)
    Track_Flag                               0x20200330   Data           4  track_device.o(.bss.Track_Flag)
    coord                                    0x20200338   Data           4  track_device.o(.bss.coord)
    debug_buzzer                             0x2020033c   Data           1  task_app.o(.bss.debug_buzzer)
    debug_led                                0x2020033d   Data           1  task_app.o(.bss.debug_led)
    encoder_info                             0x20200340   Data          16  encoder_device.o(.bss.encoder_info)
    gIMU_TIMERBackup                         0x20200350   Data         160  ti_msp_dl_config.o(.bss.gIMU_TIMERBackup)
    gPID_TIMERBackup                         0x202003f0   Data         188  ti_msp_dl_config.o(.bss.gPID_TIMERBackup)
    gencoder_qeiBackup                       0x202004ac   Data         160  ti_msp_dl_config.o(.bss.gencoder_qeiBackup)
    gmotor_pwmBackup                         0x2020054c   Data         188  ti_msp_dl_config.o(.bss.gmotor_pwmBackup)
    menu_context                             0x20200608   Data           8  menu_states.o(.bss.menu_context)
    menu_statemachine                        0x20200610   Data           1  menu_states.o(.bss.menu_statemachine)
    now_qeigroup                             0x20200611   Data           1  bsp_qei.o(.bss.now_qeigroup)
    qty                                      0x20200a12   Data           1  track_device.o(.bss.qty)
    track_position                           0x20200a13   Data           7  track_device.o(.bss.track_position)
    uwTick                                   0x20200a1c   Data           4  main.o(.bss.uwTick)
    __initial_sp                             0x20204a20   Data           0  startup_mspm0g350x_uvision.o(STACK)



==============================================================================

Memory Map of the image

  Image Entry point : 0x000000c1

  Load Region LR_IROM1 (Base: 0x00000000, Size: 0x000071f0, Max: 0x00020000, ABSOLUTE, COMPRESSED[0x00007128])

    Execution Region ER_IROM1 (Exec base: 0x00000000, Load base: 0x00000000, Size: 0x000070b0, Max: 0x00020000, ABSOLUTE)

    Exec Addr    Load Addr    Size         Type   Attr      Idx    E Section Name        Object

    0x00000000   0x00000000   0x000000c0   Data   RO          182    RESET               startup_mspm0g350x_uvision.o
    0x000000c0   0x000000c0   0x00000000   Code   RO          864  * .ARM.Collect$$$$00000000  mc_p.l(entry.o)
    0x000000c0   0x000000c0   0x00000004   Code   RO          937    .ARM.Collect$$$$00000001  mc_p.l(entry2.o)
    0x000000c4   0x000000c4   0x00000004   Code   RO          940    .ARM.Collect$$$$00000004  mc_p.l(entry5.o)
    0x000000c8   0x000000c8   0x00000000   Code   RO          942    .ARM.Collect$$$$00000008  mc_p.l(entry7b.o)
    0x000000c8   0x000000c8   0x00000000   Code   RO          944    .ARM.Collect$$$$0000000A  mc_p.l(entry8b.o)
    0x000000c8   0x000000c8   0x00000008   Code   RO          945    .ARM.Collect$$$$0000000B  mc_p.l(entry9a.o)
    0x000000d0   0x000000d0   0x00000000   Code   RO          947    .ARM.Collect$$$$0000000D  mc_p.l(entry10a.o)
    0x000000d0   0x000000d0   0x00000000   Code   RO          949    .ARM.Collect$$$$0000000F  mc_p.l(entry11a.o)
    0x000000d0   0x000000d0   0x00000004   Code   RO          938    .ARM.Collect$$$$00002712  mc_p.l(entry2.o)
    0x000000d4   0x000000d4   0x00000014   Code   RO          183    .text               startup_mspm0g350x_uvision.o
    0x000000e8   0x000000e8   0x000004c4   Code   RO          189    .text               qfplib.o
    0x000005ac   0x000005ac   0x00000024   Code   RO          873    .text               mc_p.l(memcpya.o)
    0x000005d0   0x000005d0   0x00000024   Code   RO          875    .text               mc_p.l(memseta.o)
    0x000005f4   0x000005f4   0x00000014   Code   RO          877    .text               mc_p.l(strchr.o)
    0x00000608   0x00000608   0x0000000e   Code   RO          879    .text               mc_p.l(strlen.o)
    0x00000616   0x00000616   0x0000001c   Code   RO          881    .text               mc_p.l(strcmp.o)
    0x00000632   0x00000632   0x000000b2   Code   RO          913    .text               mf_p.l(fadd.o)
    0x000006e4   0x000006e4   0x0000007a   Code   RO          915    .text               mf_p.l(fmul.o)
    0x0000075e   0x0000075e   0x0000007c   Code   RO          917    .text               mf_p.l(fdiv.o)
    0x000007da   0x000007da   0x00000002   PAD
    0x000007dc   0x000007dc   0x000000d0   Code   RO          919    .text               mf_p.l(dmul.o)
    0x000008ac   0x000008ac   0x0000001c   Code   RO          921    .text               mf_p.l(fcmple.o)
    0x000008c8   0x000008c8   0x0000001c   Code   RO          923    .text               mf_p.l(fcmpge.o)
    0x000008e4   0x000008e4   0x0000001c   Code   RO          925    .text               mf_p.l(fcmpgt.o)
    0x00000900   0x00000900   0x0000001c   Code   RO          927    .text               mf_p.l(fcmpeq.o)
    0x0000091c   0x0000091c   0x00000016   Code   RO          929    .text               mf_p.l(fflti.o)
    0x00000932   0x00000932   0x00000032   Code   RO          931    .text               mf_p.l(ffixi.o)
    0x00000964   0x00000964   0x00000028   Code   RO          933    .text               mf_p.l(f2d.o)
    0x0000098c   0x0000098c   0x00000038   Code   RO          935    .text               mf_p.l(d2f.o)
    0x000009c4   0x000009c4   0x0000003e   Code   RO          956    .text               mc_p.l(uidiv_div0.o)
    0x00000a02   0x00000a02   0x00000060   Code   RO          962    .text               mc_p.l(uldiv.o)
    0x00000a62   0x00000a62   0x00000002   PAD
    0x00000a64   0x00000a64   0x000000b4   Code   RO          971    .text               mc_p.l(strtod.o)
    0x00000b18   0x00000b18   0x00000000   Code   RO          973    .text               mc_p.l(iusefp.o)
    0x00000b18   0x00000b18   0x00000082   Code   RO          974    .text               mf_p.l(fepilogue.o)
    0x00000b9a   0x00000b9a   0x000000be   Code   RO          976    .text               mf_p.l(depilogue.o)
    0x00000c58   0x00000c58   0x00000164   Code   RO          980    .text               mf_p.l(dadd.o)
    0x00000dbc   0x00000dbc   0x000000f0   Code   RO          982    .text               mf_p.l(ddiv.o)
    0x00000eac   0x00000eac   0x00000040   Code   RO          984    .text               mf_p.l(dfixul.o)
    0x00000eec   0x00000eec   0x00000028   Code   RO          986    .text               mf_p.l(cdrcmple.o)
    0x00000f14   0x00000f14   0x00000004   PAD
    0x00000f18   0x00000f18   0x00000030   Code   RO          988    .text               mc_p.l(init.o)
    0x00000f48   0x00000f48   0x00000020   Code   RO          990    .text               mc_p.l(llshl.o)
    0x00000f68   0x00000f68   0x00000022   Code   RO          992    .text               mc_p.l(llushr.o)
    0x00000f8a   0x00000f8a   0x00000026   Code   RO          994    .text               mc_p.l(llsshr.o)
    0x00000fb0   0x00000fb0   0x0000000e   Code   RO          996    .text               mc_p.l(isspace_c.o)
    0x00000fbe   0x00000fbe   0x00000002   PAD
    0x00000fc0   0x00000fc0   0x00000374   Code   RO          998    .text               mc_p.l(scanf_fp.o)
    0x00001334   0x00001334   0x00000044   Code   RO         1002    .text               mc_p.l(_sgetc.o)
    0x00001378   0x00001378   0x00000030   Code   RO         1004    .text               mc_p.l(llmul.o)
    0x000013a8   0x000013a8   0x00000024   Code   RO         1006    .text               mc_p.l(ctype_c.o)
    0x000013cc   0x000013cc   0x0000001c   Code   RO         1009    .text               mf_p.l(dfltul.o)
    0x000013e8   0x000013e8   0x0000003a   Code   RO         1019    .text               mc_p.l(__dczerorl.o)
    0x00001422   0x00001422   0x0000000a   Code   RO          647    .text.DL_Common_delayCycles  driverlib.a(dl_common.o)
    0x0000142c   0x0000142c   0x00000028   Code   RO          154    .text.DL_Common_updateReg  ti_msp_dl_config.o
    0x00001454   0x00001454   0x00000028   Code   RO          256    .text.DL_Common_updateReg  bsp_i2c.o
    0x0000147c   0x0000147c   0x00000014   Code   RO           96    .text.DL_GPIO_clearPins  ti_msp_dl_config.o
    0x00001490   0x00001490   0x00000014   Code   RO          413    .text.DL_GPIO_clearPins  motor_device.o
    0x000014a4   0x000014a4   0x00000014   Code   RO          585    .text.DL_GPIO_clearPins  task_app.o
    0x000014b8   0x000014b8   0x00000018   Code   RO           88    .text.DL_GPIO_enableHiZ  ti_msp_dl_config.o
    0x000014d0   0x000014d0   0x00000018   Code   RO           82    .text.DL_GPIO_enableOutput  ti_msp_dl_config.o
    0x000014e8   0x000014e8   0x00000014   Code   RO           70    .text.DL_GPIO_enablePower  ti_msp_dl_config.o
    0x000014fc   0x000014fc   0x00000030   Code   RO           92    .text.DL_GPIO_initDigitalInputFeatures  ti_msp_dl_config.o
    0x0000152c   0x0000152c   0x00000014   Code   RO           90    .text.DL_GPIO_initDigitalOutput  ti_msp_dl_config.o
    0x00001540   0x00001540   0x00000014   Code   RO           78    .text.DL_GPIO_initPeripheralAnalogFunction  ti_msp_dl_config.o
    0x00001554   0x00001554   0x00000018   Code   RO           84    .text.DL_GPIO_initPeripheralInputFunction  ti_msp_dl_config.o
    0x0000156c   0x0000156c   0x00000018   Code   RO          288    .text.DL_GPIO_initPeripheralInputFunction  bsp_qei.o
    0x00001584   0x00001584   0x00000038   Code   RO           86    .text.DL_GPIO_initPeripheralInputFunctionFeatures  ti_msp_dl_config.o
    0x000015bc   0x000015bc   0x0000001c   Code   RO           80    .text.DL_GPIO_initPeripheralOutputFunction  ti_msp_dl_config.o
    0x000015d8   0x000015d8   0x00000016   Code   RO          376    .text.DL_GPIO_readPins  key_device.o
    0x000015ee   0x000015ee   0x00000016   Code   RO          426    .text.DL_GPIO_readPins  track_device.o
    0x00001604   0x00001604   0x00000010   Code   RO           62    .text.DL_GPIO_reset  ti_msp_dl_config.o
    0x00001614   0x00001614   0x00000014   Code   RO           94    .text.DL_GPIO_setPins  ti_msp_dl_config.o
    0x00001628   0x00001628   0x00000014   Code   RO          411    .text.DL_GPIO_setPins  motor_device.o
    0x0000163c   0x0000163c   0x00000018   Code   RO          587    .text.DL_GPIO_setPins  task_app.o
    0x00001654   0x00001654   0x00000018   Code   RO          589    .text.DL_GPIO_togglePins  task_app.o
    0x0000166c   0x0000166c   0x00000018   Code   RO          130    .text.DL_I2C_enableAnalogGlitchFilter  ti_msp_dl_config.o
    0x00001684   0x00001684   0x00000014   Code   RO          142    .text.DL_I2C_enableController  ti_msp_dl_config.o
    0x00001698   0x00001698   0x00000018   Code   RO          140    .text.DL_I2C_enableControllerClockStretching  ti_msp_dl_config.o
    0x000016b0   0x000016b0   0x00000018   Code   RO           74    .text.DL_I2C_enablePower  ti_msp_dl_config.o
    0x000016c8   0x000016c8   0x0000002c   Code   RO          660    .text.DL_I2C_fillControllerTXFIFO  driverlib.a(dl_i2c.o)
    0x000016f4   0x000016f4   0x00000024   Code   RO          662    .text.DL_I2C_flushControllerTXFIFO  driverlib.a(dl_i2c.o)
    0x00001718   0x00001718   0x00000018   Code   RO          252    .text.DL_I2C_isControllerRXFIFOEmpty  bsp_i2c.o
    0x00001730   0x00001730   0x0000001c   Code   RO          248    .text.DL_I2C_isControllerTXFIFOFull  bsp_i2c.o
    0x0000174c   0x0000174c   0x00000014   Code   RO          254    .text.DL_I2C_receiveControllerData  bsp_i2c.o
    0x00001760   0x00001760   0x00000018   Code   RO           66    .text.DL_I2C_reset  ti_msp_dl_config.o
    0x00001778   0x00001778   0x00000010   Code   RO          132    .text.DL_I2C_resetControllerTransfer  ti_msp_dl_config.o
    0x00001788   0x00001788   0x00000026   Code   RO          128    .text.DL_I2C_setAnalogGlitchFilterPulseWidth  ti_msp_dl_config.o
    0x000017ae   0x000017ae   0x00000026   Code   RO          656    .text.DL_I2C_setClockConfig  driverlib.a(dl_i2c.o)
    0x000017d4   0x000017d4   0x00000024   Code   RO          138    .text.DL_I2C_setControllerRXFIFOThreshold  ti_msp_dl_config.o
    0x000017f8   0x000017f8   0x00000028   Code   RO          136    .text.DL_I2C_setControllerTXFIFOThreshold  ti_msp_dl_config.o
    0x00001820   0x00001820   0x00000018   Code   RO          134    .text.DL_I2C_setTimerPeriod  ti_msp_dl_config.o
    0x00001838   0x00001838   0x00000050   Code   RO          246    .text.DL_I2C_startControllerTransfer  bsp_i2c.o
    0x00001888   0x00001888   0x000000c0   Code   RO          829    .text.DL_SYSCTL_configSYSPLL  driverlib.a(dl_sysctl_mspm0g1x0x_g3x0x.o)
    0x00001948   0x00001948   0x0000000c   Code   RO          104    .text.DL_SYSCTL_disableHFXT  ti_msp_dl_config.o
    0x00001954   0x00001954   0x00000014   Code   RO          106    .text.DL_SYSCTL_disableSYSPLL  ti_msp_dl_config.o
    0x00001968   0x00001968   0x00000010   Code   RO          110    .text.DL_SYSCTL_enableMFCLK  ti_msp_dl_config.o
    0x00001978   0x00001978   0x00000018   Code   RO           98    .text.DL_SYSCTL_setBORThreshold  ti_msp_dl_config.o
    0x00001990   0x00001990   0x0000001c   Code   RO          100    .text.DL_SYSCTL_setFlashWaitState  ti_msp_dl_config.o
    0x000019ac   0x000019ac   0x00000050   Code   RO          843    .text.DL_SYSCTL_setHFCLKSourceHFXTParams  driverlib.a(dl_sysctl_mspm0g1x0x_g3x0x.o)
    0x000019fc   0x000019fc   0x0000001c   Code   RO          102    .text.DL_SYSCTL_setSYSOSCFreq  ti_msp_dl_config.o
    0x00001a18   0x00001a18   0x00000018   Code   RO          108    .text.DL_SYSCTL_setULPCLKDivider  ti_msp_dl_config.o
    0x00001a30   0x00001a30   0x00000028   Code   RO          837    .text.DL_SYSCTL_switchMCLKfromSYSOSCtoHSCLK  driverlib.a(dl_sysctl_mspm0g1x0x_g3x0x.o)
    0x00001a58   0x00001a58   0x0000004c   Code   RO          118    .text.DL_Timer_configQEI  ti_msp_dl_config.o
    0x00001aa4   0x00001aa4   0x00000014   Code   RO          114    .text.DL_Timer_enableClock  ti_msp_dl_config.o
    0x00001ab8   0x00001ab8   0x00000018   Code   RO          124    .text.DL_Timer_enableInterrupt  ti_msp_dl_config.o
    0x00001ad0   0x00001ad0   0x00000014   Code   RO           72    .text.DL_Timer_enablePower  ti_msp_dl_config.o
    0x00001ae4   0x00001ae4   0x00000012   Code   RO          550    .text.DL_Timer_getPendingInterrupt  ti_msp_nvic.o
    0x00001af6   0x00001af6   0x00000010   Code   RO          282    .text.DL_Timer_getTimerCount  bsp_qei.o
    0x00001b06   0x00001b06   0x00000002   PAD
    0x00001b08   0x00001b08   0x00000108   Code   RO          768    .text.DL_Timer_initFourCCPWMMode  driverlib.a(dl_timer.o)
    0x00001c10   0x00001c10   0x000000e8   Code   RO          692    .text.DL_Timer_initTimerMode  driverlib.a(dl_timer.o)
    0x00001cf8   0x00001cf8   0x00000010   Code   RO           64    .text.DL_Timer_reset  ti_msp_dl_config.o
    0x00001d08   0x00001d08   0x00000014   Code   RO          116    .text.DL_Timer_setCCPDirection  ti_msp_dl_config.o
    0x00001d1c   0x00001d1c   0x0000001c   Code   RO          734    .text.DL_Timer_setCaptCompUpdateMethod  driverlib.a(dl_timer.o)
    0x00001d38   0x00001d38   0x00000018   Code   RO          742    .text.DL_Timer_setCaptureCompareOutCtl  driverlib.a(dl_timer.o)
    0x00001d50   0x00001d50   0x00000010   Code   RO          694    .text.DL_Timer_setCaptureCompareValue  driverlib.a(dl_timer.o)
    0x00001d60   0x00001d60   0x0000001c   Code   RO          688    .text.DL_Timer_setClockConfig  driverlib.a(dl_timer.o)
    0x00001d7c   0x00001d7c   0x00000038   Code   RO          112    .text.DL_Timer_setCounterControl  ti_msp_dl_config.o
    0x00001db4   0x00001db4   0x00000018   Code   RO          120    .text.DL_Timer_setLoadValue  ti_msp_dl_config.o
    0x00001dcc   0x00001dcc   0x00000014   Code   RO          286    .text.DL_Timer_setTimerCount  bsp_qei.o
    0x00001de0   0x00001de0   0x00000018   Code   RO          122    .text.DL_Timer_startCounter  ti_msp_dl_config.o
    0x00001df8   0x00001df8   0x00000016   Code   RO          150    .text.DL_UART_enable  ti_msp_dl_config.o
    0x00001e0e   0x00001e0e   0x00000002   PAD
    0x00001e10   0x00001e10   0x0000001c   Code   RO          148    .text.DL_UART_enableInterrupt  ti_msp_dl_config.o
    0x00001e2c   0x00001e2c   0x00000018   Code   RO           76    .text.DL_UART_enablePower  ti_msp_dl_config.o
    0x00001e44   0x00001e44   0x00000012   Code   RO          556    .text.DL_UART_getPendingInterrupt  ti_msp_nvic.o
    0x00001e56   0x00001e56   0x00000002   PAD
    0x00001e58   0x00001e58   0x00000048   Code   RO          789    .text.DL_UART_init  driverlib.a(dl_uart.o)
    0x00001ea0   0x00001ea0   0x00000014   Code   RO          558    .text.DL_UART_receiveData  ti_msp_nvic.o
    0x00001eb4   0x00001eb4   0x00000018   Code   RO           68    .text.DL_UART_reset  ti_msp_dl_config.o
    0x00001ecc   0x00001ecc   0x0000004c   Code   RO          146    .text.DL_UART_setBaudRateDivisor  ti_msp_dl_config.o
    0x00001f18   0x00001f18   0x00000012   Code   RO          791    .text.DL_UART_setClockConfig  driverlib.a(dl_uart.o)
    0x00001f2a   0x00001f2a   0x0000001e   Code   RO          144    .text.DL_UART_setOversampling  ti_msp_dl_config.o
    0x00001f48   0x00001f48   0x00000014   Code   RO           22    .text.DL_WWDT_disablePower  empty.o
    0x00001f5c   0x00001f5c   0x00000044   Code   RO          397    .text.Encoder_GetSpeed  encoder_device.o
    0x00001fa0   0x00001fa0   0x00000044   Code   RO          395    .text.Encoder_Getlaps  encoder_device.o
    0x00001fe4   0x00001fe4   0x00000010   Code   RO          391    .text.Encoder_NVICCallBckeEntery  encoder_device.o
    0x00001ff4   0x00001ff4   0x0000002a   Code   RO          212    .text.FAST_ASIN     mahony.o
    0x0000201e   0x0000201e   0x00000002   PAD
    0x00002020   0x00002020   0x0000004c   Code   RO          244    .text.I2C_WaitIdle  bsp_i2c.o
    0x0000206c   0x0000206c   0x00000074   Code   RO          321    .text.IMU660RB_Init  imu660rb_driver.o
    0x000020e0   0x000020e0   0x0000016c   Code   RO          361    .text.IMU660RB_ProcessData  imu660rb_device.o
    0x0000224c   0x0000224c   0x00000038   Code   RO          327    .text.IMU660RB_ReadRegister  imu660rb_driver.o
    0x00002284   0x00002284   0x000000e0   Code   RO          359    .text.IMU660RB_Start  imu660rb_device.o
    0x00002364   0x00002364   0x00000080   Code   RO          325    .text.IMU660RB_Update  imu660rb_driver.o
    0x000023e4   0x000023e4   0x00000028   Code   RO          323    .text.IMU660RB_WriteRegister  imu660rb_driver.o
    0x0000240c   0x0000240c   0x0000020c   Code   RO          374    .text.Key_CheckStates  key_device.o
    0x00002618   0x00002618   0x000001b4   Code   RO          208    .text.Mahony_GetEuler  mahony.o
    0x000027cc   0x000027cc   0x0000002c   Code   RO          204    .text.Mahony_Init   mahony.o
    0x000027f8   0x000027f8   0x00000010   Code   RO          206    .text.Mahony_NVICCallBckeEntery  mahony.o
    0x00002808   0x00002808   0x000004b8   Code   RO          210    .text.Mahony_Update  mahony.o
    0x00002cc0   0x00002cc0   0x00000024   Code   RO          526    .text.Menu_BackFatherMenu  menu_states.o
    0x00002ce4   0x00002ce4   0x00000054   Code   RO          455    .text.Menu_Control  menu.o
    0x00002d38   0x00002d38   0x00000008   Code   RO          457    .text.Menu_ControlDown  menu.o
    0x00002d40   0x00002d40   0x00000008   Code   RO          465    .text.Menu_ControlEnter  menu.o
    0x00002d48   0x00002d48   0x00000008   Code   RO          463    .text.Menu_ControlLeft  menu.o
    0x00002d50   0x00002d50   0x00000008   Code   RO          461    .text.Menu_ControlRight  menu.o
    0x00002d58   0x00002d58   0x00000008   Code   RO          459    .text.Menu_ControlUp  menu.o
    0x00002d60   0x00002d60   0x00000154   Code   RO          516    .text.Menu_DrawPage  menu_states.o
    0x00002eb4   0x00002eb4   0x00000048   Code   RO          524    .text.Menu_EnterClassMenu  menu_states.o
    0x00002efc   0x00002efc   0x00000040   Code   RO          520    .text.Menu_IndexDown  menu_states.o
    0x00002f3c   0x00002f3c   0x00000060   Code   RO          522    .text.Menu_IndexUp  menu_states.o
    0x00002f9c   0x00002f9c   0x00000078   Code   RO          518    .text.Menu_ProcessState  menu_states.o
    0x00003014   0x00003014   0x0000003c   Code   RO          528    .text.Menu_RunMenuFunction  menu_states.o
    0x00003050   0x00003050   0x00000018   Code   RO          514    .text.MenustatesMachine_Init  menu_states.o
    0x00003068   0x00003068   0x00000044   Code   RO          407    .text.Motor_DeviceInit  motor_device.o
    0x000030ac   0x000030ac   0x00000154   Code   RO          409    .text.Motor_SetDuty  motor_device.o
    0x00003200   0x00003200   0x00000034   Code   RO          350    .text.OLED_CharToIdx  oled_device.o
    0x00003234   0x00003234   0x00000010   Code   RO          307    .text.OLED_ClearBuffer  oled_driver.o
    0x00003244   0x00003244   0x0000005c   Code   RO          309    .text.OLED_DrawData  oled_driver.o
    0x000032a0   0x000032a0   0x00000064   Code   RO          299    .text.OLED_Flush    oled_driver.o
    0x00003304   0x00003304   0x000000d4   Code   RO          311    .text.OLED_Init     oled_driver.o
    0x000033d8   0x000033d8   0x0000003e   Code   RO          342    .text.OLED_Printf_Hope  oled_device.o
    0x00003416   0x00003416   0x0000003e   Code   RO          346    .text.OLED_Printf_Regret  oled_device.o
    0x00003454   0x00003454   0x00000040   Code   RO          301    .text.OLED_SetCursor  oled_driver.o
    0x00003494   0x00003494   0x000001fc   Code   RO          344    .text.OLED_ShowString_Hope  oled_device.o
    0x00003690   0x00003690   0x000001fc   Code   RO          348    .text.OLED_ShowString_Regret  oled_device.o
    0x0000388c   0x0000388c   0x00000084   Code   RO          629    .text.PID_AngleCalc  pid_task.o
    0x00003910   0x00003910   0x00000496   Code   RO          227    .text.PID_Calc      pid.o
    0x00003da6   0x00003da6   0x00000002   PAD
    0x00003da8   0x00003da8   0x00000070   Code   RO          627    .text.PID_MotorSetSpeed  pid_task.o
    0x00003e18   0x00003e18   0x00000014   Code   RO          633    .text.PID_Switch    pid_task.o
    0x00003e2c   0x00003e2c   0x00000154   Code   RO          625    .text.PID_Task      pid_task.o
    0x00003f80   0x00003f80   0x000000dc   Code   RO          623    .text.PID_TaskInit  pid_task.o
    0x0000405c   0x0000405c   0x0000007c   Code   RO          280    .text.QEI_GetCount  bsp_qei.o
    0x000040d8   0x000040d8   0x00000024   Code   RO          363    .text.Radians       imu660rb_device.o
    0x000040fc   0x000040fc   0x00000050   Code   RO           54    .text.SYSCFG_DL_Debug_UART_init  ti_msp_dl_config.o
    0x0000414c   0x0000414c   0x00000040   Code   RO           46    .text.SYSCFG_DL_ENCODER_TIMER_init  ti_msp_dl_config.o
    0x0000418c   0x0000418c   0x000001d8   Code   RO           36    .text.SYSCFG_DL_GPIO_init  ti_msp_dl_config.o
    0x00004364   0x00004364   0x0000003c   Code   RO           44    .text.SYSCFG_DL_IMU_TIMER_init  ti_msp_dl_config.o
    0x000043a0   0x000043a0   0x00000054   Code   RO           50    .text.SYSCFG_DL_OLED_init  ti_msp_dl_config.o
    0x000043f4   0x000043f4   0x00000038   Code   RO           48    .text.SYSCFG_DL_PID_TIMER_init  ti_msp_dl_config.o
    0x0000442c   0x0000442c   0x00000050   Code   RO           38    .text.SYSCFG_DL_SYSCTL_init  ti_msp_dl_config.o
    0x0000447c   0x0000447c   0x00000010   Code   RO           56    .text.SYSCFG_DL_SYSTICK_init  ti_msp_dl_config.o
    0x0000448c   0x0000448c   0x0000004c   Code   RO           42    .text.SYSCFG_DL_encoder_qei_init  ti_msp_dl_config.o
    0x000044d8   0x000044d8   0x00000054   Code   RO           52    .text.SYSCFG_DL_imu660rb_init  ti_msp_dl_config.o
    0x0000452c   0x0000452c   0x0000005c   Code   RO           32    .text.SYSCFG_DL_init  ti_msp_dl_config.o
    0x00004588   0x00004588   0x000000b0   Code   RO           34    .text.SYSCFG_DL_initPower  ti_msp_dl_config.o
    0x00004638   0x00004638   0x00000094   Code   RO           40    .text.SYSCFG_DL_motor_pwm_init  ti_msp_dl_config.o
    0x000046cc   0x000046cc   0x00000050   Code   RO          152    .text.SysTick_Config  ti_msp_dl_config.o
    0x0000471c   0x0000471c   0x00000008   Code   RO            8    .text.SysTick_Handler  main.o
    0x00004724   0x00004724   0x00000020   Code   RO          560    .text.TIMA0_IRQHandler  ti_msp_nvic.o
    0x00004744   0x00004744   0x00000020   Code   RO          552    .text.TIMG0_IRQHandler  ti_msp_nvic.o
    0x00004764   0x00004764   0x00000020   Code   RO          548    .text.TIMG6_IRQHandler  ti_msp_nvic.o
    0x00004784   0x00004784   0x000000f0   Code   RO          583    .text.TaskProcess_Main  task_app.o
    0x00004874   0x00004874   0x000000e0   Code   RO          424    .text.Track_Task    track_device.o
    0x00004954   0x00004954   0x00000034   Code   RO          554    .text.UART0_IRQHandler  ti_msp_nvic.o
    0x00004988   0x00004988   0x00000108   Code   RO          231    .text.UART_PIDtuneProcess  pid.o
    0x00004a90   0x00004a90   0x00000060   Code   RO          269    .text.UART_RxPushByte  bsp_uart.o
    0x00004af0   0x00004af0   0x00000018   Code   RO          571    .text.UI_IMUInitMessage  ui_app.o
    0x00004b08   0x00004b08   0x0000000c   Code   RO          569    .text.UI_Init       ui_app.o
    0x00004b14   0x00004b14   0x00000010   Code   RO          573    .text.UI_Task       ui_app.o
    0x00004b24   0x00004b24   0x00000076   Code   RO          250    .text.WR_Bsp_I2C_ReceiveData  bsp_i2c.o
    0x00004b9a   0x00004b9a   0x000000d6   Code   RO          242    .text.WR_Bsp_I2C_SendData  bsp_i2c.o
    0x00004c70   0x00004c70   0x0000003a   Code   RO            6    .text.WR_Delay      main.o
    0x00004caa   0x00004caa   0x00000016   Code   RO          610    .text.WR_FlagRead   wr_flagsystem.o
    0x00004cc0   0x00004cc0   0x00000010   Code   RO          608    .text.WR_FlagWrite  wr_flagsystem.o
    0x00004cd0   0x00004cd0   0x00000008   Code   RO            4    .text.WR_GetTick    main.o
    0x00004cd8   0x00004cd8   0x00000010   Code   RO            2    .text.WR_IncTik     main.o
    0x00004ce8   0x00004ce8   0x0000002e   Code   RO          378    .text.WR_KeyControlTask  key_device.o
    0x00004d16   0x00004d16   0x00000040   Code   RO          542    .text.WR_NVIC_Init  ti_msp_nvic.o
    0x00004d56   0x00004d56   0x00000002   PAD
    0x00004d58   0x00004d58   0x00000034   Code   RO          303    .text.WR_OLED_SendCmd  oled_driver.o
    0x00004d8c   0x00004d8c   0x0000001c   Code   RO          216    .text.__ARM_isfinite  mahony.o
    0x00004da8   0x00004da8   0x00000014   Code   RO          214    .text.__ARM_isfinitef  mahony.o
    0x00004dbc   0x00004dbc   0x0000002c   Code   RO          544    .text.__NVIC_ClearPendingIRQ  ti_msp_nvic.o
    0x00004de8   0x00004de8   0x0000002c   Code   RO          546    .text.__NVIC_EnableIRQ  ti_msp_nvic.o
    0x00004e14   0x00004e14   0x00000084   Code   RO          126    .text.__NVIC_SetPriority  ti_msp_dl_config.o
    0x00004e98   0x00004e98   0x00000008   Code   RO           10    .text.assert_failed  main.o
    0x00004ea0   0x00004ea0   0x00000008   Code   RO          473    .text.buzzer_off    menu.o
    0x00004ea8   0x00004ea8   0x00000008   Code   RO          475    .text.buzzer_on     menu.o
    0x00004eb0   0x00004eb0   0x0000000c   Code   RO          477    .text.buzzer_toggle  menu.o
    0x00004ebc   0x00004ebc   0x00000014   Code   RO          441    .text.default_staticshow  menu.o
    0x00004ed0   0x00004ed0   0x00000070   Code   RO          393    .text.encoder_Process  encoder_device.o
    0x00004f40   0x00004f40   0x00000090   Code   RO          447    .text.encoder_dynamicshow  menu.o
    0x00004fd0   0x00004fd0   0x00000050   Code   RO          449    .text.encoder_staticshow  menu.o
    0x00005020   0x00005020   0x00000070   Code   RO          443    .text.imu660rb_dynamicshow  menu.o
    0x00005090   0x00005090   0x00000040   Code   RO          445    .text.imu660rb_staticshow  menu.o
    0x000050d0   0x000050d0   0x00000008   Code   RO          467    .text.led_off       menu.o
    0x000050d8   0x000050d8   0x00000008   Code   RO          469    .text.led_on        menu.o
    0x000050e0   0x000050e0   0x0000000c   Code   RO          471    .text.led_toggle    menu.o
    0x000050ec   0x000050ec   0x00000044   Code   RO           20    .text.main          empty.o
    0x00005130   0x00005130   0x00000080   Code   RO          284    .text.qei_switch    bsp_qei.o
    0x000051b0   0x000051b0   0x0000001c   Code   RO          481    .text.speedlop_off  menu.o
    0x000051cc   0x000051cc   0x00000024   Code   RO          479    .text.speedlop_on   menu.o
    0x000051f0   0x000051f0   0x0000002c   Code   RO          451    .text.track_dynamicshow  menu.o
    0x0000521c   0x0000521c   0x00000018   Code   RO          453    .text.track_staticshow  menu.o
    0x00005234   0x00005234   0x0000000c   Code   RO          485    .text.tracklop_off  menu.o
    0x00005240   0x00005240   0x00000020   Code   RO          483    .text.tracklop_on   menu.o
    0x00005260   0x00005260   0x00000024   Code   RO          892    i.__0vsprintf       mc_p.l(printfa.o)
    0x00005284   0x00005284   0x0000002e   Code   RO          978    i.__ARM_clz         mf_p.l(depilogue.o)
    0x000052b2   0x000052b2   0x00000002   PAD
    0x000052b4   0x000052b4   0x0000000c   Code   RO          965    i.__read_errno      mc_p.l(errno.o)
    0x000052c0   0x000052c0   0x0000000e   Code   RO         1013    i.__scatterload_copy  mc_p.l(handlers.o)
    0x000052ce   0x000052ce   0x00000002   PAD
    0x000052d0   0x000052d0   0x00000002   Code   RO         1014    i.__scatterload_null  mc_p.l(handlers.o)
    0x000052d2   0x000052d2   0x00000006   PAD
    0x000052d8   0x000052d8   0x0000000e   Code   RO         1015    i.__scatterload_zeroinit  mc_p.l(handlers.o)
    0x000052e6   0x000052e6   0x00000002   PAD
    0x000052e8   0x000052e8   0x0000000c   Code   RO          966    i.__set_errno       mc_p.l(errno.o)
    0x000052f4   0x000052f4   0x00000174   Code   RO          893    i._fp_digits        mc_p.l(printfa.o)
    0x00005468   0x00005468   0x0000000e   Code   RO         1000    i._is_digit         mc_p.l(scanf_fp.o)
    0x00005476   0x00005476   0x00000002   PAD
    0x00005478   0x00005478   0x000006ec   Code   RO          894    i._printf_core      mc_p.l(printfa.o)
    0x00005b64   0x00005b64   0x00000020   Code   RO          895    i._printf_post_padding  mc_p.l(printfa.o)
    0x00005b84   0x00005b84   0x0000002c   Code   RO          896    i._printf_pre_padding  mc_p.l(printfa.o)
    0x00005bb0   0x00005bb0   0x0000000a   Code   RO          898    i._sputc            mc_p.l(printfa.o)
    0x00005bba   0x00005bba   0x0000002c   Code   RO          861    i.atof              m_ps.l(atof.o)
    0x00005be6   0x00005be6   0x00000040   Data   RO         1007    .constdata          mc_p.l(ctype_c.o)
    0x00005c26   0x00005c26   0x0000023a   Data   RO          196    .rodata.OLED_F6x8_Hope  oled_font.o
    0x00005e60   0x00005e60   0x0000023a   Data   RO          198    .rodata.OLED_F6x8_Regret  oled_font.o
    0x0000609a   0x0000609a   0x000005f0   Data   RO          195    .rodata.OLED_F8x16_Hope  oled_font.o
    0x0000668a   0x0000668a   0x000005f0   Data   RO          197    .rodata.OLED_F8x16_Regret  oled_font.o
    0x00006c7a   0x00006c7a   0x00000002   PAD
    0x00006c7c   0x00006c7c   0x00000040   Data   RO          332    .rodata.accel_config_table  imu660rb_driver.o
    0x00006cbc   0x00006cbc   0x00000024   Data   RO          493    .rodata.buzzertask_Menuitem  menu.o
    0x00006ce0   0x00006ce0   0x00000018   Data   RO          494    .rodata.buzzertask_Menupage  menu.o
    0x00006cf8   0x00006cf8   0x00000024   Data   RO          495    .rodata.debug_Menuitem  menu.o
    0x00006d1c   0x00006d1c   0x00000018   Data   RO          496    .rodata.debug_Menupage  menu.o
    0x00006d34   0x00006d34   0x00000018   Data   RO          498    .rodata.encoder_Menupage  menu.o
    0x00006d4c   0x00006d4c   0x00000002   Data   RO          172    .rodata.gDebug_UARTClockConfig  ti_msp_dl_config.o
    0x00006d4e   0x00006d4e   0x0000000a   Data   RO          173    .rodata.gDebug_UARTConfig  ti_msp_dl_config.o
    0x00006d58   0x00006d58   0x00000003   Data   RO          166    .rodata.gENCODER_TIMERClockConfig  ti_msp_dl_config.o
    0x00006d5b   0x00006d5b   0x00000001   PAD
    0x00006d5c   0x00006d5c   0x00000014   Data   RO          167    .rodata.gENCODER_TIMERTimerConfig  ti_msp_dl_config.o
    0x00006d70   0x00006d70   0x00000003   Data   RO          164    .rodata.gIMU_TIMERClockConfig  ti_msp_dl_config.o
    0x00006d73   0x00006d73   0x00000001   PAD
    0x00006d74   0x00006d74   0x00000014   Data   RO          165    .rodata.gIMU_TIMERTimerConfig  ti_msp_dl_config.o
    0x00006d88   0x00006d88   0x00000002   Data   RO          170    .rodata.gOLEDClockConfig  ti_msp_dl_config.o
    0x00006d8a   0x00006d8a   0x00000003   Data   RO          168    .rodata.gPID_TIMERClockConfig  ti_msp_dl_config.o
    0x00006d8d   0x00006d8d   0x00000003   PAD
    0x00006d90   0x00006d90   0x00000014   Data   RO          169    .rodata.gPID_TIMERTimerConfig  ti_msp_dl_config.o
    0x00006da4   0x00006da4   0x00000028   Data   RO          160    .rodata.gSYSPLLConfig  ti_msp_dl_config.o
    0x00006dcc   0x00006dcc   0x00000003   Data   RO          163    .rodata.gencoder_qeiClockConfig  ti_msp_dl_config.o
    0x00006dcf   0x00006dcf   0x00000002   Data   RO          171    .rodata.gimu660rbClockConfig  ti_msp_dl_config.o
    0x00006dd1   0x00006dd1   0x00000003   Data   RO          161    .rodata.gmotor_pwmClockConfig  ti_msp_dl_config.o
    0x00006dd4   0x00006dd4   0x00000008   Data   RO          162    .rodata.gmotor_pwmConfig  ti_msp_dl_config.o
    0x00006ddc   0x00006ddc   0x00000040   Data   RO          331    .rodata.gyro_config_table  imu660rb_driver.o
    0x00006e1c   0x00006e1c   0x00000018   Data   RO          497    .rodata.imu660rb_Menupage  menu.o
    0x00006e34   0x00006e34   0x00000024   Data   RO          491    .rodata.ledtask_Menuitem  menu.o
    0x00006e58   0x00006e58   0x00000018   Data   RO          492    .rodata.ledtask_Menupage  menu.o
    0x00006e70   0x00006e70   0x00000024   Data   RO          487    .rodata.root_Menuitem  menu.o
    0x00006e94   0x00006e94   0x00000018   Data   RO          488    .rodata.root_Menupage  menu.o
    0x00006eac   0x00006eac   0x00000018   Data   RO          500    .rodata.setting_Menuitem  menu.o
    0x00006ec4   0x00006ec4   0x00000018   Data   RO          501    .rodata.setting_Menupage  menu.o
    0x00006edc   0x00006edc   0x00000018   Data   RO          502    .rodata.speedlop_Menuitem  menu.o
    0x00006ef4   0x00006ef4   0x00000018   Data   RO          503    .rodata.speedlop_Menupage  menu.o
    0x00006f0c   0x00006f0c   0x0000000d   Data   RO          234    .rodata.str1.1      pid.o
    0x00006f19   0x00006f19   0x000000e8   Data   RO          506    .rodata.str1.1      menu.o
    0x00007001   0x00007001   0x00000006   Data   RO          533    .rodata.str1.1      menu_states.o
    0x00007007   0x00007007   0x0000000f   Data   RO          575    .rodata.str1.1      ui_app.o
    0x00007016   0x00007016   0x00000002   PAD
    0x00007018   0x00007018   0x00000018   Data   RO          489    .rodata.task_Menuitem  menu.o
    0x00007030   0x00007030   0x00000018   Data   RO          490    .rodata.task_Menupage  menu.o
    0x00007048   0x00007048   0x00000018   Data   RO          499    .rodata.track_Menupage  menu.o
    0x00007060   0x00007060   0x00000018   Data   RO          504    .rodata.tracklop_Menuitem  menu.o
    0x00007078   0x00007078   0x00000018   Data   RO          505    .rodata.tracklop_Menupage  menu.o
    0x00007090   0x00007090   0x00000020   Data   RO         1012    Region$$Table       anon$$obj.o


    Execution Region RW_IRAM2 (Exec base: 0x20200000, Load base: 0x000070b0, Size: 0x00004a20, Max: 0x00008000, ABSOLUTE, COMPRESSED[0x00000078])

    Exec Addr    Load Addr    Size         Type   Attr      Idx    E Section Name        Object

    0x20200000   COMPRESSED   0x00000004   Data   RW          967    .data               mc_p.l(errno.o)
    0x20200004   COMPRESSED   0x00000030   Data   RW          290    .data.QEI_info      bsp_qei.o
    0x20200034   COMPRESSED   0x00000078   Data   RW          382    .data.bsp_key_param  key_device.o
    0x202000ac   COMPRESSED   0x00000038   Data   RW          428    .data.bsp_track_param  track_device.o
    0x202000e4   COMPRESSED   0x00000004   Data   RW          432    .data.last_coord    track_device.o
    0x202000e8   COMPRESSED   0x00000001   Data   RW          531    .data.menu_staticrefreshstate  menu_states.o
    0x202000e9   COMPRESSED   0x00000003   PAD
    0x202000ec   COMPRESSED   0x00000020   Data   RW          415    .data.moror_dir_param  motor_device.o
    0x2020010c   COMPRESSED   0x00000030   Data   RW          416    .data.motor_param   motor_device.o
    0x2020013c   COMPRESSED   0x00000004   PAD
    0x20200140        -       0x00000001   Zero   RW          271    .bss.DataRecive_isok  bsp_uart.o
    0x20200141   COMPRESSED   0x00000003   PAD
    0x20200144        -       0x0000001c   Zero   RW          365    .bss.IMU660RB_Data  imu660rb_device.o
    0x20200160        -       0x0000000e   Zero   RW          329    .bss.IMU660RB_RawData  imu660rb_driver.o
    0x2020016e   COMPRESSED   0x00000002   PAD
    0x20200170        -       0x00000010   Zero   RW          330    .bss.IMU660RB_config  imu660rb_driver.o
    0x20200180        -       0x0000001c   Zero   RW          366    .bss.IMU660RB_off   imu660rb_device.o
    0x2020019c        -       0x00000004   Zero   RW          383    .bss.Key_CheckStates.task_next_time_bsp_keytask  key_device.o
    0x202001a0        -       0x0000000c   Zero   RW          219    .bss.Mahony_Euler   mahony.o
    0x202001ac        -       0x00000024   Zero   RW          218    .bss.Mahony_param   mahony.o
    0x202001d0        -       0x00000004   Zero   RW          534    .bss.Menu_DrawPage.task_next_time_refresh_id  menu_states.o
    0x202001d4        -       0x00000001   Zero   RW          635    .bss.PID_CtrlMode   pid_task.o
    0x202001d5        -       0x00000040   Zero   RW          233    .bss.PID_Tunebuffer  pid.o
    0x20200215   COMPRESSED   0x00000003   PAD
    0x20200218        -       0x00000044   Zero   RW          639    .bss.PID_anglelop   pid_task.o
    0x2020025c        -       0x00000044   Zero   RW          636    .bss.PID_motor1     pid_task.o
    0x202002a0        -       0x00000044   Zero   RW          637    .bss.PID_motor2     pid_task.o
    0x202002e4        -       0x00000044   Zero   RW          638    .bss.PID_track      pid_task.o
    0x20200328        -       0x00000004   Zero   RW          594    .bss.TaskProcess_Main.task_next_time_task_buzzertoggle_id  task_app.o
    0x2020032c        -       0x00000004   Zero   RW          593    .bss.TaskProcess_Main.task_next_time_task_ledtoggle_id  task_app.o
    0x20200330        -       0x00000004   Zero   RW          433    .bss.Track_Flag     track_device.o
    0x20200334        -       0x00000001   Zero   RW          272    .bss.UART_RxPushByte.Put_index  bsp_uart.o
    0x20200335   COMPRESSED   0x00000003   PAD
    0x20200338        -       0x00000004   Zero   RW          431    .bss.coord          track_device.o
    0x2020033c        -       0x00000001   Zero   RW          592    .bss.debug_buzzer   task_app.o
    0x2020033d        -       0x00000001   Zero   RW          591    .bss.debug_led      task_app.o
    0x2020033e   COMPRESSED   0x00000002   PAD
    0x20200340        -       0x00000010   Zero   RW          399    .bss.encoder_info   encoder_device.o
    0x20200350        -       0x000000a0   Zero   RW          158    .bss.gIMU_TIMERBackup  ti_msp_dl_config.o
    0x202003f0        -       0x000000bc   Zero   RW          159    .bss.gPID_TIMERBackup  ti_msp_dl_config.o
    0x202004ac        -       0x000000a0   Zero   RW          157    .bss.gencoder_qeiBackup  ti_msp_dl_config.o
    0x2020054c        -       0x000000bc   Zero   RW          156    .bss.gmotor_pwmBackup  ti_msp_dl_config.o
    0x20200608        -       0x00000008   Zero   RW          532    .bss.menu_context   menu_states.o
    0x20200610        -       0x00000001   Zero   RW          530    .bss.menu_statemachine  menu_states.o
    0x20200611        -       0x00000001   Zero   RW          291    .bss.now_qeigroup   bsp_qei.o
    0x20200612        -       0x00000400   Zero   RW          313    .bss.oled_fb        oled_driver.o
    0x20200a12        -       0x00000001   Zero   RW          430    .bss.qty            track_device.o
    0x20200a13        -       0x00000007   Zero   RW          429    .bss.track_position  track_device.o
    0x20200a1a   COMPRESSED   0x00000002   PAD
    0x20200a1c        -       0x00000004   Zero   RW           12    .bss.uwTick         main.o
    0x20200a20        -       0x00004000   Zero   RW          180    STACK               startup_mspm0g350x_uvision.o



  Load Region LR_BCR (Base: 0x41c00000, Size: 0x00000000, Max: 0x00000100, ABSOLUTE)

    Execution Region BCR_CONFIG (Exec base: 0x41c00000, Load base: 0x41c00000, Size: 0x00000000, Max: 0x000000ff, ABSOLUTE)

    **** No section assigned to this execution region ****



  Load Region LR_BSL (Base: 0x41c00100, Size: 0x00000000, Max: 0x00000100, ABSOLUTE)

    Execution Region BSL_CONFIG (Exec base: 0x41c00100, Load base: 0x41c00100, Size: 0x00000000, Max: 0x00000080, ABSOLUTE)

    **** No section assigned to this execution region ****


==============================================================================

Image component sizes


      Code (inc. data)   RO Data    RW Data    ZI Data      Debug   Object Name

       600         28          0          0          0       4723   bsp_i2c.o
       312         16          0         48          1       4558   bsp_qei.o
        96          8          0          0          2       3252   bsp_uart.o
        88          4          0          0          0       1663   empty.o
       264         16          0          0         16       1601   encoder_device.o
       624         32          0          0         56       1373   imu660rb_device.o
       340         16        128          0         30       5020   imu660rb_driver.o
       592          8          0        120          4       4841   key_device.o
      1794         44          0          0         48       2874   mahony.o
        98          4          0          0          4       1062   main.o
       776        100        736          0          0       5005   menu.o
       812         48          6          1         13       3064   menu_states.o
       448         24          0         80          0       6577   motor_device.o
      1192         16          0          0          0       3708   oled_device.o
       536         12          0          0       1024       3968   oled_driver.o
         0          0       4180          0          0        635   oled_font.o
      1438         20         13          0         64       3937   pid.o
       824         76          0          0        273       3688   pid_task.o
      1220        156          0          0          0       1929   qfplib.o
        20          4        192          0      16384        620   startup_mspm0g350x_uvision.o
       308         28          0          0         10       4420   task_app.o
      2966        256        139          0        696      32803   ti_msp_dl_config.o
       356         28          0          0          0       8167   ti_msp_nvic.o
       246         24          0         60         16       4065   track_device.o
        52          4         15          0          0        666   ui_app.o
        38          0          0          0          0       1485   wr_flagsystem.o

    ----------------------------------------------------------------------
     16052        972       5450        312      18660     115704   Object Totals
         0          0         32          0          0          0   (incl. Generated)
        12          0          9          3         19          0   (incl. Padding)

    ----------------------------------------------------------------------

      Code (inc. data)   RO Data    RW Data    ZI Data      Debug   Library Member Name

        10          0          0          0          0        803   dl_common.o
       118          0          0          0          0       8620   dl_i2c.o
       312         24          0          0          0      12877   dl_sysctl_mspm0g1x0x_g3x0x.o
       592        184          0          0          0      41557   dl_timer.o
        90          8          0          0          0      14163   dl_uart.o
        44          0          0          0          0         76   atof.o
        58          0          0          0          0          0   __dczerorl.o
        68          0          0          0          0         76   _sgetc.o
        36          4         64          0          0         60   ctype_c.o
         0          0          0          0          0          0   entry.o
         0          0          0          0          0          0   entry10a.o
         0          0          0          0          0          0   entry11a.o
         8          4          0          0          0          0   entry2.o
         4          0          0          0          0          0   entry5.o
         0          0          0          0          0          0   entry7b.o
         0          0          0          0          0          0   entry8b.o
         8          4          0          0          0          0   entry9a.o
        24         12          0          4          0        120   errno.o
        30          0          0          0          0          0   handlers.o
        48         10          0          0          0         68   init.o
        14          0          0          0          0         68   isspace_c.o
         0          0          0          0          0          0   iusefp.o
        48          0          0          0          0         72   llmul.o
        32          0          0          0          0         68   llshl.o
        38          0          0          0          0         68   llsshr.o
        34          0          0          0          0         68   llushr.o
        36          0          0          0          0         60   memcpya.o
        36          0          0          0          0        100   memseta.o
      2266         96          0          0          0        460   printfa.o
       898         14          0          0          0        184   scanf_fp.o
        20          0          0          0          0         60   strchr.o
        28          0          0          0          0         68   strcmp.o
        14          0          0          0          0         60   strlen.o
       180         18          0          0          0        120   strtod.o
        62          0          0          0          0         72   uidiv_div0.o
        96          0          0          0          0         84   uldiv.o
        40          2          0          0          0         68   cdrcmple.o
        56          0          0          0          0         68   d2f.o
       356          4          0          0          0        140   dadd.o
       240          6          0          0          0         84   ddiv.o
       236          0          0          0          0        216   depilogue.o
        64         10          0          0          0         68   dfixul.o
        28          6          0          0          0         68   dfltul.o
       208          6          0          0          0         88   dmul.o
        40          0          0          0          0         60   f2d.o
       178          0          0          0          0        108   fadd.o
        28          0          0          0          0         60   fcmpeq.o
        28          0          0          0          0         60   fcmpge.o
        28          0          0          0          0         60   fcmpgt.o
        28          0          0          0          0         60   fcmple.o
       124          0          0          0          0         72   fdiv.o
       130          0          0          0          0        144   fepilogue.o
        50          0          0          0          0         60   ffixi.o
        22          0          0          0          0         68   fflti.o
       122          0          0          0          0         72   fmul.o

    ----------------------------------------------------------------------
      7282        416         64          4          0      81656   Library Totals
        24          4          0          0          0          0   (incl. Padding)

    ----------------------------------------------------------------------

      Code (inc. data)   RO Data    RW Data    ZI Data      Debug   Library Name

      1122        216          0          0          0      78020   driverlib.a
        44          0          0          0          0         76   m_ps.l
      4086        162         64          4          0       1936   mc_p.l
      2006         34          0          0          0       1624   mf_p.l

    ----------------------------------------------------------------------
      7282        416         64          4          0      81656   Library Totals

    ----------------------------------------------------------------------

==============================================================================


      Code (inc. data)   RO Data    RW Data    ZI Data      Debug   

     23334       1388       5514        316      18660     195144   Grand Totals
     23334       1388       5514        120      18660     195144   ELF Image Totals (compressed)
     23334       1388       5514        120          0          0   ROM Totals

==============================================================================

    Total RO  Size (Code + RO Data)                28848 (  28.17kB)
    Total RW  Size (RW Data + ZI Data)             18976 (  18.53kB)
    Total ROM Size (Code + RO Data + RW Data)      28968 (  28.29kB)

==============================================================================

