Component: Arm Compiler for Embedded 6.24 Tool: armlink [5f371500]

==============================================================================

Section Cross References

    empty.o(.text.main) refers to ti_msp_dl_config.o(.text.SYSCFG_DL_init) for SYSCFG_DL_init
    empty.o(.text.main) refers to empty.o(.text.DL_WWDT_disablePower) for DL_WWDT_disablePower
    empty.o(.text.main) refers to ui_app.o(.text.UI_Init) for UI_Init
    empty.o(.text.main) refers to ui_app.o(.text.UI_IMUInitMessage) for UI_IMUInitMessage
    empty.o(.text.main) refers to mahony.o(.text.Mahony_Init) for Mahony_Init
    empty.o(.text.main) refers to pid_task.o(.text.PID_TaskInit) for PID_TaskInit
    empty.o(.text.main) refers to oled_driver.o(.text.OLED_ClearScreen) for OLED_ClearScreen
    empty.o(.text.main) refers to ti_msp_nvic.o(.text.WR_NVIC_Init) for WR_NVIC_Init
    empty.o(.text.main) refers to key_device.o(.text.Key_CheckStates) for Key_CheckStates
    empty.o(.text.main) refers to task_app.o(.text.TaskProcess_Main) for TaskProcess_Main
    empty.o(.text.main) refers to ui_app.o(.text.UI_Task) for UI_Task
    empty.o(.text.main) refers to pid.o(.text.UART_PIDtuneProcess) for UART_PIDtuneProcess
    empty.o(.text.main) refers to pid_task.o(.bss.PID_motor2) for PID_motor2
    empty.o(.ARM.exidx.text.main) refers to empty.o(.text.main) for [Anonymous Symbol]
    empty.o(.ARM.exidx.text.DL_WWDT_disablePower) refers to empty.o(.text.DL_WWDT_disablePower) for [Anonymous Symbol]
    startup_mspm0g350x_uvision.o(RESET) refers to startup_mspm0g350x_uvision.o(STACK) for __initial_sp
    startup_mspm0g350x_uvision.o(RESET) refers to startup_mspm0g350x_uvision.o(.text) for Reset_Handler
    startup_mspm0g350x_uvision.o(RESET) refers to main.o(.text.SysTick_Handler) for SysTick_Handler
    startup_mspm0g350x_uvision.o(RESET) refers to ti_msp_nvic.o(.text.UART0_IRQHandler) for UART0_IRQHandler
    startup_mspm0g350x_uvision.o(RESET) refers to ti_msp_nvic.o(.text.TIMG0_IRQHandler) for TIMG0_IRQHandler
    startup_mspm0g350x_uvision.o(RESET) refers to ti_msp_nvic.o(.text.TIMG6_IRQHandler) for TIMG6_IRQHandler
    startup_mspm0g350x_uvision.o(RESET) refers to ti_msp_nvic.o(.text.TIMA0_IRQHandler) for TIMA0_IRQHandler
    startup_mspm0g350x_uvision.o(.text) refers to entry.o(.ARM.Collect$$$$00000000) for __main
    ti_msp_dl_config.o(.text.SYSCFG_DL_init) refers to ti_msp_dl_config.o(.text.SYSCFG_DL_initPower) for SYSCFG_DL_initPower
    ti_msp_dl_config.o(.text.SYSCFG_DL_init) refers to ti_msp_dl_config.o(.text.SYSCFG_DL_GPIO_init) for SYSCFG_DL_GPIO_init
    ti_msp_dl_config.o(.text.SYSCFG_DL_init) refers to ti_msp_dl_config.o(.text.SYSCFG_DL_SYSCTL_init) for SYSCFG_DL_SYSCTL_init
    ti_msp_dl_config.o(.text.SYSCFG_DL_init) refers to ti_msp_dl_config.o(.text.SYSCFG_DL_motor_pwm_init) for SYSCFG_DL_motor_pwm_init
    ti_msp_dl_config.o(.text.SYSCFG_DL_init) refers to ti_msp_dl_config.o(.text.SYSCFG_DL_encoder_qei_init) for SYSCFG_DL_encoder_qei_init
    ti_msp_dl_config.o(.text.SYSCFG_DL_init) refers to ti_msp_dl_config.o(.text.SYSCFG_DL_IMU_TIMER_init) for SYSCFG_DL_IMU_TIMER_init
    ti_msp_dl_config.o(.text.SYSCFG_DL_init) refers to ti_msp_dl_config.o(.text.SYSCFG_DL_ENCODER_TIMER_init) for SYSCFG_DL_ENCODER_TIMER_init
    ti_msp_dl_config.o(.text.SYSCFG_DL_init) refers to ti_msp_dl_config.o(.text.SYSCFG_DL_PID_TIMER_init) for SYSCFG_DL_PID_TIMER_init
    ti_msp_dl_config.o(.text.SYSCFG_DL_init) refers to ti_msp_dl_config.o(.text.SYSCFG_DL_OLED_init) for SYSCFG_DL_OLED_init
    ti_msp_dl_config.o(.text.SYSCFG_DL_init) refers to ti_msp_dl_config.o(.text.SYSCFG_DL_imu660rb_init) for SYSCFG_DL_imu660rb_init
    ti_msp_dl_config.o(.text.SYSCFG_DL_init) refers to ti_msp_dl_config.o(.text.SYSCFG_DL_Debug_UART_init) for SYSCFG_DL_Debug_UART_init
    ti_msp_dl_config.o(.text.SYSCFG_DL_init) refers to ti_msp_dl_config.o(.text.SYSCFG_DL_SYSTICK_init) for SYSCFG_DL_SYSTICK_init
    ti_msp_dl_config.o(.text.SYSCFG_DL_init) refers to ti_msp_dl_config.o(.bss.gmotor_pwmBackup) for gmotor_pwmBackup
    ti_msp_dl_config.o(.text.SYSCFG_DL_init) refers to ti_msp_dl_config.o(.bss.gencoder_qeiBackup) for gencoder_qeiBackup
    ti_msp_dl_config.o(.text.SYSCFG_DL_init) refers to ti_msp_dl_config.o(.bss.gIMU_TIMERBackup) for gIMU_TIMERBackup
    ti_msp_dl_config.o(.text.SYSCFG_DL_init) refers to ti_msp_dl_config.o(.bss.gPID_TIMERBackup) for gPID_TIMERBackup
    ti_msp_dl_config.o(.ARM.exidx.text.SYSCFG_DL_init) refers to ti_msp_dl_config.o(.text.SYSCFG_DL_init) for [Anonymous Symbol]
    ti_msp_dl_config.o(.text.SYSCFG_DL_initPower) refers to ti_msp_dl_config.o(.text.DL_GPIO_reset) for DL_GPIO_reset
    ti_msp_dl_config.o(.text.SYSCFG_DL_initPower) refers to ti_msp_dl_config.o(.text.DL_Timer_reset) for DL_Timer_reset
    ti_msp_dl_config.o(.text.SYSCFG_DL_initPower) refers to ti_msp_dl_config.o(.text.DL_I2C_reset) for DL_I2C_reset
    ti_msp_dl_config.o(.text.SYSCFG_DL_initPower) refers to ti_msp_dl_config.o(.text.DL_UART_reset) for DL_UART_reset
[...]
    __NVIC_EnableIRQ                         0x000046ed   Thumb Code    40  ti_msp_nvic.o(.text.__NVIC_EnableIRQ)
    [Anonymous Symbol]                       0x000046ec   Section        0  ti_msp_nvic.o(.text.__NVIC_EnableIRQ)
    __arm_cp.2_0                             0x00004714   Number         4  ti_msp_nvic.o(.text.__NVIC_EnableIRQ)
    __NVIC_SetPriority                       0x00004719   Thumb Code   124  ti_msp_dl_config.o(.text.__NVIC_SetPriority)
    [Anonymous Symbol]                       0x00004718   Section        0  ti_msp_dl_config.o(.text.__NVIC_SetPriority)
    __arm_cp.47_0                            0x00004794   Number         4  ti_msp_dl_config.o(.text.__NVIC_SetPriority)
    __arm_cp.47_1                            0x00004798   Number         4  ti_msp_dl_config.o(.text.__NVIC_SetPriority)
    [Anonymous Symbol]                       0x0000479c   Section        0  main.o(.text.assert_failed)
    buzzer_off                               0x000047a5   Thumb Code     8  menu.o(.text.buzzer_off)
    [Anonymous Symbol]                       0x000047a4   Section        0  menu.o(.text.buzzer_off)
    buzzer_on                                0x000047ad   Thumb Code     8  menu.o(.text.buzzer_on)
    [Anonymous Symbol]                       0x000047ac   Section        0  menu.o(.text.buzzer_on)
    buzzer_toggle                            0x000047b5   Thumb Code     8  menu.o(.text.buzzer_toggle)
    [Anonymous Symbol]                       0x000047b4   Section        0  menu.o(.text.buzzer_toggle)
    __arm_cp.18_0                            0x000047bc   Number         4  menu.o(.text.buzzer_toggle)
    default_staticshow                       0x000047c1   Thumb Code    16  menu.o(.text.default_staticshow)
    [Anonymous Symbol]                       0x000047c0   Section        0  menu.o(.text.default_staticshow)
    __arm_cp.0_0                             0x000047d0   Number         4  menu.o(.text.default_staticshow)
    encoder_Process                          0x000047d5   Thumb Code   108  encoder_device.o(.text.encoder_Process)
    [Anonymous Symbol]                       0x000047d4   Section        0  encoder_device.o(.text.encoder_Process)
    __arm_cp.1_0                             0x00004840   Number         4  encoder_device.o(.text.encoder_Process)
    encoder_dynamicshow                      0x00004845   Thumb Code   136  menu.o(.text.encoder_dynamicshow)
    [Anonymous Symbol]                       0x00004844   Section        0  menu.o(.text.encoder_dynamicshow)
    __arm_cp.3_0                             0x000048cc   Number         4  menu.o(.text.encoder_dynamicshow)
    encoder_staticshow                       0x000048d1   Thumb Code    64  menu.o(.text.encoder_staticshow)
    [Anonymous Symbol]                       0x000048d0   Section        0  menu.o(.text.encoder_staticshow)
    __arm_cp.4_0                             0x00004910   Number         4  menu.o(.text.encoder_staticshow)
    __arm_cp.4_1                             0x00004914   Number         4  menu.o(.text.encoder_staticshow)
    __arm_cp.4_2                             0x00004918   Number         4  menu.o(.text.encoder_staticshow)
    __arm_cp.4_3                             0x0000491c   Number         4  menu.o(.text.encoder_staticshow)
    imu660rb_dynamicshow                     0x00004921   Thumb Code   104  menu.o(.text.imu660rb_dynamicshow)
    [Anonymous Symbol]                       0x00004920   Section        0  menu.o(.text.imu660rb_dynamicshow)
    __arm_cp.1_0                             0x00004988   Number         4  menu.o(.text.imu660rb_dynamicshow)
    imu660rb_staticshow                      0x0000498d   Thumb Code    52  menu.o(.text.imu660rb_staticshow)
    [Anonymous Symbol]                       0x0000498c   Section        0  menu.o(.text.imu660rb_staticshow)
    __arm_cp.2_0                             0x000049c0   Number         4  menu.o(.text.imu660rb_staticshow)
    __arm_cp.2_1                             0x000049c4   Number         4  menu.o(.text.imu660rb_staticshow)
    __arm_cp.2_2                             0x000049c8   Number         4  menu.o(.text.imu660rb_staticshow)
    led_off                                  0x000049cd   Thumb Code     8  menu.o(.text.led_off)
    [Anonymous Symbol]                       0x000049cc   Section        0  menu.o(.text.led_off)
    led_on                                   0x000049d5   Thumb Code     8  menu.o(.text.led_on)
    [Anonymous Symbol]                       0x000049d4   Section        0  menu.o(.text.led_on)
    led_toggle                               0x000049dd   Thumb Code     8  menu.o(.text.led_toggle)
    [Anonymous Symbol]                       0x000049dc   Section        0  menu.o(.text.led_toggle)
    __arm_cp.15_0                            0x000049e4   Number         4  menu.o(.text.led_toggle)
    [Anonymous Symbol]                       0x000049e8   Section        0  empty.o(.text.main)
    __arm_cp.0_0                             0x00004a28   Number         4  empty.o(.text.main)
    qei_switch                               0x00004a2d   Thumb Code   120  bsp_qei.o(.text.qei_switch)
    [Anonymous Symbol]                       0x00004a2c   Section        0  bsp_qei.o(.text.qei_switch)
    __arm_cp.2_0                             0x00004aa4   Number         4  bsp_qei.o(.text.qei_switch)
    __arm_cp.2_1                             0x00004aa8   Number         4  bsp_qei.o(.text.qei_switch)
    speedlop_off                             0x00004aad   Thumb Code    28  menu.o(.text.speedlop_off)
    [Anonymous Symbol]                       0x00004aac   Section        0  menu.o(.text.speedlop_off)
    speedlop_on                              0x00004ac9   Thumb Code    28  menu.o(.text.speedlop_on)
    [Anonymous Symbol]                       0x00004ac8   Section        0  menu.o(.text.speedlop_on)
    __arm_cp.19_0                            0x00004ae4   Number         4  menu.o(.text.speedlop_on)
    __arm_cp.19_1                            0x00004ae8   Number         4  menu.o(.text.speedlop_on)
    track_dynamicshow                        0x00004aed   Thumb Code    32  menu.o(.text.track_dynamicshow)
    [Anonymous Symbol]                       0x00004aec   Section        0  menu.o(.text.track_dynamicshow)
    __arm_cp.5_0                             0x00004b0c   Number         4  menu.o(.text.track_dynamicshow)
    __arm_cp.5_1                             0x00004b10   Number         4  menu.o(.text.track_dynamicshow)
    track_staticshow                         0x00004b15   Thumb Code    20  menu.o(.text.track_staticshow)
    [Anonymous Symbol]                       0x00004b14   Section        0  menu.o(.text.track_staticshow)
    __arm_cp.6_0                             0x00004b28   Number         4  menu.o(.text.track_staticshow)
    tracklop_off                             0x00004b2d   Thumb Code    12  menu.o(.text.tracklop_off)
    [Anonymous Symbol]                       0x00004b2c   Section        0  menu.o(.text.tracklop_off)
    tracklop_on                              0x00004b39   Thumb Code    24  menu.o(.text.tracklop_on)
    [Anonymous Symbol]                       0x00004b38   Section        0  menu.o(.text.tracklop_on)
    __arm_cp.21_0                            0x00004b50   Number         4  menu.o(.text.tracklop_on)
    __arm_cp.21_1                            0x00004b54   Number         4  menu.o(.text.tracklop_on)
    i.__0vsprintf                            0x00004b58   Section        0  printfa.o(i.__0vsprintf)
    i.__ARM_clz                              0x00004b7c   Section        0  depilogue.o(i.__ARM_clz)
    i.__ARM_fpclassifyf                      0x00004baa   Section        0  fpclassifyf.o(i.__ARM_fpclassifyf)
    i.__mathlib_flt_infnan                   0x00004bcc   Section        0  funder.o(i.__mathlib_flt_infnan)
    i.__mathlib_flt_infnan2                  0x00004bd6   Section        0  funder.o(i.__mathlib_flt_infnan2)
    i.__mathlib_flt_invalid                  0x00004bde   Section        0  funder.o(i.__mathlib_flt_invalid)
    i.__mathlib_flt_underflow                0x00004bea   Section        0  funder.o(i.__mathlib_flt_underflow)
    i.__read_errno                           0x00004bf8   Section        0  errno.o(i.__read_errno)
    i.__scatterload_copy                     0x00004c08   Section       14  handlers.o(i.__scatterload_copy)
    i.__scatterload_null                     0x00004c18   Section        2  handlers.o(i.__scatterload_null)
    i.__scatterload_zeroinit                 0x00004c20   Section       14  handlers.o(i.__scatterload_zeroinit)
    i.__set_errno                            0x00004c30   Section        0  errno.o(i.__set_errno)
    _fp_digits                               0x00004c3d   Thumb Code   344  printfa.o(i._fp_digits)
    i._fp_digits                             0x00004c3c   Section        0  printfa.o(i._fp_digits)
    i._is_digit                              0x00004db0   Section        0  scanf_fp.o(i._is_digit)
    _printf_core                             0x00004dc1   Thumb Code  1754  printfa.o(i._printf_core)
    i._printf_core                           0x00004dc0   Section        0  printfa.o(i._printf_core)
    _printf_post_padding                     0x000054ad   Thumb Code    32  printfa.o(i._printf_post_padding)
    i._printf_post_padding                   0x000054ac   Section        0  printfa.o(i._printf_post_padding)
    _printf_pre_padding                      0x000054cd   Thumb Code    44  printfa.o(i._printf_pre_padding)
    i._printf_pre_padding                    0x000054cc   Section        0  printfa.o(i._printf_pre_padding)
    _sputc                                   0x000054f9   Thumb Code    10  printfa.o(i._sputc)
    i._sputc                                 0x000054f8   Section        0  printfa.o(i._sputc)
    i.asinf                                  0x00005504   Section        0  asinf.o(i.asinf)
    i.atan2f                                 0x0000561c   Section        0  atan2f.o(i.atan2f)
    i.atof                                   0x000058b8   Section        0  atof.o(i.atof)
    i.sqrtf                                  0x000058e4   Section        0  sqrtf.o(i.sqrtf)
    .constdata                               0x00005910   Section       64  ctype_c.o(.constdata)
    accel_config_table                       0x000069a4   Data          64  imu660rb_driver.o(.rodata.accel_config_table)
    [Anonymous Symbol]                       0x000069a4   Section        0  imu660rb_driver.o(.rodata.accel_config_table)
    buzzertask_Menuitem                      0x000069e4   Data          36  menu.o(.rodata.buzzertask_Menuitem)
    [Anonymous Symbol]                       0x000069e4   Section        0  menu.o(.rodata.buzzertask_Menuitem)
    debug_Menuitem                           0x00006a20   Data          36  menu.o(.rodata.debug_Menuitem)
    [Anonymous Symbol]                       0x00006a20   Section        0  menu.o(.rodata.debug_Menuitem)
    gDebug_UARTClockConfig                   0x00006a74   Data           2  ti_msp_dl_config.o(.rodata.gDebug_UARTClockConfig)
    [Anonymous Symbol]                       0x00006a74   Section        0  ti_msp_dl_config.o(.rodata.gDebug_UARTClockConfig)
    gDebug_UARTConfig                        0x00006a76   Data          10  ti_msp_dl_config.o(.rodata.gDebug_UARTConfig)
    [Anonymous Symbol]                       0x00006a76   Section        0  ti_msp_dl_config.o(.rodata.gDebug_UARTConfig)
    gENCODER_TIMERClockConfig                0x00006a80   Data           3  ti_msp_dl_config.o(.rodata.gENCODER_TIMERClockConfig)
    [Anonymous Symbol]                       0x00006a80   Section        0  ti_msp_dl_config.o(.rodata.gENCODER_TIMERClockConfig)
    gENCODER_TIMERTimerConfig                0x00006a84   Data          20  ti_msp_dl_config.o(.rodata.gENCODER_TIMERTimerConfig)
    [Anonymous Symbol]                       0x00006a84   Section        0  ti_msp_dl_config.o(.rodata.gENCODER_TIMERTimerConfig)
    gIMU_TIMERClockConfig                    0x00006a98   Data           3  ti_msp_dl_config.o(.rodata.gIMU_TIMERClockConfig)
    [Anonymous Symbol]                       0x00006a98   Section        0  ti_msp_dl_config.o(.rodata.gIMU_TIMERClockConfig)
    gIMU_TIMERTimerConfig                    0x00006a9c   Data          20  ti_msp_dl_config.o(.rodata.gIMU_TIMERTimerConfig)
    [Anonymous Symbol]                       0x00006a9c   Section        0  ti_msp_dl_config.o(.rodata.gIMU_TIMERTimerConfig)
    gOLEDClockConfig                         0x00006ab0   Data           2  ti_msp_dl_config.o(.rodata.gOLEDClockConfig)
    [Anonymous Symbol]                       0x00006ab0   Section        0  ti_msp_dl_config.o(.rodata.gOLEDClockConfig)
    gPID_TIMERClockConfig                    0x00006ab2   Data           3  ti_msp_dl_config.o(.rodata.gPID_TIMERClockConfig)
    [Anonymous Symbol]                       0x00006ab2   Section        0  ti_msp_dl_config.o(.rodata.gPID_TIMERClockConfig)
    gPID_TIMERTimerConfig                    0x00006ab8   Data          20  ti_msp_dl_config.o(.rodata.gPID_TIMERTimerConfig)
    [Anonymous Symbol]                       0x00006ab8   Section        0  ti_msp_dl_config.o(.rodata.gPID_TIMERTimerConfig)
    gSYSPLLConfig                            0x00006acc   Data          40  ti_msp_dl_config.o(.rodata.gSYSPLLConfig)
    [Anonymous Symbol]                       0x00006acc   Section        0  ti_msp_dl_config.o(.rodata.gSYSPLLConfig)
    gencoder_qeiClockConfig                  0x00006af4   Data           3  ti_msp_dl_config.o(.rodata.gencoder_qeiClockConfig)
    [Anonymous Symbol]                       0x00006af4   Section        0  ti_msp_dl_config.o(.rodata.gencoder_qeiClockConfig)
    gimu660rbClockConfig                     0x00006af7   Data           2  ti_msp_dl_config.o(.rodata.gimu660rbClockConfig)
    [Anonymous Symbol]                       0x00006af7   Section        0  ti_msp_dl_config.o(.rodata.gimu660rbClockConfig)
    gmotor_pwmClockConfig                    0x00006af9   Data           3  ti_msp_dl_config.o(.rodata.gmotor_pwmClockConfig)
    [Anonymous Symbol]                       0x00006af9   Section        0  ti_msp_dl_config.o(.rodata.gmotor_pwmClockConfig)
    gmotor_pwmConfig                         0x00006afc   Data           8  ti_msp_dl_config.o(.rodata.gmotor_pwmConfig)
    [Anonymous Symbol]                       0x00006afc   Section        0  ti_msp_dl_config.o(.rodata.gmotor_pwmConfig)
    gyro_config_table                        0x00006b04   Data          64  imu660rb_driver.o(.rodata.gyro_config_table)
    [Anonymous Symbol]                       0x00006b04   Section        0  imu660rb_driver.o(.rodata.gyro_config_table)
    ledtask_Menuitem                         0x00006b5c   Data          36  menu.o(.rodata.ledtask_Menuitem)
    [Anonymous Symbol]                       0x00006b5c   Section        0  menu.o(.rodata.ledtask_Menuitem)
    root_Menuitem                            0x00006b98   Data          36  menu.o(.rodata.root_Menuitem)
    [Anonymous Symbol]                       0x00006b98   Section        0  menu.o(.rodata.root_Menuitem)
    setting_Menuitem                         0x00006bd4   Data          24  menu.o(.rodata.setting_Menuitem)
    [Anonymous Symbol]                       0x00006bd4   Section        0  menu.o(.rodata.setting_Menuitem)
    speedlop_Menuitem                        0x00006c04   Data          24  menu.o(.rodata.speedlop_Menuitem)
    [Anonymous Symbol]                       0x00006c04   Section        0  menu.o(.rodata.speedlop_Menuitem)
    [Anonymous Symbol]                       0x00006c34   Section        0  pid.o(.rodata.str1.1)
    [Anonymous Symbol]                       0x00006c41   Section        0  menu.o(.rodata.str1.1)
    [Anonymous Symbol]                       0x00006d29   Section        0  menu_states.o(.rodata.str1.1)
    [Anonymous Symbol]                       0x00006d2f   Section        0  ui_app.o(.rodata.str1.1)
    task_Menuitem                            0x00006d40   Data          24  menu.o(.rodata.task_Menuitem)
    [Anonymous Symbol]                       0x00006d40   Section        0  menu.o(.rodata.task_Menuitem)
    tracklop_Menuitem                        0x00006d88   Data          24  menu.o(.rodata.tracklop_Menuitem)
    [Anonymous Symbol]                       0x00006d88   Section        0  menu.o(.rodata.tracklop_Menuitem)
    _errno                                   0x20200000   Data           4  errno.o(.data)
    .data                                    0x20200000   Section        4  errno.o(.data)
    Key_CheckStates.task_next_time_bsp_keytask 0x2020019c   Data           4  key_device.o(.bss.Key_CheckStates.task_next_time_bsp_keytask)
    [Anonymous Symbol]                       0x2020019c   Section        0  key_device.o(.bss.Key_CheckStates.task_next_time_bsp_keytask)
    Menu_DrawPage.task_next_time_refresh_id  0x202001d0   Data           4  menu_states.o(.bss.Menu_DrawPage.task_next_time_refresh_id)
    [Anonymous Symbol]                       0x202001d0   Section        0  menu_states.o(.bss.Menu_DrawPage.task_next_time_refresh_id)
    TaskProcess_Main.task_next_time_task_buzzertoggle_id 0x20200328   Data           4  task_app.o(.bss.TaskProcess_Main.task_next_time_task_buzzertoggle_id)
    [Anonymous Symbol]                       0x20200328   Section        0  task_app.o(.bss.TaskProcess_Main.task_next_time_task_buzzertoggle_id)
    TaskProcess_Main.task_next_time_task_ledtoggle_id 0x2020032c   Data           4  task_app.o(.bss.TaskProcess_Main.task_next_time_task_ledtoggle_id)
    [Anonymous Symbol]                       0x2020032c   Section        0  task_app.o(.bss.TaskProcess_Main.task_next_time_task_ledtoggle_id)
    UART_RxPushByte.Put_index                0x20200334   Data           1  bsp_uart.o(.bss.UART_RxPushByte.Put_index)
    [Anonymous Symbol]                       0x20200334   Section        0  bsp_uart.o(.bss.UART_RxPushByte.Put_index)
    STACK                                    0x20200620   Section    16384  startup_mspm0g350x_uvision.o(STACK)

    Global Symbols

    Symbol Name                              Value     Ov Type        Size  Object(Section)

    BuildAttributes$$THM_ISAv3M$S$PE$A:L22$X:L11$S22$IEEE1$IW$~IW$USESV6$~STKCKD$USESV7$~SHL$OTIME$ROPI$IEEEX$EBA8$MICROLIB$REQ8$PRES8$EABIv2 0x00000000   Number         0  anon$$obj.o ABSOLUTE
    __Vectors                                0x00000000   Data           4  startup_mspm0g350x_uvision.o(RESET)
    __cpp_initialize__aeabi_                  - Undefined Weak Reference
    __cxa_finalize                            - Undefined Weak Reference
    _clock_init                               - Undefined Weak Reference
    _microlib_exit                            - Undefined Weak Reference
    __Vectors_End                            0x000000c0   Data           0  startup_mspm0g350x_uvision.o(RESET)
    __Vectors_Size                           0x000000c0   Number         0  startup_mspm0g350x_uvision.o ABSOLUTE
    __main                                   0x000000c1   Thumb Code     0  entry.o(.ARM.Collect$$$$00000000)
    _main_stk                                0x000000c1   Thumb Code     0  entry2.o(.ARM.Collect$$$$00000001)
    _main_scatterload                        0x000000c5   Thumb Code     0  entry5.o(.ARM.Collect$$$$00000004)
    __main_after_scatterload                 0x000000c9   Thumb Code     0  entry5.o(.ARM.Collect$$$$00000004)
    _main_clock                              0x000000c9   Thumb Code     0  entry7b.o(.ARM.Collect$$$$00000008)
    _main_cpp_init                           0x000000c9   Thumb Code     0  entry8b.o(.ARM.Collect$$$$0000000A)
    _main_init                               0x000000c9   Thumb Code     0  entry9a.o(.ARM.Collect$$$$0000000B)
    __rt_final_cpp                           0x000000d1   Thumb Code     0  entry10a.o(.ARM.Collect$$$$0000000D)
    __rt_final_exit                          0x000000d1   Thumb Code     0  entry11a.o(.ARM.Collect$$$$0000000F)
    Reset_Handler                            0x000000d5   Thumb Code     4  startup_mspm0g350x_uvision.o(.text)
    NMI_Handler                              0x000000d9   Thumb Code     2  startup_mspm0g350x_uvision.o(.text)
    HardFault_Handler                        0x000000db   Thumb Code     2  startup_mspm0g350x_uvision.o(.text)
    SVC_Handler                              0x000000dd   Thumb Code     2  startup_mspm0g350x_uvision.o(.text)
    PendSV_Handler                           0x000000df   Thumb Code     2  startup_mspm0g350x_uvision.o(.text)
    ADC0_IRQHandler                          0x000000e3   Thumb Code     0  startup_mspm0g350x_uvision.o(.text)
    ADC1_IRQHandler                          0x000000e3   Thumb Code     0  startup_mspm0g350x_uvision.o(.text)
    AES_IRQHandler                           0x000000e3   Thumb Code     0  startup_mspm0g350x_uvision.o(.text)
    CANFD0_IRQHandler                        0x000000e3   Thumb Code     0  startup_mspm0g350x_uvision.o(.text)
    DAC0_IRQHandler                          0x000000e3   Thumb Code     0  startup_mspm0g350x_uvision.o(.text)
    DMA_IRQHandler                           0x000000e3   Thumb Code     0  startup_mspm0g350x_uvision.o(.text)
    Default_Handler                          0x000000e3   Thumb Code     2  startup_mspm0g350x_uvision.o(.text)
    GROUP0_IRQHandler                        0x000000e3   Thumb Code     0  startup_mspm0g350x_uvision.o(.text)
    GROUP1_IRQHandler                        0x000000e3   Thumb Code     0  startup_mspm0g350x_uvision.o(.text)
    I2C0_IRQHandler                          0x000000e3   Thumb Code     0  startup_mspm0g350x_uvision.o(.text)
    I2C1_IRQHandler                          0x000000e3   Thumb Code     0  startup_mspm0g350x_uvision.o(.text)
    RTC_IRQHandler                           0x000000e3   Thumb Code     0  startup_mspm0g350x_uvision.o(.text)
    SPI0_IRQHandler                          0x000000e3   Thumb Code     0  startup_mspm0g350x_uvision.o(.text)
    SPI1_IRQHandler                          0x000000e3   Thumb Code     0  startup_mspm0g350x_uvision.o(.text)
    TIMA1_IRQHandler                         0x000000e3   Thumb Code     0  startup_mspm0g350x_uvision.o(.text)
    TIMG12_IRQHandler                        0x000000e3   Thumb Code     0  startup_mspm0g350x_uvision.o(.text)
    TIMG7_IRQHandler                         0x000000e3   Thumb Code     0  startup_mspm0g350x_uvision.o(.text)
    TIMG8_IRQHandler                         0x000000e3   Thumb Code     0  startup_mspm0g350x_uvision.o(.text)
    UART1_IRQHandler                         0x000000e3   Thumb Code     0  startup_mspm0g350x_uvision.o(.text)
    UART2_IRQHandler                         0x000000e3   Thumb Code     0  startup_mspm0g350x_uvision.o(.text)
    UART3_IRQHandler                         0x000000e3   Thumb Code     0  startup_mspm0g350x_uvision.o(.text)
    __aeabi_memset                           0x000000e9   Thumb Code    14  memseta.o(.text)
    __aeabi_memset4                          0x000000e9   Thumb Code     0  memseta.o(.text)
    __aeabi_memset8                          0x000000e9   Thumb Code     0  memseta.o(.text)
    __aeabi_memclr                           0x000000f7   Thumb Code     4  memseta.o(.text)
    __aeabi_memclr4                          0x000000f7   Thumb Code     0  memseta.o(.text)
    __aeabi_memclr8                          0x000000f7   Thumb Code     0  memseta.o(.text)
    _memset$wrapper                          0x000000fb   Thumb Code    18  memseta.o(.text)
    strchr                                   0x0000010d   Thumb Code    20  strchr.o(.text)
    strcmp                                   0x00000121   Thumb Code    28  strcmp.o(.text)
    __aeabi_fadd                             0x0000013d   Thumb Code   162  fadd.o(.text)
    __aeabi_fsub                             0x000001df   Thumb Code     8  fadd.o(.text)
    __aeabi_frsub                            0x000001e7   Thumb Code     8  fadd.o(.text)
    __aeabi_fmul                             0x000001ef   Thumb Code   122  fmul.o(.text)
    __aeabi_fdiv                             0x00000269   Thumb Code   124  fdiv.o(.text)
    __aeabi_dmul                             0x000002e5   Thumb Code   202  dmul.o(.text)
    __aeabi_fcmple                           0x000003b5   Thumb Code    28  fcmple.o(.text)
    __aeabi_fcmpge                           0x000003d1   Thumb Code    28  fcmpge.o(.text)
    __aeabi_fcmpgt                           0x000003ed   Thumb Code    28  fcmpgt.o(.text)
    __aeabi_fcmpeq                           0x00000409   Thumb Code    28  fcmpeq.o(.text)
    __aeabi_i2f                              0x00000425   Thumb Code    22  fflti.o(.text)
    __aeabi_f2iz                             0x0000043b   Thumb Code    50  ffixi.o(.text)
    __aeabi_f2d                              0x0000046d   Thumb Code    40  f2d.o(.text)
    __aeabi_d2f                              0x00000495   Thumb Code    56  d2f.o(.text)
    __aeabi_uidiv                            0x000004cd   Thumb Code     0  uidiv_div0.o(.text)
    __aeabi_uidivmod                         0x000004cd   Thumb Code    62  uidiv_div0.o(.text)
    __aeabi_uldivmod                         0x0000050b   Thumb Code    96  uldiv.o(.text)
    __strtod_int                             0x000005ad   Thumb Code    98  strtod.o(.text)
    __I$use$fp                               0x00000621   Thumb Code     0  iusefp.o(.text)
    _float_round                             0x00000621   Thumb Code    16  fepilogue.o(.text)
    _float_epilogue                          0x00000631   Thumb Code   114  fepilogue.o(.text)
    __ARM_scalbnf                            0x000006a3   Thumb Code    24  fscalb.o(.text)
    scalbnf                                  0x000006a3   Thumb Code     0  fscalb.o(.text)
    _fsqrt                                   0x000006bb   Thumb Code    88  fsqrt.o(.text)
    _double_round                            0x00000713   Thumb Code    26  depilogue.o(.text)
    _double_epilogue                         0x0000072d   Thumb Code   164  depilogue.o(.text)
    __aeabi_dadd                             0x000007d1   Thumb Code   328  dadd.o(.text)
    __aeabi_dsub                             0x00000919   Thumb Code    12  dadd.o(.text)
    __aeabi_drsub                            0x00000925   Thumb Code    12  dadd.o(.text)
    __aeabi_ddiv                             0x00000935   Thumb Code   234  ddiv.o(.text)
    __aeabi_d2ulz                            0x00000a25   Thumb Code    54  dfixul.o(.text)
    __aeabi_cdrcmple                         0x00000a65   Thumb Code    38  cdrcmple.o(.text)
    __scatterload                            0x00000a91   Thumb Code    38  init.o(.text)
    __scatterload_rt2                        0x00000a91   Thumb Code     0  init.o(.text)
    __aeabi_llsl                             0x00000ac1   Thumb Code    32  llshl.o(.text)
    _ll_shift_l                              0x00000ac1   Thumb Code     0  llshl.o(.text)
    __aeabi_llsr                             0x00000ae1   Thumb Code    34  llushr.o(.text)
    _ll_ushift_r                             0x00000ae1   Thumb Code     0  llushr.o(.text)
    __aeabi_lasr                             0x00000b03   Thumb Code    38  llsshr.o(.text)
    _ll_sshift_r                             0x00000b03   Thumb Code     0  llsshr.o(.text)
    isspace                                  0x00000b29   Thumb Code    14  isspace_c.o(.text)
    _scanf_real                              0x00000c57   Thumb Code     0  scanf_fp.o(.text)
    _scanf_really_real                       0x00000c57   Thumb Code   584  scanf_fp.o(.text)
    _sgetc                                   0x00000ead   Thumb Code    32  _sgetc.o(.text)
    _sbackspace                              0x00000ecd   Thumb Code    36  _sgetc.o(.text)
    __aeabi_lmul                             0x00000ef1   Thumb Code    48  llmul.o(.text)
    _ll_mul                                  0x00000ef1   Thumb Code     0  llmul.o(.text)
    __ctype_lookup                           0x00000f21   Thumb Code    32  ctype_c.o(.text)
    __aeabi_ul2d                             0x00000f45   Thumb Code    22  dfltul.o(.text)
    __decompress                             0x00000f61   Thumb Code     0  __dczerorl.o(.text)
    __decompress0                            0x00000f61   Thumb Code    58  __dczerorl.o(.text)
    DL_Common_delayCycles                    0x00000f9b   Thumb Code    10  dl_common.o(.text.DL_Common_delayCycles)
    DL_I2C_fillControllerTXFIFO              0x00001241   Thumb Code    44  dl_i2c.o(.text.DL_I2C_fillControllerTXFIFO)
    DL_I2C_flushControllerTXFIFO             0x0000126d   Thumb Code    36  dl_i2c.o(.text.DL_I2C_flushControllerTXFIFO)
    DL_I2C_setClockConfig                    0x000012f3   Thumb Code    38  dl_i2c.o(.text.DL_I2C_setClockConfig)
    DL_SYSCTL_configSYSPLL                   0x000013cd   Thumb Code   192  dl_sysctl_mspm0g1x0x_g3x0x.o(.text.DL_SYSCTL_configSYSPLL)
    DL_SYSCTL_setHFCLKSourceHFXTParams       0x000014f1   Thumb Code    80  dl_sysctl_mspm0g1x0x_g3x0x.o(.text.DL_SYSCTL_setHFCLKSourceHFXTParams)
    DL_SYSCTL_switchMCLKfromSYSOSCtoHSCLK    0x00001575   Thumb Code    40  dl_sysctl_mspm0g1x0x_g3x0x.o(.text.DL_SYSCTL_switchMCLKfromSYSOSCtoHSCLK)
    DL_Timer_initFourCCPWMMode               0x0000164d   Thumb Code   264  dl_timer.o(.text.DL_Timer_initFourCCPWMMode)
    DL_Timer_initTimerMode                   0x00001755   Thumb Code   232  dl_timer.o(.text.DL_Timer_initTimerMode)
    DL_Timer_setCaptCompUpdateMethod         0x00001861   Thumb Code    28  dl_timer.o(.text.DL_Timer_setCaptCompUpdateMethod)
    DL_Timer_setCaptureCompareOutCtl         0x0000187d   Thumb Code    24  dl_timer.o(.text.DL_Timer_setCaptureCompareOutCtl)
    DL_Timer_setCaptureCompareValue          0x00001895   Thumb Code    16  dl_timer.o(.text.DL_Timer_setCaptureCompareValue)
    DL_Timer_setClockConfig                  0x000018a5   Thumb Code    28  dl_timer.o(.text.DL_Timer_setClockConfig)
    DL_UART_init                             0x0000199d   Thumb Code    72  dl_uart.o(.text.DL_UART_init)
    DL_UART_setClockConfig                   0x00001a5d   Thumb Code    18  dl_uart.o(.text.DL_UART_setClockConfig)
    Encoder_NVICCallBckeEntery               0x00001b29   Thumb Code    16  encoder_device.o(.text.Encoder_NVICCallBckeEntery)
    IMU660RB_Init                            0x00001b85   Thumb Code   108  imu660rb_driver.o(.text.IMU660RB_Init)
    IMU660RB_ProcessData                     0x00001bf9   Thumb Code   356  imu660rb_device.o(.text.IMU660RB_ProcessData)
    IMU660RB_Start                           0x00001de5   Thumb Code   208  imu660rb_device.o(.text.IMU660RB_Start)
    IMU660RB_Update                          0x00001ec5   Thumb Code   124  imu660rb_driver.o(.text.IMU660RB_Update)
    Key_CheckStates                          0x00001f6d   Thumb Code   516  key_device.o(.text.Key_CheckStates)
    Mahony_Init                              0x0000232d   Thumb Code    36  mahony.o(.text.Mahony_Init)
    Mahony_NVICCallBckeEntery                0x00002359   Thumb Code    16  mahony.o(.text.Mahony_NVICCallBckeEntery)
    Menu_Control                             0x0000286d   Thumb Code    60  menu.o(.text.Menu_Control)
    Menu_DrawPage                            0x000028c1   Thumb Code   324  menu_states.o(.text.Menu_DrawPage)
    Menu_ProcessState                        0x00002af5   Thumb Code   116  menu_states.o(.text.Menu_ProcessState)
    MenustatesMachine_Init                   0x00002ba9   Thumb Code    16  menu_states.o(.text.MenustatesMachine_Init)
    Motor_DeviceInit                         0x00002bc1   Thumb Code    64  motor_device.o(.text.Motor_DeviceInit)
    Motor_SetDuty                            0x00002c05   Thumb Code   320  motor_device.o(.text.Motor_SetDuty)
    OLED_ClearScreen                         0x00002d59   Thumb Code    76  oled_driver.o(.text.OLED_ClearScreen)
    OLED_Init                                0x00002da5   Thumb Code   212  oled_driver.o(.text.OLED_Init)
    OLED_Printf_Hope                         0x00002e79   Thumb Code    62  oled_device.o(.text.OLED_Printf_Hope)
    OLED_Printf_Regret                       0x00002eb7   Thumb Code    62  oled_device.o(.text.OLED_Printf_Regret)
    OLED_SetCursor                           0x00002ef5   Thumb Code    64  oled_driver.o(.text.OLED_SetCursor)
    PID_Calc                                 0x0000324d   Thumb Code  1174  pid.o(.text.PID_Calc)
    PID_Switch                               0x00003755   Thumb Code    20  pid_task.o(.text.PID_Switch)
    PID_Task                                 0x00003769   Thumb Code   320  pid_task.o(.text.PID_Task)
    PID_TaskInit                             0x000038bd   Thumb Code   184  pid_task.o(.text.PID_TaskInit)
    QEI_GetCount                             0x00003999   Thumb Code   116  bsp_qei.o(.text.QEI_GetCount)
    SYSCFG_DL_Debug_UART_init                0x00003a39   Thumb Code    68  ti_msp_dl_config.o(.text.SYSCFG_DL_Debug_UART_init)
    SYSCFG_DL_ENCODER_TIMER_init             0x00003a89   Thumb Code    52  ti_msp_dl_config.o(.text.SYSCFG_DL_ENCODER_TIMER_init)
    SYSCFG_DL_GPIO_init                      0x00003ac9   Thumb Code   460  ti_msp_dl_config.o(.text.SYSCFG_DL_GPIO_init)
    SYSCFG_DL_IMU_TIMER_init                 0x00003ca1   Thumb Code    52  ti_msp_dl_config.o(.text.SYSCFG_DL_IMU_TIMER_init)
    SYSCFG_DL_OLED_init                      0x00003cdd   Thumb Code    80  ti_msp_dl_config.o(.text.SYSCFG_DL_OLED_init)
    SYSCFG_DL_PID_TIMER_init                 0x00003d31   Thumb Code    48  ti_msp_dl_config.o(.text.SYSCFG_DL_PID_TIMER_init)
    SYSCFG_DL_SYSCTL_init                    0x00003d69   Thumb Code    76  ti_msp_dl_config.o(.text.SYSCFG_DL_SYSCTL_init)
    SYSCFG_DL_SYSTICK_init                   0x00003db9   Thumb Code    12  ti_msp_dl_config.o(.text.SYSCFG_DL_SYSTICK_init)
    SYSCFG_DL_encoder_qei_init               0x00003dc9   Thumb Code    68  ti_msp_dl_config.o(.text.SYSCFG_DL_encoder_qei_init)
    SYSCFG_DL_imu660rb_init                  0x00003e15   Thumb Code    80  ti_msp_dl_config.o(.text.SYSCFG_DL_imu660rb_init)
    SYSCFG_DL_init                           0x00003e69   Thumb Code    76  ti_msp_dl_config.o(.text.SYSCFG_DL_init)
    SYSCFG_DL_initPower                      0x00003ec5   Thumb Code   156  ti_msp_dl_config.o(.text.SYSCFG_DL_initPower)
    SYSCFG_DL_motor_pwm_init                 0x00003f75   Thumb Code   132  ti_msp_dl_config.o(.text.SYSCFG_DL_motor_pwm_init)
    SysTick_Handler                          0x00004059   Thumb Code     8  main.o(.text.SysTick_Handler)
    TIMA0_IRQHandler                         0x00004061   Thumb Code    28  ti_msp_nvic.o(.text.TIMA0_IRQHandler)
    TIMG0_IRQHandler                         0x00004081   Thumb Code    28  ti_msp_nvic.o(.text.TIMG0_IRQHandler)
    TIMG6_IRQHandler                         0x000040a1   Thumb Code    28  ti_msp_nvic.o(.text.TIMG6_IRQHandler)
    TaskProcess_Main                         0x000040c1   Thumb Code   220  task_app.o(.text.TaskProcess_Main)
    Track_Task                               0x000041b1   Thumb Code   200  track_device.o(.text.Track_Task)
    UART0_IRQHandler                         0x00004291   Thumb Code    48  ti_msp_nvic.o(.text.UART0_IRQHandler)
    UART_PIDtuneProcess                      0x000042c5   Thumb Code   244  pid.o(.text.UART_PIDtuneProcess)
    UART_RxPushByte                          0x000043cd   Thumb Code    88  bsp_uart.o(.text.UART_RxPushByte)
    UI_IMUInitMessage                        0x0000442d   Thumb Code    16  ui_app.o(.text.UI_IMUInitMessage)
    UI_Init                                  0x00004441   Thumb Code    12  ui_app.o(.text.UI_Init)
    UI_Task                                  0x0000444d   Thumb Code    16  ui_app.o(.text.UI_Task)
    WR_Bsp_I2C_ReceiveData                   0x0000445d   Thumb Code   102  bsp_i2c.o(.text.WR_Bsp_I2C_ReceiveData)
    WR_Bsp_I2C_SendData                      0x000044c3   Thumb Code   178  bsp_i2c.o(.text.WR_Bsp_I2C_SendData)
    WR_Delay                                 0x00004575   Thumb Code    58  main.o(.text.WR_Delay)
    WR_FlagRead                              0x000045af   Thumb Code    22  wr_flagsystem.o(.text.WR_FlagRead)
    WR_FlagWrite                             0x000045c5   Thumb Code    16  wr_flagsystem.o(.text.WR_FlagWrite)
    WR_GetTick                               0x000045d5   Thumb Code     8  main.o(.text.WR_GetTick)
    WR_IncTik                                0x000045dd   Thumb Code    12  main.o(.text.WR_IncTik)
    WR_KeyControlTask                        0x000045ed   Thumb Code    46  key_device.o(.text.WR_KeyControlTask)
    WR_NVIC_Init                             0x0000461b   Thumb Code    64  ti_msp_nvic.o(.text.WR_NVIC_Init)
    WR_OLED_SendCmd                          0x0000465d   Thumb Code    48  oled_driver.o(.text.WR_OLED_SendCmd)
    assert_failed                            0x0000479d   Thumb Code     8  main.o(.text.assert_failed)
    main                                     0x000049e9   Thumb Code    64  empty.o(.text.main)
    __0vsprintf                              0x00004b59   Thumb Code    30  printfa.o(i.__0vsprintf)
    __1vsprintf                              0x00004b59   Thumb Code     0  printfa.o(i.__0vsprintf)
    __2vsprintf                              0x00004b59   Thumb Code     0  printfa.o(i.__0vsprintf)
    __c89vsprintf                            0x00004b59   Thumb Code     0  printfa.o(i.__0vsprintf)
    vsprintf                                 0x00004b59   Thumb Code     0  printfa.o(i.__0vsprintf)
    __ARM_clz                                0x00004b7d   Thumb Code    46  depilogue.o(i.__ARM_clz)
    __ARM_fpclassifyf                        0x00004bab   Thumb Code    34  fpclassifyf.o(i.__ARM_fpclassifyf)
    __mathlib_flt_infnan                     0x00004bcd   Thumb Code    10  funder.o(i.__mathlib_flt_infnan)
    __mathlib_flt_infnan2                    0x00004bd7   Thumb Code     8  funder.o(i.__mathlib_flt_infnan2)
    __mathlib_flt_invalid                    0x00004bdf   Thumb Code    12  funder.o(i.__mathlib_flt_invalid)
    __mathlib_flt_underflow                  0x00004beb   Thumb Code    14  funder.o(i.__mathlib_flt_underflow)
    __read_errno                             0x00004bf9   Thumb Code     6  errno.o(i.__read_errno)
    __scatterload_copy                       0x00004c09   Thumb Code    14  handlers.o(i.__scatterload_copy)
    __scatterload_null                       0x00004c19   Thumb Code     2  handlers.o(i.__scatterload_null)
    __scatterload_zeroinit                   0x00004c21   Thumb Code    14  handlers.o(i.__scatterload_zeroinit)
    __set_errno                              0x00004c31   Thumb Code     6  errno.o(i.__set_errno)
    _is_digit                                0x00004db1   Thumb Code    14  scanf_fp.o(i._is_digit)
    asinf                                    0x00005505   Thumb Code   242  asinf.o(i.asinf)
    atan2f                                   0x0000561d   Thumb Code   592  atan2f.o(i.atan2f)
    atof                                     0x000058b9   Thumb Code    44  atof.o(i.atof)
    sqrtf                                    0x000058e5   Thumb Code    44  sqrtf.o(i.sqrtf)
    __ctype_categories                       0x00005910   Data          64  ctype_c.o(.constdata)
    OLED_F6x8_Hope                           0x00005950   Data         570  oled_font.o(.rodata.OLED_F6x8_Hope)
    OLED_F6x8_Regret                         0x00005b8a   Data         570  oled_font.o(.rodata.OLED_F6x8_Regret)
    OLED_F8x16_Hope                          0x00005dc4   Data        1520  oled_font.o(.rodata.OLED_F8x16_Hope)
    OLED_F8x16_Regret                        0x000063b4   Data        1520  oled_font.o(.rodata.OLED_F8x16_Regret)
    buzzertask_Menupage                      0x00006a08   Data          24  menu.o(.rodata.buzzertask_Menupage)
    debug_Menupage                           0x00006a44   Data          24  menu.o(.rodata.debug_Menupage)
    encoder_Menupage                         0x00006a5c   Data          24  menu.o(.rodata.encoder_Menupage)
    imu660rb_Menupage                        0x00006b44   Data          24  menu.o(.rodata.imu660rb_Menupage)
    ledtask_Menupage                         0x00006b80   Data          24  menu.o(.rodata.ledtask_Menupage)
    root_Menupage                            0x00006bbc   Data          24  menu.o(.rodata.root_Menupage)
    setting_Menupage                         0x00006bec   Data          24  menu.o(.rodata.setting_Menupage)
    speedlop_Menupage                        0x00006c1c   Data          24  menu.o(.rodata.speedlop_Menupage)
    task_Menupage                            0x00006d58   Data          24  menu.o(.rodata.task_Menupage)
    track_Menupage                           0x00006d70   Data          24  menu.o(.rodata.track_Menupage)
    tracklop_Menupage                        0x00006da0   Data          24  menu.o(.rodata.tracklop_Menupage)
    Region$$Table$$Base                      0x00006db8   Number         0  anon$$obj.o(Region$$Table)
    Region$$Table$$Limit                     0x00006dd8   Number         0  anon$$obj.o(Region$$Table)
    QEI_info                                 0x20200004   Data          48  bsp_qei.o(.data.QEI_info)
    bsp_key_param                            0x20200034   Data         120  key_device.o(.data.bsp_key_param)
    bsp_track_param                          0x202000ac   Data          56  track_device.o(.data.bsp_track_param)
    last_coord                               0x202000e4   Data           4  track_device.o(.data.last_coord)
    menu_staticrefreshstate                  0x202000e8   Data           1  menu_states.o(.data.menu_staticrefreshstate)
    moror_dir_param                          0x202000ec   Data          32  motor_device.o(.data.moror_dir_param)
    motor_param                              0x2020010c   Data          48  motor_device.o(.data.motor_param)
    DataRecive_isok                          0x20200140   Data           1  bsp_uart.o(.bss.DataRecive_isok)
    IMU660RB_Data                            0x20200144   Data          28  imu660rb_device.o(.bss.IMU660RB_Data)
    IMU660RB_RawData                         0x20200160   Data          14  imu660rb_driver.o(.bss.IMU660RB_RawData)
    IMU660RB_config                          0x20200170   Data          16  imu660rb_driver.o(.bss.IMU660RB_config)
    IMU660RB_off                             0x20200180   Data          28  imu660rb_device.o(.bss.IMU660RB_off)
    Mahony_Euler                             0x202001a0   Data          12  mahony.o(.bss.Mahony_Euler)
    Mahony_param                             0x202001ac   Data          36  mahony.o(.bss.Mahony_param)
    PID_CtrlMode                             0x202001d4   Data           1  pid_task.o(.bss.PID_CtrlMode)
    PID_Tunebuffer                           0x202001d5   Data          64  pid.o(.bss.PID_Tunebuffer)
    PID_anglelop                             0x20200218   Data          68  pid_task.o(.bss.PID_anglelop)
    PID_motor1                               0x2020025c   Data          68  pid_task.o(.bss.PID_motor1)
    PID_motor2                               0x202002a0   Data          68  pid_task.o(.bss.PID_motor2)
    PID_track                                0x202002e4   Data          68  pid_task.o(.bss.PID_track)
    Track_Flag                               0x20200330   Data           4  track_device.o(.bss.Track_Flag)
    coord                                    0x20200338   Data           4  track_device.o(.bss.coord)
    debug_buzzer                             0x2020033c   Data           1  task_app.o(.bss.debug_buzzer)
    debug_led                                0x2020033d   Data           1  task_app.o(.bss.debug_led)
    encoder_info                             0x20200340   Data          16  encoder_device.o(.bss.encoder_info)
    gIMU_TIMERBackup                         0x20200350   Data         160  ti_msp_dl_config.o(.bss.gIMU_TIMERBackup)
    gPID_TIMERBackup                         0x202003f0   Data         188  ti_msp_dl_config.o(.bss.gPID_TIMERBackup)
    gencoder_qeiBackup                       0x202004ac   Data         160  ti_msp_dl_config.o(.bss.gencoder_qeiBackup)
    gmotor_pwmBackup                         0x2020054c   Data         188  ti_msp_dl_config.o(.bss.gmotor_pwmBackup)
    menu_context                             0x20200608   Data           8  menu_states.o(.bss.menu_context)
    menu_statemachine                        0x20200610   Data           1  menu_states.o(.bss.menu_statemachine)
    now_qeigroup                             0x20200611   Data           1  bsp_qei.o(.bss.now_qeigroup)
    qty                                      0x20200612   Data           1  track_device.o(.bss.qty)
    track_position                           0x20200613   Data           7  track_device.o(.bss.track_position)
    uwTick                                   0x2020061c   Data           4  main.o(.bss.uwTick)
    __initial_sp                             0x20204620   Data           0  startup_mspm0g350x_uvision.o(STACK)



==============================================================================

Memory Map of the image

  Image Entry point : 0x000000c1

  Load Region LR_IROM1 (Base: 0x00000000, Size: 0x00006f18, Max: 0x00020000, ABSOLUTE, COMPRESSED[0x00006e50])

    Execution Region ER_IROM1 (Exec base: 0x00000000, Load base: 0x00000000, Size: 0x00006dd8, Max: 0x00020000, ABSOLUTE)

    Exec Addr    Load Addr    Size         Type   Attr      Idx    E Section Name        Object

    0x00000000   0x00000000   0x000000c0   Data   RO           15    RESET               startup_mspm0g350x_uvision.o
    0x000000c0   0x000000c0   0x00000000   Code   RO          862  * .ARM.Collect$$$$00000000  mc_p.l(entry.o)
    0x000000c0   0x000000c0   0x00000004   Code   RO          945    .ARM.Collect$$$$00000001  mc_p.l(entry2.o)
    0x000000c4   0x000000c4   0x00000004   Code   RO          948    .ARM.Collect$$$$00000004  mc_p.l(entry5.o)
    0x000000c8   0x000000c8   0x00000000   Code   RO          950    .ARM.Collect$$$$00000008  mc_p.l(entry7b.o)
    0x000000c8   0x000000c8   0x00000000   Code   RO          952    .ARM.Collect$$$$0000000A  mc_p.l(entry8b.o)
    0x000000c8   0x000000c8   0x00000008   Code   RO          953    .ARM.Collect$$$$0000000B  mc_p.l(entry9a.o)
    0x000000d0   0x000000d0   0x00000000   Code   RO          955    .ARM.Collect$$$$0000000D  mc_p.l(entry10a.o)
    0x000000d0   0x000000d0   0x00000000   Code   RO          957    .ARM.Collect$$$$0000000F  mc_p.l(entry11a.o)
    0x000000d0   0x000000d0   0x00000004   Code   RO          946    .ARM.Collect$$$$00002712  mc_p.l(entry2.o)
    0x000000d4   0x000000d4   0x00000014   Code   RO           16    .text               startup_mspm0g350x_uvision.o
    0x000000e8   0x000000e8   0x00000024   Code   RO          871    .text               mc_p.l(memseta.o)
    0x0000010c   0x0000010c   0x00000014   Code   RO          873    .text               mc_p.l(strchr.o)
    0x00000120   0x00000120   0x0000001c   Code   RO          875    .text               mc_p.l(strcmp.o)
    0x0000013c   0x0000013c   0x000000b2   Code   RO          905    .text               mf_p.l(fadd.o)
    0x000001ee   0x000001ee   0x0000007a   Code   RO          907    .text               mf_p.l(fmul.o)
    0x00000268   0x00000268   0x0000007c   Code   RO          909    .text               mf_p.l(fdiv.o)
    0x000002e4   0x000002e4   0x000000d0   Code   RO          911    .text               mf_p.l(dmul.o)
    0x000003b4   0x000003b4   0x0000001c   Code   RO          913    .text               mf_p.l(fcmple.o)
    0x000003d0   0x000003d0   0x0000001c   Code   RO          915    .text               mf_p.l(fcmpge.o)
    0x000003ec   0x000003ec   0x0000001c   Code   RO          917    .text               mf_p.l(fcmpgt.o)
    0x00000408   0x00000408   0x0000001c   Code   RO          919    .text               mf_p.l(fcmpeq.o)
    0x00000424   0x00000424   0x00000016   Code   RO          921    .text               mf_p.l(fflti.o)
    0x0000043a   0x0000043a   0x00000032   Code   RO          923    .text               mf_p.l(ffixi.o)
    0x0000046c   0x0000046c   0x00000028   Code   RO          925    .text               mf_p.l(f2d.o)
    0x00000494   0x00000494   0x00000038   Code   RO          927    .text               mf_p.l(d2f.o)
    0x000004cc   0x000004cc   0x0000003e   Code   RO          964    .text               mc_p.l(uidiv_div0.o)
    0x0000050a   0x0000050a   0x00000060   Code   RO          970    .text               mc_p.l(uldiv.o)
    0x0000056a   0x0000056a   0x00000002   PAD
    0x0000056c   0x0000056c   0x000000b4   Code   RO          979    .text               mc_p.l(strtod.o)
    0x00000620   0x00000620   0x00000000   Code   RO          981    .text               mc_p.l(iusefp.o)
    0x00000620   0x00000620   0x00000082   Code   RO          982    .text               mf_p.l(fepilogue.o)
    0x000006a2   0x000006a2   0x00000018   Code   RO          984    .text               mf_p.l(fscalb.o)
    0x000006ba   0x000006ba   0x00000058   Code   RO          986    .text               mf_p.l(fsqrt.o)
    0x00000712   0x00000712   0x000000be   Code   RO          988    .text               mf_p.l(depilogue.o)
    0x000007d0   0x000007d0   0x00000164   Code   RO          992    .text               mf_p.l(dadd.o)
    0x00000934   0x00000934   0x000000f0   Code   RO          994    .text               mf_p.l(ddiv.o)
    0x00000a24   0x00000a24   0x00000040   Code   RO          996    .text               mf_p.l(dfixul.o)
    0x00000a64   0x00000a64   0x00000028   Code   RO          998    .text               mf_p.l(cdrcmple.o)
    0x00000a8c   0x00000a8c   0x00000004   PAD
    0x00000a90   0x00000a90   0x00000030   Code   RO         1000    .text               mc_p.l(init.o)
    0x00000ac0   0x00000ac0   0x00000020   Code   RO         1002    .text               mc_p.l(llshl.o)
    0x00000ae0   0x00000ae0   0x00000022   Code   RO         1004    .text               mc_p.l(llushr.o)
    0x00000b02   0x00000b02   0x00000026   Code   RO         1006    .text               mc_p.l(llsshr.o)
    0x00000b28   0x00000b28   0x0000000e   Code   RO         1008    .text               mc_p.l(isspace_c.o)
    0x00000b36   0x00000b36   0x00000002   PAD
    0x00000b38   0x00000b38   0x00000374   Code   RO         1010    .text               mc_p.l(scanf_fp.o)
    0x00000eac   0x00000eac   0x00000044   Code   RO         1014    .text               mc_p.l(_sgetc.o)
    0x00000ef0   0x00000ef0   0x00000030   Code   RO         1016    .text               mc_p.l(llmul.o)
    0x00000f20   0x00000f20   0x00000024   Code   RO         1018    .text               mc_p.l(ctype_c.o)
    0x00000f44   0x00000f44   0x0000001c   Code   RO         1021    .text               mf_p.l(dfltul.o)
    0x00000f60   0x00000f60   0x0000003a   Code   RO         1031    .text               mc_p.l(__dczerorl.o)
    0x00000f9a   0x00000f9a   0x0000000a   Code   RO          633    .text.DL_Common_delayCycles  driverlib.a(dl_common.o)
    0x00000fa4   0x00000fa4   0x00000028   Code   RO          145    .text.DL_Common_updateReg  ti_msp_dl_config.o
    0x00000fcc   0x00000fcc   0x00000028   Code   RO          245    .text.DL_Common_updateReg  bsp_i2c.o
    0x00000ff4   0x00000ff4   0x00000014   Code   RO           87    .text.DL_GPIO_clearPins  ti_msp_dl_config.o
    0x00001008   0x00001008   0x00000014   Code   RO          399    .text.DL_GPIO_clearPins  motor_device.o
    0x0000101c   0x0000101c   0x00000014   Code   RO          571    .text.DL_GPIO_clearPins  task_app.o
    0x00001030   0x00001030   0x00000018   Code   RO           79    .text.DL_GPIO_enableHiZ  ti_msp_dl_config.o
    0x00001048   0x00001048   0x00000018   Code   RO           73    .text.DL_GPIO_enableOutput  ti_msp_dl_config.o
    0x00001060   0x00001060   0x00000014   Code   RO           61    .text.DL_GPIO_enablePower  ti_msp_dl_config.o
    0x00001074   0x00001074   0x00000030   Code   RO           83    .text.DL_GPIO_initDigitalInputFeatures  ti_msp_dl_config.o
    0x000010a4   0x000010a4   0x00000014   Code   RO           81    .text.DL_GPIO_initDigitalOutput  ti_msp_dl_config.o
    0x000010b8   0x000010b8   0x00000014   Code   RO           69    .text.DL_GPIO_initPeripheralAnalogFunction  ti_msp_dl_config.o
    0x000010cc   0x000010cc   0x00000018   Code   RO           75    .text.DL_GPIO_initPeripheralInputFunction  ti_msp_dl_config.o
    0x000010e4   0x000010e4   0x00000018   Code   RO          277    .text.DL_GPIO_initPeripheralInputFunction  bsp_qei.o
    0x000010fc   0x000010fc   0x00000038   Code   RO           77    .text.DL_GPIO_initPeripheralInputFunctionFeatures  ti_msp_dl_config.o
    0x00001134   0x00001134   0x0000001c   Code   RO           71    .text.DL_GPIO_initPeripheralOutputFunction  ti_msp_dl_config.o
    0x00001150   0x00001150   0x00000016   Code   RO          362    .text.DL_GPIO_readPins  key_device.o
    0x00001166   0x00001166   0x00000016   Code   RO          412    .text.DL_GPIO_readPins  track_device.o
    0x0000117c   0x0000117c   0x00000010   Code   RO           53    .text.DL_GPIO_reset  ti_msp_dl_config.o
    0x0000118c   0x0000118c   0x00000014   Code   RO           85    .text.DL_GPIO_setPins  ti_msp_dl_config.o
    0x000011a0   0x000011a0   0x00000014   Code   RO          397    .text.DL_GPIO_setPins  motor_device.o
    0x000011b4   0x000011b4   0x00000018   Code   RO          573    .text.DL_GPIO_setPins  task_app.o
    0x000011cc   0x000011cc   0x00000018   Code   RO          575    .text.DL_GPIO_togglePins  task_app.o
    0x000011e4   0x000011e4   0x00000018   Code   RO          121    .text.DL_I2C_enableAnalogGlitchFilter  ti_msp_dl_config.o
    0x000011fc   0x000011fc   0x00000014   Code   RO          133    .text.DL_I2C_enableController  ti_msp_dl_config.o
    0x00001210   0x00001210   0x00000018   Code   RO          131    .text.DL_I2C_enableControllerClockStretching  ti_msp_dl_config.o
    0x00001228   0x00001228   0x00000018   Code   RO           65    .text.DL_I2C_enablePower  ti_msp_dl_config.o
    0x00001240   0x00001240   0x0000002c   Code   RO          646    .text.DL_I2C_fillControllerTXFIFO  driverlib.a(dl_i2c.o)
    0x0000126c   0x0000126c   0x00000024   Code   RO          648    .text.DL_I2C_flushControllerTXFIFO  driverlib.a(dl_i2c.o)
    0x00001290   0x00001290   0x00000014   Code   RO          243    .text.DL_I2C_receiveControllerData  bsp_i2c.o
    0x000012a4   0x000012a4   0x00000018   Code   RO           57    .text.DL_I2C_reset  ti_msp_dl_config.o
    0x000012bc   0x000012bc   0x00000010   Code   RO          123    .text.DL_I2C_resetControllerTransfer  ti_msp_dl_config.o
    0x000012cc   0x000012cc   0x00000026   Code   RO          119    .text.DL_I2C_setAnalogGlitchFilterPulseWidth  ti_msp_dl_config.o
    0x000012f2   0x000012f2   0x00000026   Code   RO          642    .text.DL_I2C_setClockConfig  driverlib.a(dl_i2c.o)
    0x00001318   0x00001318   0x00000024   Code   RO          129    .text.DL_I2C_setControllerRXFIFOThreshold  ti_msp_dl_config.o
    0x0000133c   0x0000133c   0x00000028   Code   RO          127    .text.DL_I2C_setControllerTXFIFOThreshold  ti_msp_dl_config.o
    0x00001364   0x00001364   0x00000018   Code   RO          125    .text.DL_I2C_setTimerPeriod  ti_msp_dl_config.o
    0x0000137c   0x0000137c   0x00000050   Code   RO          239    .text.DL_I2C_startControllerTransfer  bsp_i2c.o
    0x000013cc   0x000013cc   0x000000c0   Code   RO          815    .text.DL_SYSCTL_configSYSPLL  driverlib.a(dl_sysctl_mspm0g1x0x_g3x0x.o)
    0x0000148c   0x0000148c   0x0000000c   Code   RO           95    .text.DL_SYSCTL_disableHFXT  ti_msp_dl_config.o
    0x00001498   0x00001498   0x00000014   Code   RO           97    .text.DL_SYSCTL_disableSYSPLL  ti_msp_dl_config.o
    0x000014ac   0x000014ac   0x00000010   Code   RO          101    .text.DL_SYSCTL_enableMFCLK  ti_msp_dl_config.o
    0x000014bc   0x000014bc   0x00000018   Code   RO           89    .text.DL_SYSCTL_setBORThreshold  ti_msp_dl_config.o
    0x000014d4   0x000014d4   0x0000001c   Code   RO           91    .text.DL_SYSCTL_setFlashWaitState  ti_msp_dl_config.o
    0x000014f0   0x000014f0   0x00000050   Code   RO          829    .text.DL_SYSCTL_setHFCLKSourceHFXTParams  driverlib.a(dl_sysctl_mspm0g1x0x_g3x0x.o)
    0x00001540   0x00001540   0x0000001c   Code   RO           93    .text.DL_SYSCTL_setSYSOSCFreq  ti_msp_dl_config.o
    0x0000155c   0x0000155c   0x00000018   Code   RO           99    .text.DL_SYSCTL_setULPCLKDivider  ti_msp_dl_config.o
    0x00001574   0x00001574   0x00000028   Code   RO          823    .text.DL_SYSCTL_switchMCLKfromSYSOSCtoHSCLK  driverlib.a(dl_sysctl_mspm0g1x0x_g3x0x.o)
    0x0000159c   0x0000159c   0x0000004c   Code   RO          109    .text.DL_Timer_configQEI  ti_msp_dl_config.o
    0x000015e8   0x000015e8   0x00000014   Code   RO          105    .text.DL_Timer_enableClock  ti_msp_dl_config.o
    0x000015fc   0x000015fc   0x00000018   Code   RO          115    .text.DL_Timer_enableInterrupt  ti_msp_dl_config.o
    0x00001614   0x00001614   0x00000014   Code   RO           63    .text.DL_Timer_enablePower  ti_msp_dl_config.o
    0x00001628   0x00001628   0x00000012   Code   RO          536    .text.DL_Timer_getPendingInterrupt  ti_msp_nvic.o
    0x0000163a   0x0000163a   0x00000010   Code   RO          271    .text.DL_Timer_getTimerCount  bsp_qei.o
    0x0000164a   0x0000164a   0x00000002   PAD
    0x0000164c   0x0000164c   0x00000108   Code   RO          754    .text.DL_Timer_initFourCCPWMMode  driverlib.a(dl_timer.o)
    0x00001754   0x00001754   0x000000e8   Code   RO          678    .text.DL_Timer_initTimerMode  driverlib.a(dl_timer.o)
    0x0000183c   0x0000183c   0x00000010   Code   RO           55    .text.DL_Timer_reset  ti_msp_dl_config.o
    0x0000184c   0x0000184c   0x00000014   Code   RO          107    .text.DL_Timer_setCCPDirection  ti_msp_dl_config.o
    0x00001860   0x00001860   0x0000001c   Code   RO          720    .text.DL_Timer_setCaptCompUpdateMethod  driverlib.a(dl_timer.o)
    0x0000187c   0x0000187c   0x00000018   Code   RO          728    .text.DL_Timer_setCaptureCompareOutCtl  driverlib.a(dl_timer.o)
    0x00001894   0x00001894   0x00000010   Code   RO          680    .text.DL_Timer_setCaptureCompareValue  driverlib.a(dl_timer.o)
    0x000018a4   0x000018a4   0x0000001c   Code   RO          674    .text.DL_Timer_setClockConfig  driverlib.a(dl_timer.o)
    0x000018c0   0x000018c0   0x00000038   Code   RO          103    .text.DL_Timer_setCounterControl  ti_msp_dl_config.o
    0x000018f8   0x000018f8   0x00000018   Code   RO          111    .text.DL_Timer_setLoadValue  ti_msp_dl_config.o
    0x00001910   0x00001910   0x00000014   Code   RO          275    .text.DL_Timer_setTimerCount  bsp_qei.o
    0x00001924   0x00001924   0x00000018   Code   RO          113    .text.DL_Timer_startCounter  ti_msp_dl_config.o
    0x0000193c   0x0000193c   0x00000016   Code   RO          141    .text.DL_UART_enable  ti_msp_dl_config.o
    0x00001952   0x00001952   0x00000002   PAD
    0x00001954   0x00001954   0x0000001c   Code   RO          139    .text.DL_UART_enableInterrupt  ti_msp_dl_config.o
    0x00001970   0x00001970   0x00000018   Code   RO           67    .text.DL_UART_enablePower  ti_msp_dl_config.o
    0x00001988   0x00001988   0x00000012   Code   RO          542    .text.DL_UART_getPendingInterrupt  ti_msp_nvic.o
    0x0000199a   0x0000199a   0x00000002   PAD
    0x0000199c   0x0000199c   0x00000048   Code   RO          775    .text.DL_UART_init  driverlib.a(dl_uart.o)
    0x000019e4   0x000019e4   0x00000014   Code   RO          544    .text.DL_UART_receiveData  ti_msp_nvic.o
    0x000019f8   0x000019f8   0x00000018   Code   RO           59    .text.DL_UART_reset  ti_msp_dl_config.o
    0x00001a10   0x00001a10   0x0000004c   Code   RO          137    .text.DL_UART_setBaudRateDivisor  ti_msp_dl_config.o
    0x00001a5c   0x00001a5c   0x00000012   Code   RO          777    .text.DL_UART_setClockConfig  driverlib.a(dl_uart.o)
    0x00001a6e   0x00001a6e   0x0000001e   Code   RO          135    .text.DL_UART_setOversampling  ti_msp_dl_config.o
    0x00001a8c   0x00001a8c   0x00000014   Code   RO            4    .text.DL_WWDT_disablePower  empty.o
    0x00001aa0   0x00001aa0   0x00000044   Code   RO          383    .text.Encoder_GetSpeed  encoder_device.o
    0x00001ae4   0x00001ae4   0x00000044   Code   RO          381    .text.Encoder_Getlaps  encoder_device.o
    0x00001b28   0x00001b28   0x00000010   Code   RO          377    .text.Encoder_NVICCallBckeEntery  encoder_device.o
    0x00001b38   0x00001b38   0x0000004c   Code   RO          237    .text.I2C_WaitIdle  bsp_i2c.o
    0x00001b84   0x00001b84   0x00000074   Code   RO          303    .text.IMU660RB_Init  imu660rb_driver.o
    0x00001bf8   0x00001bf8   0x0000016c   Code   RO          347    .text.IMU660RB_ProcessData  imu660rb_device.o
    0x00001d64   0x00001d64   0x00000048   Code   RO          309    .text.IMU660RB_ReadRegister  imu660rb_driver.o
    0x00001dac   0x00001dac   0x00000038   Code   RO          311    .text.IMU660RB_ReadRegister_Byte  imu660rb_driver.o
    0x00001de4   0x00001de4   0x000000e0   Code   RO          345    .text.IMU660RB_Start  imu660rb_device.o
    0x00001ec4   0x00001ec4   0x00000080   Code   RO          307    .text.IMU660RB_Update  imu660rb_driver.o
    0x00001f44   0x00001f44   0x00000028   Code   RO          305    .text.IMU660RB_WriteRegister  imu660rb_driver.o
    0x00001f6c   0x00001f6c   0x0000020c   Code   RO          360    .text.Key_CheckStates  key_device.o
    0x00002178   0x00002178   0x000001b4   Code   RO          203    .text.Mahony_GetEuler  mahony.o
    0x0000232c   0x0000232c   0x0000002c   Code   RO          199    .text.Mahony_Init   mahony.o
    0x00002358   0x00002358   0x00000010   Code   RO          201    .text.Mahony_NVICCallBckeEntery  mahony.o
    0x00002368   0x00002368   0x000004b8   Code   RO          205    .text.Mahony_Update  mahony.o
    0x00002820   0x00002820   0x00000024   Code   RO          512    .text.Menu_BackFatherMenu  menu_states.o
    0x00002844   0x00002844   0x00000008   Code   RO          443    .text.Menu_ContorlDown  menu.o
    0x0000284c   0x0000284c   0x00000008   Code   RO          451    .text.Menu_ContorlEnter  menu.o
    0x00002854   0x00002854   0x00000008   Code   RO          449    .text.Menu_ContorlLeft  menu.o
    0x0000285c   0x0000285c   0x00000008   Code   RO          447    .text.Menu_ContorlRight  menu.o
    0x00002864   0x00002864   0x00000008   Code   RO          445    .text.Menu_ContorlUp  menu.o
    0x0000286c   0x0000286c   0x00000054   Code   RO          441    .text.Menu_Control  menu.o
    0x000028c0   0x000028c0   0x0000014c   Code   RO          502    .text.Menu_DrawPage  menu_states.o
    0x00002a0c   0x00002a0c   0x00000048   Code   RO          510    .text.Menu_EnterClassMenu  menu_states.o
    0x00002a54   0x00002a54   0x00000040   Code   RO          506    .text.Menu_IndexDown  menu_states.o
    0x00002a94   0x00002a94   0x00000060   Code   RO          508    .text.Menu_IndexUp  menu_states.o
    0x00002af4   0x00002af4   0x00000078   Code   RO          504    .text.Menu_ProcessState  menu_states.o
    0x00002b6c   0x00002b6c   0x0000003c   Code   RO          514    .text.Menu_RunMenuFunction  menu_states.o
    0x00002ba8   0x00002ba8   0x00000018   Code   RO          500    .text.MenustatesMachine_Init  menu_states.o
    0x00002bc0   0x00002bc0   0x00000044   Code   RO          393    .text.Motor_DeviceInit  motor_device.o
    0x00002c04   0x00002c04   0x00000154   Code   RO          395    .text.Motor_SetDuty  motor_device.o
    0x00002d58   0x00002d58   0x0000004c   Code   RO          292    .text.OLED_ClearScreen  oled_driver.o
    0x00002da4   0x00002da4   0x000000d4   Code   RO          294    .text.OLED_Init     oled_driver.o
    0x00002e78   0x00002e78   0x0000003e   Code   RO          326    .text.OLED_Printf_Hope  oled_device.o
    0x00002eb6   0x00002eb6   0x0000003e   Code   RO          330    .text.OLED_Printf_Regret  oled_device.o
    0x00002ef4   0x00002ef4   0x00000040   Code   RO          290    .text.OLED_SetCursor  oled_driver.o
    0x00002f34   0x00002f34   0x000000f0   Code   RO          334    .text.OLED_ShowChar_Hope  oled_device.o
    0x00003024   0x00003024   0x000000f8   Code   RO          336    .text.OLED_ShowChar_Regret  oled_device.o
    0x0000311c   0x0000311c   0x00000056   Code   RO          328    .text.OLED_ShowString_Hope  oled_device.o
    0x00003172   0x00003172   0x00000056   Code   RO          332    .text.OLED_ShowString_Regret  oled_device.o
    0x000031c8   0x000031c8   0x00000084   Code   RO          615    .text.PID_AngleCalc  pid_task.o
    0x0000324c   0x0000324c   0x00000496   Code   RO          220    .text.PID_Calc      pid.o
    0x000036e2   0x000036e2   0x00000002   PAD
    0x000036e4   0x000036e4   0x00000070   Code   RO          613    .text.PID_MotorSetSpeed  pid_task.o
    0x00003754   0x00003754   0x00000014   Code   RO          619    .text.PID_Switch    pid_task.o
    0x00003768   0x00003768   0x00000154   Code   RO          611    .text.PID_Task      pid_task.o
    0x000038bc   0x000038bc   0x000000dc   Code   RO          609    .text.PID_TaskInit  pid_task.o
    0x00003998   0x00003998   0x0000007c   Code   RO          269    .text.QEI_GetCount  bsp_qei.o
    0x00003a14   0x00003a14   0x00000024   Code   RO          349    .text.Radians       imu660rb_device.o
    0x00003a38   0x00003a38   0x00000050   Code   RO           45    .text.SYSCFG_DL_Debug_UART_init  ti_msp_dl_config.o
    0x00003a88   0x00003a88   0x00000040   Code   RO           37    .text.SYSCFG_DL_ENCODER_TIMER_init  ti_msp_dl_config.o
    0x00003ac8   0x00003ac8   0x000001d8   Code   RO           27    .text.SYSCFG_DL_GPIO_init  ti_msp_dl_config.o
    0x00003ca0   0x00003ca0   0x0000003c   Code   RO           35    .text.SYSCFG_DL_IMU_TIMER_init  ti_msp_dl_config.o
    0x00003cdc   0x00003cdc   0x00000054   Code   RO           41    .text.SYSCFG_DL_OLED_init  ti_msp_dl_config.o
    0x00003d30   0x00003d30   0x00000038   Code   RO           39    .text.SYSCFG_DL_PID_TIMER_init  ti_msp_dl_config.o
    0x00003d68   0x00003d68   0x00000050   Code   RO           29    .text.SYSCFG_DL_SYSCTL_init  ti_msp_dl_config.o
    0x00003db8   0x00003db8   0x00000010   Code   RO           47    .text.SYSCFG_DL_SYSTICK_init  ti_msp_dl_config.o
    0x00003dc8   0x00003dc8   0x0000004c   Code   RO           33    .text.SYSCFG_DL_encoder_qei_init  ti_msp_dl_config.o
    0x00003e14   0x00003e14   0x00000054   Code   RO           43    .text.SYSCFG_DL_imu660rb_init  ti_msp_dl_config.o
    0x00003e68   0x00003e68   0x0000005c   Code   RO           23    .text.SYSCFG_DL_init  ti_msp_dl_config.o
    0x00003ec4   0x00003ec4   0x000000b0   Code   RO           25    .text.SYSCFG_DL_initPower  ti_msp_dl_config.o
    0x00003f74   0x00003f74   0x00000094   Code   RO           31    .text.SYSCFG_DL_motor_pwm_init  ti_msp_dl_config.o
    0x00004008   0x00004008   0x00000050   Code   RO          143    .text.SysTick_Config  ti_msp_dl_config.o
    0x00004058   0x00004058   0x00000008   Code   RO          178    .text.SysTick_Handler  main.o
    0x00004060   0x00004060   0x00000020   Code   RO          546    .text.TIMA0_IRQHandler  ti_msp_nvic.o
    0x00004080   0x00004080   0x00000020   Code   RO          538    .text.TIMG0_IRQHandler  ti_msp_nvic.o
    0x000040a0   0x000040a0   0x00000020   Code   RO          534    .text.TIMG6_IRQHandler  ti_msp_nvic.o
    0x000040c0   0x000040c0   0x000000f0   Code   RO          569    .text.TaskProcess_Main  task_app.o
    0x000041b0   0x000041b0   0x000000e0   Code   RO          410    .text.Track_Task    track_device.o
    0x00004290   0x00004290   0x00000034   Code   RO          540    .text.UART0_IRQHandler  ti_msp_nvic.o
    0x000042c4   0x000042c4   0x00000108   Code   RO          224    .text.UART_PIDtuneProcess  pid.o
    0x000043cc   0x000043cc   0x00000060   Code   RO          258    .text.UART_RxPushByte  bsp_uart.o
    0x0000442c   0x0000442c   0x00000014   Code   RO          557    .text.UI_IMUInitMessage  ui_app.o
    0x00004440   0x00004440   0x0000000c   Code   RO          555    .text.UI_Init       ui_app.o
    0x0000444c   0x0000444c   0x00000010   Code   RO          559    .text.UI_Task       ui_app.o
    0x0000445c   0x0000445c   0x00000066   Code   RO          241    .text.WR_Bsp_I2C_ReceiveData  bsp_i2c.o
    0x000044c2   0x000044c2   0x000000b2   Code   RO          235    .text.WR_Bsp_I2C_SendData  bsp_i2c.o
    0x00004574   0x00004574   0x0000003a   Code   RO          176    .text.WR_Delay      main.o
    0x000045ae   0x000045ae   0x00000016   Code   RO          596    .text.WR_FlagRead   wr_flagsystem.o
    0x000045c4   0x000045c4   0x00000010   Code   RO          594    .text.WR_FlagWrite  wr_flagsystem.o
    0x000045d4   0x000045d4   0x00000008   Code   RO          174    .text.WR_GetTick    main.o
    0x000045dc   0x000045dc   0x00000010   Code   RO          172    .text.WR_IncTik     main.o
    0x000045ec   0x000045ec   0x0000002e   Code   RO          364    .text.WR_KeyControlTask  key_device.o
    0x0000461a   0x0000461a   0x00000040   Code   RO          528    .text.WR_NVIC_Init  ti_msp_nvic.o
    0x0000465a   0x0000465a   0x00000002   PAD
    0x0000465c   0x0000465c   0x00000034   Code   RO          288    .text.WR_OLED_SendCmd  oled_driver.o
    0x00004690   0x00004690   0x0000001c   Code   RO          209    .text.__ARM_isfinite  mahony.o
    0x000046ac   0x000046ac   0x00000014   Code   RO          207    .text.__ARM_isfinitef  mahony.o
    0x000046c0   0x000046c0   0x0000002c   Code   RO          530    .text.__NVIC_ClearPendingIRQ  ti_msp_nvic.o
    0x000046ec   0x000046ec   0x0000002c   Code   RO          532    .text.__NVIC_EnableIRQ  ti_msp_nvic.o
    0x00004718   0x00004718   0x00000084   Code   RO          117    .text.__NVIC_SetPriority  ti_msp_dl_config.o
    0x0000479c   0x0000479c   0x00000008   Code   RO          180    .text.assert_failed  main.o
    0x000047a4   0x000047a4   0x00000008   Code   RO          459    .text.buzzer_off    menu.o
    0x000047ac   0x000047ac   0x00000008   Code   RO          461    .text.buzzer_on     menu.o
    0x000047b4   0x000047b4   0x0000000c   Code   RO          463    .text.buzzer_toggle  menu.o
    0x000047c0   0x000047c0   0x00000014   Code   RO          427    .text.default_staticshow  menu.o
    0x000047d4   0x000047d4   0x00000070   Code   RO          379    .text.encoder_Process  encoder_device.o
    0x00004844   0x00004844   0x0000008c   Code   RO          433    .text.encoder_dynamicshow  menu.o
    0x000048d0   0x000048d0   0x00000050   Code   RO          435    .text.encoder_staticshow  menu.o
    0x00004920   0x00004920   0x0000006c   Code   RO          429    .text.imu660rb_dynamicshow  menu.o
    0x0000498c   0x0000498c   0x00000040   Code   RO          431    .text.imu660rb_staticshow  menu.o
    0x000049cc   0x000049cc   0x00000008   Code   RO          453    .text.led_off       menu.o
    0x000049d4   0x000049d4   0x00000008   Code   RO          455    .text.led_on        menu.o
    0x000049dc   0x000049dc   0x0000000c   Code   RO          457    .text.led_toggle    menu.o
    0x000049e8   0x000049e8   0x00000044   Code   RO            2    .text.main          empty.o
    0x00004a2c   0x00004a2c   0x00000080   Code   RO          273    .text.qei_switch    bsp_qei.o
    0x00004aac   0x00004aac   0x0000001c   Code   RO          467    .text.speedlop_off  menu.o
    0x00004ac8   0x00004ac8   0x00000024   Code   RO          465    .text.speedlop_on   menu.o
    0x00004aec   0x00004aec   0x00000028   Code   RO          437    .text.track_dynamicshow  menu.o
    0x00004b14   0x00004b14   0x00000018   Code   RO          439    .text.track_staticshow  menu.o
    0x00004b2c   0x00004b2c   0x0000000c   Code   RO          471    .text.tracklop_off  menu.o
    0x00004b38   0x00004b38   0x00000020   Code   RO          469    .text.tracklop_on   menu.o
    0x00004b58   0x00004b58   0x00000024   Code   RO          884    i.__0vsprintf       mc_p.l(printfa.o)
    0x00004b7c   0x00004b7c   0x0000002e   Code   RO          990    i.__ARM_clz         mf_p.l(depilogue.o)
    0x00004baa   0x00004baa   0x00000022   Code   RO          929    i.__ARM_fpclassifyf  m_ps.l(fpclassifyf.o)
    0x00004bcc   0x00004bcc   0x0000000a   Code   RO          932    i.__mathlib_flt_infnan  m_ps.l(funder.o)
    0x00004bd6   0x00004bd6   0x00000008   Code   RO          933    i.__mathlib_flt_infnan2  m_ps.l(funder.o)
    0x00004bde   0x00004bde   0x0000000c   Code   RO          934    i.__mathlib_flt_invalid  m_ps.l(funder.o)
    0x00004bea   0x00004bea   0x0000000e   Code   RO          937    i.__mathlib_flt_underflow  m_ps.l(funder.o)
    0x00004bf8   0x00004bf8   0x0000000c   Code   RO          973    i.__read_errno      mc_p.l(errno.o)
    0x00004c04   0x00004c04   0x00000004   PAD
    0x00004c08   0x00004c08   0x0000000e   Code   RO         1025    i.__scatterload_copy  mc_p.l(handlers.o)
    0x00004c16   0x00004c16   0x00000002   PAD
    0x00004c18   0x00004c18   0x00000002   Code   RO         1026    i.__scatterload_null  mc_p.l(handlers.o)
    0x00004c1a   0x00004c1a   0x00000006   PAD
    0x00004c20   0x00004c20   0x0000000e   Code   RO         1027    i.__scatterload_zeroinit  mc_p.l(handlers.o)
    0x00004c2e   0x00004c2e   0x00000002   PAD
    0x00004c30   0x00004c30   0x0000000c   Code   RO          974    i.__set_errno       mc_p.l(errno.o)
    0x00004c3c   0x00004c3c   0x00000174   Code   RO          885    i._fp_digits        mc_p.l(printfa.o)
    0x00004db0   0x00004db0   0x0000000e   Code   RO         1012    i._is_digit         mc_p.l(scanf_fp.o)
    0x00004dbe   0x00004dbe   0x00000002   PAD
    0x00004dc0   0x00004dc0   0x000006ec   Code   RO          886    i._printf_core      mc_p.l(printfa.o)
    0x000054ac   0x000054ac   0x00000020   Code   RO          887    i._printf_post_padding  mc_p.l(printfa.o)
    0x000054cc   0x000054cc   0x0000002c   Code   RO          888    i._printf_pre_padding  mc_p.l(printfa.o)
    0x000054f8   0x000054f8   0x0000000a   Code   RO          890    i._sputc            mc_p.l(printfa.o)
    0x00005502   0x00005502   0x00000002   PAD
    0x00005504   0x00005504   0x00000118   Code   RO          847    i.asinf             m_ps.l(asinf.o)
    0x0000561c   0x0000561c   0x0000029c   Code   RO          851    i.atan2f            m_ps.l(atan2f.o)
    0x000058b8   0x000058b8   0x0000002c   Code   RO          855    i.atof              m_ps.l(atof.o)
    0x000058e4   0x000058e4   0x0000002c   Code   RO          859    i.sqrtf             m_ps.l(sqrtf.o)
    0x00005910   0x00005910   0x00000040   Data   RO         1019    .constdata          mc_p.l(ctype_c.o)
    0x00005950   0x00005950   0x0000023a   Data   RO          191    .rodata.OLED_F6x8_Hope  oled_font.o
    0x00005b8a   0x00005b8a   0x0000023a   Data   RO          193    .rodata.OLED_F6x8_Regret  oled_font.o
    0x00005dc4   0x00005dc4   0x000005f0   Data   RO          190    .rodata.OLED_F8x16_Hope  oled_font.o
    0x000063b4   0x000063b4   0x000005f0   Data   RO          192    .rodata.OLED_F8x16_Regret  oled_font.o
    0x000069a4   0x000069a4   0x00000040   Data   RO          316    .rodata.accel_config_table  imu660rb_driver.o
    0x000069e4   0x000069e4   0x00000024   Data   RO          479    .rodata.buzzertask_Menuitem  menu.o
    0x00006a08   0x00006a08   0x00000018   Data   RO          480    .rodata.buzzertask_Menupage  menu.o
    0x00006a20   0x00006a20   0x00000024   Data   RO          481    .rodata.debug_Menuitem  menu.o
    0x00006a44   0x00006a44   0x00000018   Data   RO          482    .rodata.debug_Menupage  menu.o
    0x00006a5c   0x00006a5c   0x00000018   Data   RO          484    .rodata.encoder_Menupage  menu.o
    0x00006a74   0x00006a74   0x00000002   Data   RO          163    .rodata.gDebug_UARTClockConfig  ti_msp_dl_config.o
    0x00006a76   0x00006a76   0x0000000a   Data   RO          164    .rodata.gDebug_UARTConfig  ti_msp_dl_config.o
    0x00006a80   0x00006a80   0x00000003   Data   RO          157    .rodata.gENCODER_TIMERClockConfig  ti_msp_dl_config.o
    0x00006a83   0x00006a83   0x00000001   PAD
    0x00006a84   0x00006a84   0x00000014   Data   RO          158    .rodata.gENCODER_TIMERTimerConfig  ti_msp_dl_config.o
    0x00006a98   0x00006a98   0x00000003   Data   RO          155    .rodata.gIMU_TIMERClockConfig  ti_msp_dl_config.o
    0x00006a9b   0x00006a9b   0x00000001   PAD
    0x00006a9c   0x00006a9c   0x00000014   Data   RO          156    .rodata.gIMU_TIMERTimerConfig  ti_msp_dl_config.o
    0x00006ab0   0x00006ab0   0x00000002   Data   RO          161    .rodata.gOLEDClockConfig  ti_msp_dl_config.o
    0x00006ab2   0x00006ab2   0x00000003   Data   RO          159    .rodata.gPID_TIMERClockConfig  ti_msp_dl_config.o
    0x00006ab5   0x00006ab5   0x00000003   PAD
    0x00006ab8   0x00006ab8   0x00000014   Data   RO          160    .rodata.gPID_TIMERTimerConfig  ti_msp_dl_config.o
    0x00006acc   0x00006acc   0x00000028   Data   RO          151    .rodata.gSYSPLLConfig  ti_msp_dl_config.o
    0x00006af4   0x00006af4   0x00000003   Data   RO          154    .rodata.gencoder_qeiClockConfig  ti_msp_dl_config.o
    0x00006af7   0x00006af7   0x00000002   Data   RO          162    .rodata.gimu660rbClockConfig  ti_msp_dl_config.o
    0x00006af9   0x00006af9   0x00000003   Data   RO          152    .rodata.gmotor_pwmClockConfig  ti_msp_dl_config.o
    0x00006afc   0x00006afc   0x00000008   Data   RO          153    .rodata.gmotor_pwmConfig  ti_msp_dl_config.o
    0x00006b04   0x00006b04   0x00000040   Data   RO          315    .rodata.gyro_config_table  imu660rb_driver.o
    0x00006b44   0x00006b44   0x00000018   Data   RO          483    .rodata.imu660rb_Menupage  menu.o
    0x00006b5c   0x00006b5c   0x00000024   Data   RO          477    .rodata.ledtask_Menuitem  menu.o
    0x00006b80   0x00006b80   0x00000018   Data   RO          478    .rodata.ledtask_Menupage  menu.o
    0x00006b98   0x00006b98   0x00000024   Data   RO          473    .rodata.root_Menuitem  menu.o
    0x00006bbc   0x00006bbc   0x00000018   Data   RO          474    .rodata.root_Menupage  menu.o
    0x00006bd4   0x00006bd4   0x00000018   Data   RO          486    .rodata.setting_Menuitem  menu.o
    0x00006bec   0x00006bec   0x00000018   Data   RO          487    .rodata.setting_Menupage  menu.o
    0x00006c04   0x00006c04   0x00000018   Data   RO          488    .rodata.speedlop_Menuitem  menu.o
    0x00006c1c   0x00006c1c   0x00000018   Data   RO          489    .rodata.speedlop_Menupage  menu.o
    0x00006c34   0x00006c34   0x0000000d   Data   RO          227    .rodata.str1.1      pid.o
    0x00006c41   0x00006c41   0x000000e8   Data   RO          492    .rodata.str1.1      menu.o
    0x00006d29   0x00006d29   0x00000006   Data   RO          519    .rodata.str1.1      menu_states.o
    0x00006d2f   0x00006d2f   0x0000000f   Data   RO          561    .rodata.str1.1      ui_app.o
    0x00006d3e   0x00006d3e   0x00000002   PAD
    0x00006d40   0x00006d40   0x00000018   Data   RO          475    .rodata.task_Menuitem  menu.o
    0x00006d58   0x00006d58   0x00000018   Data   RO          476    .rodata.task_Menupage  menu.o
    0x00006d70   0x00006d70   0x00000018   Data   RO          485    .rodata.track_Menupage  menu.o
    0x00006d88   0x00006d88   0x00000018   Data   RO          490    .rodata.tracklop_Menuitem  menu.o
    0x00006da0   0x00006da0   0x00000018   Data   RO          491    .rodata.tracklop_Menupage  menu.o
    0x00006db8   0x00006db8   0x00000020   Data   RO         1024    Region$$Table       anon$$obj.o


    Execution Region RW_IRAM2 (Exec base: 0x20200000, Load base: 0x00006dd8, Size: 0x00004620, Max: 0x00008000, ABSOLUTE, COMPRESSED[0x00000078])

    Exec Addr    Load Addr    Size         Type   Attr      Idx    E Section Name        Object

    0x20200000   COMPRESSED   0x00000004   Data   RW          975    .data               mc_p.l(errno.o)
    0x20200004   COMPRESSED   0x00000030   Data   RW          279    .data.QEI_info      bsp_qei.o
    0x20200034   COMPRESSED   0x00000078   Data   RW          368    .data.bsp_key_param  key_device.o
    0x202000ac   COMPRESSED   0x00000038   Data   RW          414    .data.bsp_track_param  track_device.o
    0x202000e4   COMPRESSED   0x00000004   Data   RW          418    .data.last_coord    track_device.o
    0x202000e8   COMPRESSED   0x00000001   Data   RW          517    .data.menu_staticrefreshstate  menu_states.o
    0x202000e9   COMPRESSED   0x00000003   PAD
    0x202000ec   COMPRESSED   0x00000020   Data   RW          401    .data.moror_dir_param  motor_device.o
    0x2020010c   COMPRESSED   0x00000030   Data   RW          402    .data.motor_param   motor_device.o
    0x2020013c   COMPRESSED   0x00000004   PAD
    0x20200140        -       0x00000001   Zero   RW          260    .bss.DataRecive_isok  bsp_uart.o
    0x20200141   COMPRESSED   0x00000003   PAD
    0x20200144        -       0x0000001c   Zero   RW          351    .bss.IMU660RB_Data  imu660rb_device.o
    0x20200160        -       0x0000000e   Zero   RW          313    .bss.IMU660RB_RawData  imu660rb_driver.o
    0x2020016e   COMPRESSED   0x00000002   PAD
    0x20200170        -       0x00000010   Zero   RW          314    .bss.IMU660RB_config  imu660rb_driver.o
    0x20200180        -       0x0000001c   Zero   RW          352    .bss.IMU660RB_off   imu660rb_device.o
    0x2020019c        -       0x00000004   Zero   RW          369    .bss.Key_CheckStates.task_next_time_bsp_keytask  key_device.o
    0x202001a0        -       0x0000000c   Zero   RW          212    .bss.Mahony_Euler   mahony.o
    0x202001ac        -       0x00000024   Zero   RW          211    .bss.Mahony_param   mahony.o
    0x202001d0        -       0x00000004   Zero   RW          520    .bss.Menu_DrawPage.task_next_time_refresh_id  menu_states.o
    0x202001d4        -       0x00000001   Zero   RW          621    .bss.PID_CtrlMode   pid_task.o
    0x202001d5        -       0x00000040   Zero   RW          226    .bss.PID_Tunebuffer  pid.o
    0x20200215   COMPRESSED   0x00000003   PAD
    0x20200218        -       0x00000044   Zero   RW          625    .bss.PID_anglelop   pid_task.o
    0x2020025c        -       0x00000044   Zero   RW          622    .bss.PID_motor1     pid_task.o
    0x202002a0        -       0x00000044   Zero   RW          623    .bss.PID_motor2     pid_task.o
    0x202002e4        -       0x00000044   Zero   RW          624    .bss.PID_track      pid_task.o
    0x20200328        -       0x00000004   Zero   RW          580    .bss.TaskProcess_Main.task_next_time_task_buzzertoggle_id  task_app.o
    0x2020032c        -       0x00000004   Zero   RW          579    .bss.TaskProcess_Main.task_next_time_task_ledtoggle_id  task_app.o
    0x20200330        -       0x00000004   Zero   RW          419    .bss.Track_Flag     track_device.o
    0x20200334        -       0x00000001   Zero   RW          261    .bss.UART_RxPushByte.Put_index  bsp_uart.o
    0x20200335   COMPRESSED   0x00000003   PAD
    0x20200338        -       0x00000004   Zero   RW          417    .bss.coord          track_device.o
    0x2020033c        -       0x00000001   Zero   RW          578    .bss.debug_buzzer   task_app.o
    0x2020033d        -       0x00000001   Zero   RW          577    .bss.debug_led      task_app.o
    0x2020033e   COMPRESSED   0x00000002   PAD
    0x20200340        -       0x00000010   Zero   RW          385    .bss.encoder_info   encoder_device.o
    0x20200350        -       0x000000a0   Zero   RW          149    .bss.gIMU_TIMERBackup  ti_msp_dl_config.o
    0x202003f0        -       0x000000bc   Zero   RW          150    .bss.gPID_TIMERBackup  ti_msp_dl_config.o
    0x202004ac        -       0x000000a0   Zero   RW          148    .bss.gencoder_qeiBackup  ti_msp_dl_config.o
    0x2020054c        -       0x000000bc   Zero   RW          147    .bss.gmotor_pwmBackup  ti_msp_dl_config.o
    0x20200608        -       0x00000008   Zero   RW          518    .bss.menu_context   menu_states.o
    0x20200610        -       0x00000001   Zero   RW          516    .bss.menu_statemachine  menu_states.o
    0x20200611        -       0x00000001   Zero   RW          280    .bss.now_qeigroup   bsp_qei.o
    0x20200612        -       0x00000001   Zero   RW          416    .bss.qty            track_device.o
    0x20200613        -       0x00000007   Zero   RW          415    .bss.track_position  track_device.o
    0x2020061a   COMPRESSED   0x00000002   PAD
    0x2020061c        -       0x00000004   Zero   RW          182    .bss.uwTick         main.o
    0x20200620        -       0x00004000   Zero   RW           13    STACK               startup_mspm0g350x_uvision.o



  Load Region LR_BCR (Base: 0x41c00000, Size: 0x00000000, Max: 0x00000100, ABSOLUTE)

    Execution Region BCR_CONFIG (Exec base: 0x41c00000, Load base: 0x41c00000, Size: 0x00000000, Max: 0x000000ff, ABSOLUTE)

    **** No section assigned to this execution region ****



  Load Region LR_BSL (Base: 0x41c00100, Size: 0x00000000, Max: 0x00000100, ABSOLUTE)

    Execution Region BSL_CONFIG (Exec base: 0x41c00100, Load base: 0x41c00100, Size: 0x00000000, Max: 0x00000080, ABSOLUTE)

    **** No section assigned to this execution region ****


==============================================================================

Image component sizes


      Code (inc. data)   RO Data    RW Data    ZI Data      Debug   Object Name

       496         24          0          0          0       4382   bsp_i2c.o
       312         16          0         48          1       4558   bsp_qei.o
        96          8          0          0          2       3252   bsp_uart.o
        88          4          0          0          0       1663   empty.o
       264         16          0          0         16       1601   encoder_device.o
       624         32          0          0         56       1401   imu660rb_device.o
       412         16        128          0         30       5270   imu660rb_driver.o
       592          8          0        120          4       4841   key_device.o
      1752         44          0          0         48       2845   mahony.o
        98          4          0          0          4       1062   main.o
       764        100        736          0          0       5002   menu.o
       804         48          6          1         13       3062   menu_states.o
       448         24          0         80          0       6577   motor_device.o
       784         24          0          0          0       3065   oled_device.o
       404          4          0          0          0       3487   oled_driver.o
         0          0       4180          0          0        635   oled_font.o
      1438         20         13          0         64       3937   pid.o
       824         76          0          0        273       3688   pid_task.o
        20          4        192          0      16384        620   startup_mspm0g350x_uvision.o
       308         28          0          0         10       4420   task_app.o
      2966        256        139          0        696      32809   ti_msp_dl_config.o
       356         28          0          0          0       8167   ti_msp_nvic.o
       246         24          0         60         16       4065   track_device.o
        48          4         15          0          0        665   ui_app.o
        38          0          0          0          0       1485   wr_flagsystem.o

    ----------------------------------------------------------------------
     14192        812       5448        312      17636     112559   Object Totals
         0          0         32          0          0          0   (incl. Generated)
        10          0          7          3         19          0   (incl. Padding)

    ----------------------------------------------------------------------

      Code (inc. data)   RO Data    RW Data    ZI Data      Debug   Library Member Name

        10          0          0          0          0        803   dl_common.o
       118          0          0          0          0       8620   dl_i2c.o
       312         24          0          0          0      12877   dl_sysctl_mspm0g1x0x_g3x0x.o
       592        184          0          0          0      41557   dl_timer.o
        90          8          0          0          0      14163   dl_uart.o
       280         38          0          0          0         76   asinf.o
       668         76          0          0          0        120   atan2f.o
        44          0          0          0          0         76   atof.o
        34          0          0          0          0         60   fpclassifyf.o
        44          0          0          0          0        272   funder.o
        44          0          0          0          0         72   sqrtf.o
        58          0          0          0          0          0   __dczerorl.o
        68          0          0          0          0         76   _sgetc.o
        36          4         64          0          0         60   ctype_c.o
         0          0          0          0          0          0   entry.o
         0          0          0          0          0          0   entry10a.o
         0          0          0          0          0          0   entry11a.o
         8          4          0          0          0          0   entry2.o
         4          0          0          0          0          0   entry5.o
         0          0          0          0          0          0   entry7b.o
         0          0          0          0          0          0   entry8b.o
         8          4          0          0          0          0   entry9a.o
        24         12          0          4          0        120   errno.o
        30          0          0          0          0          0   handlers.o
        48         10          0          0          0         68   init.o
        14          0          0          0          0         68   isspace_c.o
         0          0          0          0          0          0   iusefp.o
        48          0          0          0          0         72   llmul.o
        32          0          0          0          0         68   llshl.o
        38          0          0          0          0         68   llsshr.o
        34          0          0          0          0         68   llushr.o
        36          0          0          0          0        100   memseta.o
      2266         96          0          0          0        460   printfa.o
       898         14          0          0          0        184   scanf_fp.o
        20          0          0          0          0         60   strchr.o
        28          0          0          0          0         68   strcmp.o
       180         18          0          0          0        120   strtod.o
        62          0          0          0          0         72   uidiv_div0.o
        96          0          0          0          0         84   uldiv.o
        40          2          0          0          0         68   cdrcmple.o
        56          0          0          0          0         68   d2f.o
       356          4          0          0          0        140   dadd.o
       240          6          0          0          0         84   ddiv.o
       236          0          0          0          0        216   depilogue.o
        64         10          0          0          0         68   dfixul.o
        28          6          0          0          0         68   dfltul.o
       208          6          0          0          0         88   dmul.o
        40          0          0          0          0         60   f2d.o
       178          0          0          0          0        108   fadd.o
        28          0          0          0          0         60   fcmpeq.o
        28          0          0          0          0         60   fcmpge.o
        28          0          0          0          0         60   fcmpgt.o
        28          0          0          0          0         60   fcmple.o
       124          0          0          0          0         72   fdiv.o
       130          0          0          0          0        144   fepilogue.o
        50          0          0          0          0         60   ffixi.o
        22          0          0          0          0         68   fflti.o
       122          0          0          0          0         72   fmul.o
        24          0          0          0          0         60   fscalb.o
        88          0          0          0          0         72   fsqrt.o

    ----------------------------------------------------------------------
      8416        534         64          4          0      82268   Library Totals
        26          8          0          0          0          0   (incl. Padding)

    ----------------------------------------------------------------------

      Code (inc. data)   RO Data    RW Data    ZI Data      Debug   Library Name

      1122        216          0          0          0      78020   driverlib.a
      1114        114          0          0          0        676   m_ps.l
      4036        162         64          4          0       1816   mc_p.l
      2118         34          0          0          0       1756   mf_p.l

    ----------------------------------------------------------------------
      8416        534         64          4          0      82268   Library Totals

    ----------------------------------------------------------------------

==============================================================================


      Code (inc. data)   RO Data    RW Data    ZI Data      Debug   

     22608       1346       5512        316      17636     192259   Grand Totals
     22608       1346       5512        120      17636     192259   ELF Image Totals (compressed)
     22608       1346       5512        120          0          0   ROM Totals

==============================================================================

    Total RO  Size (Code + RO Data)                28120 (  27.46kB)
    Total RW  Size (RW Data + ZI Data)             17952 (  17.53kB)
    Total ROM Size (Code + RO Data + RW Data)      28240 (  27.58kB)

==============================================================================

